powerbi/fact_sales.csv
date,sku,category,region,units,price,promo_flag,discount_depth,revenue
2023-01-02,OC_TP_PREM,Oral Care,South,2127,107.74,0,0.0,229171.61
2023-01-09,OC_TP_PREM,Oral Care,South,2069,114.7,0,0.0,237306.41
2023-01-16,OC_TP_PREM,Oral Care,South,1807,109.11,0,0.0,197156.34
2023-01-23,OC_TP_PREM,Oral Care,South,2057,114.56,0,0.0,235650.42
2023-01-30,OC_TP_PREM,Oral Care,South,2108,109.93,0,0.0,231729.96
2023-02-06,OC_TP_PREM,Oral Care,South,2030,105.39,0,0.0,213939.11
2023-02-13,OC_TP_PREM,Oral Care,South,2204,105.19,0,0.0,231844.91
2023-02-20,OC_TP_PREM,Oral Care,South,2412,107.04,0,0.0,258175.21
2023-02-27,OC_TP_PREM,Oral Care,South,1986,111.1,0,0.0,220640.76
2023-03-06,OC_TP_PREM,Oral Care,South,2162,101.29,0,0.0,218979.79
2023-03-13,OC_TP_PREM,Oral Care,South,2239,104.45,0,0.0,233870.55
2023-03-20,OC_TP_PREM,Oral Care,South,2011,105.82,0,0.0,212799.15
2023-03-27,OC_TP_PREM,Oral Care,South,2435,94.44,0,0.0,229967.59
2023-04-03,OC_TP_PREM,Oral Care,South,2111,101.89,0,0.0,215079.78
2023-04-10,OC_TP_PREM,Oral Care,South,4892,81.92,1,0.25,400749.81
2023-04-17,OC_TP_PREM,Oral Care,South,3440,83.31,1,0.25,286590.72
2023-04-24,OC_TP_PREM,Oral Care,South,4812,79.22,1,0.25,381224.34
2023-05-01,OC_TP_PREM,Oral Care,South,1811,106.49,0,0.0,192861.03
2023-05-08,OC_TP_PREM,Oral Care,South,1951,107.55,0,0.0,209827.73
2023-05-15,OC_TP_PREM,Oral Care,South,1584,108.82,0,0.0,172364.05
2023-05-22,OC_TP_PREM,Oral Care,South,1665,118.36,0,0.0,197063.84
2023-05-29,OC_TP_PREM,Oral Care,South,1983,108.45,0,0.0,215057.84
2023-06-05,OC_TP_PREM,Oral Care,South,2206,105.04,0,0.0,231712.02
2023-06-12,OC_TP_PREM,Oral Care,South,2283,110.97,0,0.0,253335.68
2023-06-19,OC_TP_PREM,Oral Care,South,1918,102.82,0,0.0,197205.06
2023-06-26,OC_TP_PREM,Oral Care,South,2039,103.07,0,0.0,210156.29
2023-07-03,OC_TP_PREM,Oral Care,South,2344,105.19,0,0.0,246564.7
2023-07-10,OC_TP_PREM,Oral Care,South,2156,110.93,0,0.0,239154.54
2023-07-17,OC_TP_PREM,Oral Care,South,1765,114.71,0,0.0,202466.67
2023-07-24,OC_TP_PREM,Oral Care,South,2276,108.24,0,0.0,246356.94
2023-07-31,OC_TP_PREM,Oral Care,South,1671,108.36,0,0.0,181077.5
2023-08-07,OC_TP_PREM,Oral Care,South,1858,107.81,0,0.0,200317.77
2023-08-14,OC_TP_PREM,Oral Care,South,1959,105.47,0,0.0,206611.47
2023-08-21,OC_TP_PREM,Oral Care,South,2411,107.06,0,0.0,258131.03
2023-08-28,OC_TP_PREM,Oral Care,South,2292,111.35,0,0.0,255217.89
2023-09-04,OC_TP_PREM,Oral Care,South,2129,108.21,0,0.0,230381.08
2023-09-11,OC_TP_PREM,Oral Care,South,2125,105.48,0,0.0,224144.54
2023-09-18,OC_TP_PREM,Oral Care,South,2197,110.67,0,0.0,243133.04
2023-09-25,OC_TP_PREM,Oral Care,South,2233,106.55,0,0.0,237919.44
2023-10-02,OC_TP_PREM,Oral Care,South,2239,108.38,0,0.0,242667.49
2023-10-09,OC_TP_PREM,Oral Care,South,2525,109.25,0,0.0,275865.08
2023-10-16,OC_TP_PREM,Oral Care,South,1779,113.45,0,0.0,201833.43
2023-10-23,OC_TP_PREM,Oral Care,South,2139,105.31,0,0.0,225250.21
2023-10-30,OC_TP_PREM,Oral Care,South,2030,107.53,0,0.0,218287.12
2023-11-06,OC_TP_PREM,Oral Care,South,3842,84.8,1,0.25,325813.86
2023-11-13,OC_TP_PREM,Oral Care,South,4837,80.6,1,0.25,389865.2
2023-11-20,OC_TP_PREM,Oral Care,South,4468,83.98,1,0.25,375236.73
2023-11-27,OC_TP_PREM,Oral Care,South,2634,106.15,0,0.0,279605.86
2023-12-04,OC_TP_PREM,Oral Care,South,1986,110.99,0,0.0,220432.92
2023-12-11,OC_TP_PREM,Oral Care,South,2192,111.02,0,0.0,243359.98
2023-12-18,OC_TP_PREM,Oral Care,South,2075,106.21,0,0.0,220383.09
2023-12-25,OC_TP_PREM,Oral Care,South,2749,104.39,0,0.0,286980.1
2024-01-01,OC_TP_PREM,Oral Care,South,2350,104.88,0,0.0,246461.99
2024-01-08,OC_TP_PREM,Oral Care,South,2463,105.16,0,0.0,259018.81
2024-01-15,OC_TP_PREM,Oral Care,South,2015,117.79,0,0.0,237349.75
2024-01-22,OC_TP_PREM,Oral Care,South,2539,106.9,0,0.0,271420.78
2024-01-29,OC_TP_PREM,Oral Care,South,2426,105.36,0,0.0,255603.5
2024-02-05,OC_TP_PREM,Oral Care,South,2152,113.99,0,0.0,245306.08
2024-02-12,OC_TP_PREM,Oral Care,South,2352,109.55,0,0.0,257656.52
2024-02-19,OC_TP_PREM,Oral Care,South,2341,117.75,0,0.0,275648.54
2024-02-26,OC_TP_PREM,Oral Care,South,2009,110.15,0,0.0,221291.03
2024-03-04,OC_TP_PREM,Oral Care,South,2096,104.44,0,0.0,218915.43
2024-03-11,OC_TP_PREM,Oral Care,South,2312,109.4,0,0.0,252934.88
2024-03-18,OC_TP_PREM,Oral Care,South,2110,114.95,0,0.0,242552.24
2024-03-25,OC_TP_PREM,Oral Care,South,2239,105.03,0,0.0,235156.95
2024-04-01,OC_TP_PREM,Oral Care,South,2139,103.77,0,0.0,221957.8
2024-04-08,OC_TP_PREM,Oral Care,South,2104,105.67,0,0.0,222322.13
2024-04-15,OC_TP_PREM,Oral Care,South,2100,110.56,0,0.0,232168.69
2024-04-22,OC_TP_PREM,Oral Care,South,2296,98.9,0,0.0,227078.45
2024-04-29,OC_TP_PREM,Oral Care,South,1793,117.4,0,0.0,210496.03
2024-05-06,OC_TP_PREM,Oral Care,South,2444,103.0,0,0.0,251719.93
2024-05-13,OC_TP_PREM,Oral Care,South,2351,105.77,0,0.0,248660.97
2024-05-20,OC_TP_PREM,Oral Care,South,2202,104.96,0,0.0,231118.43
2024-05-27,OC_TP_PREM,Oral Care,South,2061,110.05,0,0.0,226817.65
2024-06-03,OC_TP_PREM,Oral Care,South,2579,106.4,0,0.0,274399.17
2024-06-10,OC_TP_PREM,Oral Care,South,2119,108.32,0,0.0,229530.32
2024-06-17,OC_TP_PREM,Oral Care,South,2395,114.09,0,0.0,273255.04
2024-06-24,OC_TP_PREM,Oral Care,South,2649,103.18,0,0.0,273328.12
2024-07-01,OC_TP_PREM,Oral Care,South,1917,111.18,0,0.0,213135.21
2024-07-08,OC_TP_PREM,Oral Care,South,2090,105.72,0,0.0,220961.11
2024-07-15,OC_TP_PREM,Oral Care,South,2440,107.95,0,0.0,263386.52
2024-07-22,OC_TP_PREM,Oral Care,South,2387,104.87,0,0.0,250335.75
2024-07-29,OC_TP_PREM,Oral Care,South,2448,99.96,0,0.0,244709.78
2024-08-05,OC_TP_PREM,Oral Care,South,2394,110.13,0,0.0,263644.73
2024-08-12,OC_TP_PREM,Oral Care,South,2661,106.35,0,0.0,283007.29
2024-08-19,OC_TP_PREM,Oral Care,South,2480,108.0,0,0.0,267837.86
2024-08-26,OC_TP_PREM,Oral Care,South,2218,114.53,0,0.0,254019.98
2024-09-02,OC_TP_PREM,Oral Care,South,2232,110.79,0,0.0,247287.44
2024-09-09,OC_TP_PREM,Oral Care,South,5581,80.85,1,0.25,451199.66
2024-09-16,OC_TP_PREM,Oral Care,South,5401,84.0,1,0.25,453668.25
2024-09-23,OC_TP_PREM,Oral Care,South,5100,80.01,1,0.25,408031.42
2024-09-30,OC_TP_PREM,Oral Care,South,2443,103.36,0,0.0,252516.68
2024-10-07,OC_TP_PREM,Oral Care,South,2881,109.13,0,0.0,314406.9
2024-10-14,OC_TP_PREM,Oral Care,South,2261,107.08,0,0.0,242102.74
2024-10-21,OC_TP_PREM,Oral Care,South,2592,109.64,0,0.0,284193.38
2024-10-28,OC_TP_PREM,Oral Care,South,2565,105.02,0,0.0,269372.29
2024-11-04,OC_TP_PREM,Oral Care,South,2283,119.92,0,0.0,273783.05
2024-11-11,OC_TP_PREM,Oral Care,South,2376,110.71,0,0.0,263057.63
2024-11-18,OC_TP_PREM,Oral Care,South,2687,105.49,0,0.0,283461.67
2024-11-25,OC_TP_PREM,Oral Care,South,2454,104.38,0,0.0,256145.42
2024-12-02,OC_TP_PREM,Oral Care,South,2202,107.45,0,0.0,236615.82
2024-12-09,OC_TP_PREM,Oral Care,South,2977,106.83,0,0.0,318046.43
2024-12-16,OC_TP_PREM,Oral Care,South,2151,108.49,0,0.0,233363.17
2024-12-23,OC_TP_PREM,Oral Care,South,2205,112.37,0,0.0,247783.63
2023-01-02,OC_TP_PREM,Oral Care,West,2197,114.34,0,0.0,251198.23
2023-01-09,OC_TP_PREM,Oral Care,West,2339,114.58,0,0.0,267991.11
2023-01-16,OC_TP_PREM,Oral Care,West,2185,119.4,0,0.0,260892.32
2023-01-23,OC_TP_PREM,Oral Care,West,2004,107.2,0,0.0,214820.66
2023-01-30,OC_TP_PREM,Oral Care,West,1997,117.16,0,0.0,233973.02
2023-02-06,OC_TP_PREM,Oral Care,West,2479,104.48,0,0.0,259008.79
2023-02-13,OC_TP_PREM,Oral Care,West,2121,114.24,0,0.0,242309.54
2023-02-20,OC_TP_PREM,Oral Care,West,2378,104.12,0,0.0,247591.77
2023-02-27,OC_TP_PREM,Oral Care,West,2365,112.34,0,0.0,265688.51
2023-03-06,OC_TP_PREM,Oral Care,West,2435,114.03,0,0.0,277653.89
2023-03-13,OC_TP_PREM,Oral Care,West,1993,115.7,0,0.0,230599.41
2023-03-20,OC_TP_PREM,Oral Care,West,1971,116.81,0,0.0,230234.97
2023-03-27,OC_TP_PREM,Oral Care,West,2433,105.72,0,0.0,257217.84
2023-04-03,OC_TP_PREM,Oral Care,West,1965,114.56,0,0.0,225107.87
2023-04-10,OC_TP_PREM,Oral Care,West,4453,84.64,1,0.25,376915.5
2023-04-17,OC_TP_PREM,Oral Care,West,4441,83.64,1,0.25,371437.87
2023-04-24,OC_TP_PREM,Oral Care,West,4233,82.73,1,0.25,350194.18
2023-05-01,OC_TP_PREM,Oral Care,West,2231,114.63,0,0.0,255745.84
2023-05-08,OC_TP_PREM,Oral Care,West,2325,111.42,0,0.0,259040.38
2023-05-15,OC_TP_PREM,Oral Care,West,2334,106.98,0,0.0,249680.06
2023-05-22,OC_TP_PREM,Oral Care,West,2055,114.78,0,0.0,235865.89
2023-05-29,OC_TP_PREM,Oral Care,West,1739,123.12,0,0.0,214099.8
2023-06-05,OC_TP_PREM,Oral Care,West,1883,122.06,0,0.0,229842.19
2023-06-12,OC_TP_PREM,Oral Care,West,2350,110.46,0,0.0,259586.01
2023-06-19,OC_TP_PREM,Oral Care,West,2234,109.87,0,0.0,245446.61
2023-06-26,OC_TP_PREM,Oral Care,West,2407,112.08,0,0.0,269772.44
2023-07-03,OC_TP_PREM,Oral Care,West,2182,119.7,0,0.0,261194.0
2023-07-10,OC_TP_PREM,Oral Care,West,2313,120.36,0,0.0,278382.63
2023-07-17,OC_TP_PREM,Oral Care,West,2265,114.5,0,0.0,259348.43
2023-07-24,OC_TP_PREM,Oral Care,West,2053,104.26,0,0.0,214037.74
2023-07-31,OC_TP_PREM,Oral Care,West,2465,111.06,0,0.0,273756.23
2023-08-07,OC_TP_PREM,Oral Care,West,1755,112.55,0,0.0,197518.78
2023-08-14,OC_TP_PREM,Oral Care,West,2187,110.94,0,0.0,242616.61
2023-08-21,OC_TP_PREM,Oral Care,West,2246,113.56,0,0.0,255060.71
2023-08-28,OC_TP_PREM,Oral Care,West,2497,116.48,0,0.0,290843.67
2023-09-04,OC_TP_PREM,Oral Care,West,2465,107.33,0,0.0,264564.54
2023-09-11,OC_TP_PREM,Oral Care,West,2366,108.8,0,0.0,257416.29
2023-09-18,OC_TP_PREM,Oral Care,West,2247,114.79,0,0.0,257933.84
2023-09-25,OC_TP_PREM,Oral Care,West,2303,110.19,0,0.0,253768.32
2023-10-02,OC_TP_PREM,Oral Care,West,2743,103.95,0,0.0,285131.62
2023-10-09,OC_TP_PREM,Oral Care,West,2654,111.13,0,0.0,294949.3
2023-10-16,OC_TP_PREM,Oral Care,West,2302,111.24,0,0.0,256073.1
2023-10-23,OC_TP_PREM,Oral Care,West,2470,113.56,0,0.0,280496.33
2023-10-30,OC_TP_PREM,Oral Care,West,2453,115.69,0,0.0,283794.27
2023-11-06,OC_TP_PREM,Oral Care,West,5771,80.68,1,0.25,465599.21
2023-11-13,OC_TP_PREM,Oral Care,West,5649,83.65,1,0.25,472542.47
2023-11-20,OC_TP_PREM,Oral Care,West,5011,90.14,1,0.25,451702.69
2023-11-27,OC_TP_PREM,Oral Care,West,1996,114.63,0,0.0,228798.99
2023-12-04,OC_TP_PREM,Oral Care,West,2495,118.59,0,0.0,295870.96
2023-12-11,OC_TP_PREM,Oral Care,West,2758,108.2,0,0.0,298413.21
2023-12-18,OC_TP_PREM,Oral Care,West,2644,112.22,0,0.0,296707.46
2023-12-25,OC_TP_PREM,Oral Care,West,2400,110.94,0,0.0,266248.35
2024-01-01,OC_TP_PREM,Oral Care,West,2105,121.12,0,0.0,254950.87
2024-01-08,OC_TP_PREM,Oral Care,West,2499,110.96,0,0.0,277296.03
2024-01-15,OC_TP_PREM,Oral Care,West,2879,110.05,0,0.0,316832.66
2024-01-22,OC_TP_PREM,Oral Care,West,2408,111.04,0,0.0,267373.68
2024-01-29,OC_TP_PREM,Oral Care,West,3240,97.13,0,0.0,314702.37
2024-02-05,OC_TP_PREM,Oral Care,West,2093,116.7,0,0.0,244252.74
2024-02-12,OC_TP_PREM,Oral Care,West,2528,112.63,0,0.0,284720.21
2024-02-19,OC_TP_PREM,Oral Care,West,2236,114.53,0,0.0,256093.82
2024-02-26,OC_TP_PREM,Oral Care,West,2710,105.11,0,0.0,284835.26
2024-03-04,OC_TP_PREM,Oral Care,West,2152,118.26,0,0.0,254491.92
2024-03-11,OC_TP_PREM,Oral Care,West,2219,111.89,0,0.0,248276.85
2024-03-18,OC_TP_PREM,Oral Care,West,2425,115.6,0,0.0,280332.67
2024-03-25,OC_TP_PREM,Oral Care,West,2129,114.39,0,0.0,243528.59
2024-04-01,OC_TP_PREM,Oral Care,West,2222,109.47,0,0.0,243244.27
2024-04-08,OC_TP_PREM,Oral Care,West,1878,122.26,0,0.0,229596.06
2024-04-15,OC_TP_PREM,Oral Care,West,1892,119.84,0,0.0,226743.5
2024-04-22,OC_TP_PREM,Oral Care,West,2082,112.08,0,0.0,233348.33
2024-04-29,OC_TP_PREM,Oral Care,West,2039,118.06,0,0.0,240714.25
2024-05-06,OC_TP_PREM,Oral Care,West,2744,108.27,0,0.0,297099.9
2024-05-13,OC_TP_PREM,Oral Care,West,2435,110.02,0,0.0,267902.98
2024-05-20,OC_TP_PREM,Oral Care,West,2323,117.25,0,0.0,272361.77
2024-05-27,OC_TP_PREM,Oral Care,West,2263,112.75,0,0.0,255159.15
2024-06-03,OC_TP_PREM,Oral Care,West,2650,115.75,0,0.0,306724.69
2024-06-10,OC_TP_PREM,Oral Care,West,2394,113.27,0,0.0,271166.38
2024-06-17,OC_TP_PREM,Oral Care,West,1938,108.27,0,0.0,209833.4
2024-06-24,OC_TP_PREM,Oral Care,West,2846,112.35,0,0.0,319747.17
2024-07-01,OC_TP_PREM,Oral Care,West,2078,123.63,0,0.0,256897.84
2024-07-08,OC_TP_PREM,Oral Care,West,2541,118.3,0,0.0,300598.62
2024-07-15,OC_TP_PREM,Oral Care,West,2286,110.43,0,0.0,252440.61
2024-07-22,OC_TP_PREM,Oral Care,West,2632,109.88,0,0.0,289216.42
2024-07-29,OC_TP_PREM,Oral Care,West,2244,120.71,0,0.0,270864.88
2024-08-05,OC_TP_PREM,Oral Care,West,2073,110.42,0,0.0,228895.69
2024-08-12,OC_TP_PREM,Oral Care,West,2116,118.71,0,0.0,251188.87
2024-08-19,OC_TP_PREM,Oral Care,West,2685,111.04,0,0.0,298144.78
2024-08-26,OC_TP_PREM,Oral Care,West,3026,104.28,0,0.0,315552.14
2024-09-02,OC_TP_PREM,Oral Care,West,2778,113.26,0,0.0,314623.92
2024-09-09,OC_TP_PREM,Oral Care,West,5300,81.71,1,0.25,433039.92
2024-09-16,OC_TP_PREM,Oral Care,West,5075,90.83,1,0.25,460979.8
2024-09-23,OC_TP_PREM,Oral Care,West,5369,85.95,1,0.25,461457.52
2024-09-30,OC_TP_PREM,Oral Care,West,2090,113.13,0,0.0,236446.24
2024-10-07,OC_TP_PREM,Oral Care,West,2665,107.76,0,0.0,287174.15
2024-10-14,OC_TP_PREM,Oral Care,West,2357,115.22,0,0.0,271563.45
2024-10-21,OC_TP_PREM,Oral Care,West,2820,112.58,0,0.0,317482.04
2024-10-28,OC_TP_PREM,Oral Care,West,1964,118.92,0,0.0,233560.62
2024-11-04,OC_TP_PREM,Oral Care,West,2442,116.31,0,0.0,284033.72
2024-11-11,OC_TP_PREM,Oral Care,West,2487,110.93,0,0.0,275884.28
2024-11-18,OC_TP_PREM,Oral Care,West,3094,106.79,0,0.0,330412.98
2024-11-25,OC_TP_PREM,Oral Care,West,2704,116.72,0,0.0,315609.49
2024-12-02,OC_TP_PREM,Oral Care,West,2248,119.13,0,0.0,267800.47
2024-12-09,OC_TP_PREM,Oral Care,West,2866,103.32,0,0.0,296125.82
2024-12-16,OC_TP_PREM,Oral Care,West,2967,110.36,0,0.0,327444.57
2024-12-23,OC_TP_PREM,Oral Care,West,2590,117.29,0,0.0,303788.81
