powerbi/fact_sales.csv
date,sku,category,region,units,price,promo_flag,discount_depth,revenue
2023-01-02,OC_TP_PREM,Oral Care,East,1701,105.24,0,0.0,179011.76
2023-01-09,OC_TP_PREM,Oral Care,East,1659,106.38,0,0.0,176490.11
2023-01-16,OC_TP_PREM,Oral Care,East,1733,106.36,0,0.0,184322.68
2023-01-23,OC_TP_PREM,Oral Care,East,1576,108.1,0,0.0,170366.35
2023-01-30,OC_TP_PREM,Oral Care,East,1509,110.01,0,0.0,166001.82
2023-02-06,OC_TP_PREM,Oral Care,East,1609,109.23,0,0.0,175749.93
2023-02-13,OC_TP_PREM,Oral Care,East,1600,104.83,0,0.0,167727.13
2023-02-20,OC_TP_PREM,Oral Care,East,1746,103.78,0,0.0,181193.6
2023-02-27,OC_TP_PREM,Oral Care,East,1535,107.55,0,0.0,165094.01
2023-03-06,OC_TP_PREM,Oral Care,East,1297,115.7,0,0.0,150062.01
2023-03-13,OC_TP_PREM,Oral Care,East,1654,114.57,0,0.0,189499.2
2023-03-20,OC_TP_PREM,Oral Care,East,1611,108.52,0,0.0,174823.21
2023-03-27,OC_TP_PREM,Oral Care,East,1511,113.87,0,0.0,172055.05
2023-04-03,OC_TP_PREM,Oral Care,East,1813,103.42,0,0.0,187507.38
2023-04-10,OC_TP_PREM,Oral Care,East,3309,82.91,1,0.25,274345.95
2023-04-17,OC_TP_PREM,Oral Care,East,3620,80.29,1,0.25,290642.95
2023-04-24,OC_TP_PREM,Oral Care,East,3335,79.26,1,0.25,264341.35
2023-05-01,OC_TP_PREM,Oral Care,East,1594,111.69,0,0.0,178036.65
2023-05-08,OC_TP_PREM,Oral Care,East,1710,107.76,0,0.0,184265.53
2023-05-15,OC_TP_PREM,Oral Care,East,1257,113.15,0,0.0,142231.12
2023-05-22,OC_TP_PREM,Oral Care,East,1505,107.51,0,0.0,161802.09
2023-05-29,OC_TP_PREM,Oral Care,East,1869,108.7,0,0.0,203167.91
2023-06-05,OC_TP_PREM,Oral Care,East,1513,108.92,0,0.0,164797.61
2023-06-12,OC_TP_PREM,Oral Care,East,1775,107.06,0,0.0,190023.86
2023-06-19,OC_TP_PREM,Oral Care,East,1724,106.94,0,0.0,184359.23
2023-06-26,OC_TP_PREM,Oral Care,East,1566,105.34,0,0.0,164967.23
2023-07-03,OC_TP_PREM,Oral Care,East,1820,104.76,0,0.0,190669.74
2023-07-10,OC_TP_PREM,Oral Care,East,1923,110.22,0,0.0,211946.13
2023-07-17,OC_TP_PREM,Oral Care,East,1565,114.29,0,0.0,178868.4
2023-07-24,OC_TP_PREM,Oral Care,East,1770,106.28,0,0.0,188107.74
2023-07-31,OC_TP_PREM,Oral Care,East,1860,103.74,0,0.0,192960.83
2023-08-07,OC_TP_PREM,Oral Care,East,1516,109.74,0,0.0,166368.37
2023-08-14,OC_TP_PREM,Oral Care,East,1757,109.84,0,0.0,192993.78
2023-08-21,OC_TP_PREM,Oral Care,East,1472,108.63,0,0.0,159897.55
2023-08-28,OC_TP_PREM,Oral Care,East,1725,115.06,0,0.0,198482.77
2023-09-04,OC_TP_PREM,Oral Care,East,1763,111.1,0,0.0,195870.43
2023-09-11,OC_TP_PREM,Oral Care,East,1676,106.81,0,0.0,179012.53
2023-09-18,OC_TP_PREM,Oral Care,East,2015,104.82,0,0.0,211209.31
2023-09-25,OC_TP_PREM,Oral Care,East,1653,100.34,0,0.0,165856.58
2023-10-02,OC_TP_PREM,Oral Care,East,1796,111.56,0,0.0,200358.29
2023-10-09,OC_TP_PREM,Oral Care,East,1825,108.4,0,0.0,197838.73
2023-10-16,OC_TP_PREM,Oral Care,East,2107,99.9,0,0.0,210488.34
2023-10-23,OC_TP_PREM,Oral Care,East,1800,104.57,0,0.0,188232.14
2023-10-30,OC_TP_PREM,Oral Care,East,1822,105.71,0,0.0,192612.65
2023-11-06,OC_TP_PREM,Oral Care,East,3564,87.14,1,0.25,310578.69
2023-11-13,OC_TP_PREM,Oral Care,East,4104,81.37,1,0.25,333926.95
2023-11-20,OC_TP_PREM,Oral Care,East,3505,83.3,1,0.25,291965.02
2023-11-27,OC_TP_PREM,Oral Care,East,2135,106.29,0,0.0,226931.77
2023-12-04,OC_TP_PREM,Oral Care,East,1662,107.75,0,0.0,179079.3
2023-12-11,OC_TP_PREM,Oral Care,East,2317,105.56,0,0.0,244581.4
2023-12-18,OC_TP_PREM,Oral Care,East,1834,108.19,0,0.0,198412.01
2023-12-25,OC_TP_PREM,Oral Care,East,1795,104.56,0,0.0,187693.28
2024-01-01,OC_TP_PREM,Oral Care,East,1733,111.12,0,0.0,192570.87
2024-01-08,OC_TP_PREM,Oral Care,East,1760,108.93,0,0.0,191719.31
2024-01-15,OC_TP_PREM,Oral Care,East,2190,105.15,0,0.0,230288.67
2024-01-22,OC_TP_PREM,Oral Care,East,1924,109.01,0,0.0,209728.89
2024-01-29,OC_TP_PREM,Oral Care,East,1951,102.81,0,0.0,200588.43
2024-02-05,OC_TP_PREM,Oral Care,East,1746,111.63,0,0.0,194897.34
2024-02-12,OC_TP_PREM,Oral Care,East,1839,111.29,0,0.0,204655.02
2024-02-19,OC_TP_PREM,Oral Care,East,1834,104.74,0,0.0,192093.2
2024-02-26,OC_TP_PREM,Oral Care,East,1758,99.26,0,0.0,174496.27
2024-03-04,OC_TP_PREM,Oral Care,East,1806,110.19,0,0.0,198994.55
2024-03-11,OC_TP_PREM,Oral Care,East,1836,106.68,0,0.0,195873.59
2024-03-18,OC_TP_PREM,Oral Care,East,2034,100.41,0,0.0,204233.34
2024-03-25,OC_TP_PREM,Oral Care,East,1689,103.22,0,0.0,174334.33
2024-04-01,OC_TP_PREM,Oral Care,East,2028,110.85,0,0.0,224809.04
2024-04-08,OC_TP_PREM,Oral Care,East,1998,103.29,0,0.0,206379.17
2024-04-15,OC_TP_PREM,Oral Care,East,2465,98.98,0,0.0,243977.47
2024-04-22,OC_TP_PREM,Oral Care,East,2011,109.98,0,0.0,221163.49
2024-04-29,OC_TP_PREM,Oral Care,East,2270,100.2,0,0.0,227445.55
2024-05-06,OC_TP_PREM,Oral Care,East,1810,102.83,0,0.0,186122.81
2024-05-13,OC_TP_PREM,Oral Care,East,1690,112.57,0,0.0,190244.0
2024-05-20,OC_TP_PREM,Oral Care,East,2033,107.42,0,0.0,218377.46
2024-05-27,OC_TP_PREM,Oral Care,East,1979,111.0,0,0.0,219674.76
2024-06-03,OC_TP_PREM,Oral Care,East,1742,109.37,0,0.0,190517.2
2024-06-10,OC_TP_PREM,Oral Care,East,2172,101.03,0,0.0,219435.83
2024-06-17,OC_TP_PREM,Oral Care,East,1970,105.08,0,0.0,207013.31
2024-06-24,OC_TP_PREM,Oral Care,East,1875,104.6,0,0.0,196124.86
2024-07-01,OC_TP_PREM,Oral Care,East,1938,107.5,0,0.0,208342.67
2024-07-08,OC_TP_PREM,Oral Care,East,1723,101.41,0,0.0,174725.37
2024-07-15,OC_TP_PREM,Oral Care,East,2021,107.42,0,0.0,217099.02
2024-07-22,OC_TP_PREM,Oral Care,East,1977,109.98,0,0.0,217434.1
2024-07-29,OC_TP_PREM,Oral Care,East,1914,107.12,0,0.0,205023.26
2024-08-05,OC_TP_PREM,Oral Care,East,1752,103.53,0,0.0,181376.9
2024-08-12,OC_TP_PREM,Oral Care,East,1541,109.84,0,0.0,169270.87
2024-08-19,OC_TP_PREM,Oral Care,East,1743,111.23,0,0.0,193866.56
2024-08-26,OC_TP_PREM,Oral Care,East,1697,109.03,0,0.0,185020.44
2024-09-02,OC_TP_PREM,Oral Care,East,2394,99.9,0,0.0,239150.06
2024-09-09,OC_TP_PREM,Oral Care,East,5030,76.77,1,0.25,386135.55
2024-09-16,OC_TP_PREM,Oral Care,East,4587,78.31,1,0.25,359197.18
2024-09-23,OC_TP_PREM,Oral Care,East,4371,77.47,1,0.25,338642.01
2024-09-30,OC_TP_PREM,Oral Care,East,1657,111.26,0,0.0,184356.49
2024-10-07,OC_TP_PREM,Oral Care,East,1637,109.57,0,0.0,179371.81
2024-10-14,OC_TP_PREM,Oral Care,East,2051,106.01,0,0.0,217416.71
2024-10-21,OC_TP_PREM,Oral Care,East,2101,105.49,0,0.0,221644.81
2024-10-28,OC_TP_PREM,Oral Care,East,2031,107.54,0,0.0,218419.71
2024-11-04,OC_TP_PREM,Oral Care,East,2077,101.04,0,0.0,209863.47
2024-11-11,OC_TP_PREM,Oral Care,East,2105,109.37,0,0.0,230231.02
2024-11-18,OC_TP_PREM,Oral Care,East,2074,107.65,0,0.0,223269.31
2024-11-25,OC_TP_PREM,Oral Care,East,2162,105.4,0,0.0,227872.43
2024-12-02,OC_TP_PREM,Oral Care,East,2038,113.53,0,0.0,231375.41
2024-12-09,OC_TP_PREM,Oral Care,East,2385,107.93,0,0.0,257424.76
2024-12-16,OC_TP_PREM,Oral Care,East,1528,110.88,0,0.0,169422.18
2024-12-23,OC_TP_PREM,Oral Care,East,2275,98.98,0,0.0,225187.43
2023-01-02,OC_TP_PREM,Oral Care,Central,1783,111.23,0,0.0,198326.2
2023-01-09,OC_TP_PREM,Oral Care,Central,1820,114.66,0,0.0,208672.6
2023-01-16,OC_TP_PREM,Oral Care,Central,2018,107.17,0,0.0,216275.25
2023-01-23,OC_TP_PREM,Oral Care,Central,2007,103.63,0,0.0,207979.19
2023-01-30,OC_TP_PREM,Oral Care,Central,2225,101.17,0,0.0,225094.5
2023-02-06,OC_TP_PREM,Oral Care,Central,1559,114.96,0,0.0,179221.72
2023-02-13,OC_TP_PREM,Oral Care,Central,1447,117.43,0,0.0,169925.41
2023-02-20,OC_TP_PREM,Oral Care,Central,1615,114.46,0,0.0,184846.99
2023-02-27,OC_TP_PREM,Oral Care,Central,1641,118.97,0,0.0,195223.95
2023-03-06,OC_TP_PREM,Oral Care,Central,1825,109.5,0,0.0,199835.1
2023-03-13,OC_TP_PREM,Oral Care,Central,1740,107.43,0,0.0,186923.51
2023-03-20,OC_TP_PREM,Oral Care,Central,1754,112.21,0,0.0,196815.19
2023-03-27,OC_TP_PREM,Oral Care,Central,1837,108.7,0,0.0,199675.77
2023-04-03,OC_TP_PREM,Oral Care,Central,1775,118.95,0,0.0,211131.88
2023-04-10,OC_TP_PREM,Oral Care,Central,4117,83.44,1,0.25,343504.91
2023-04-17,OC_TP_PREM,Oral Care,Central,3841,85.09,1,0.25,326812.16
2023-04-24,OC_TP_PREM,Oral Care,Central,4116,83.26,1,0.25,342688.12
2023-05-01,OC_TP_PREM,Oral Care,Central,1722,113.84,0,0.0,196033.15
2023-05-08,OC_TP_PREM,Oral Care,Central,1511,112.58,0,0.0,170100.87
2023-05-15,OC_TP_PREM,Oral Care,Central,1713,108.58,0,0.0,185991.62
2023-05-22,OC_TP_PREM,Oral Care,Central,2198,104.64,0,0.0,230007.98
2023-05-29,OC_TP_PREM,Oral Care,Central,1834,105.36,0,0.0,193222.28
2023-06-05,OC_TP_PREM,Oral Care,Central,1678,116.26,0,0.0,195081.31
2023-06-12,OC_TP_PREM,Oral Care,Central,1522,114.35,0,0.0,174040.41
2023-06-19,OC_TP_PREM,Oral Care,Central,1984,109.94,0,0.0,218118.67
2023-06-26,OC_TP_PREM,Oral Care,Central,1730,112.47,0,0.0,194567.44
2023-07-03,OC_TP_PREM,Oral Care,Central,1580,106.89,0,0.0,168891.14
2023-07-10,OC_TP_PREM,Oral Care,Central,1835,109.45,0,0.0,200841.2
2023-07-17,OC_TP_PREM,Oral Care,Central,2203,106.77,0,0.0,235207.53
2023-07-24,OC_TP_PREM,Oral Care,Central,1943,104.55,0,0.0,203141.98
2023-07-31,OC_TP_PREM,Oral Care,Central,1882,102.12,0,0.0,192195.6
2023-08-07,OC_TP_PREM,Oral Care,Central,1815,108.58,0,0.0,197080.9
2023-08-14,OC_TP_PREM,Oral Care,Central,1529,113.29,0,0.0,173215.28
2023-08-21,OC_TP_PREM,Oral Care,Central,2099,104.09,0,0.0,218484.29
2023-08-28,OC_TP_PREM,Oral Care,Central,1856,111.17,0,0.0,206334.73
2023-09-04,OC_TP_PREM,Oral Care,Central,1731,111.44,0,0.0,192906.91
2023-09-11,OC_TP_PREM,Oral Care,Central,2137,107.56,0,0.0,229864.55
2023-09-18,OC_TP_PREM,Oral Care,Central,1722,109.1,0,0.0,187864.58
2023-09-25,OC_TP_PREM,Oral Care,Central,1761,109.15,0,0.0,192208.22
2023-10-02,OC_TP_PREM,Oral Care,Central,2021,107.31,0,0.0,216870.97
2023-10-09,OC_TP_PREM,Oral Care,Central,1701,113.6,0,0.0,193241.19
2023-10-16,OC_TP_PREM,Oral Care,Central,1471,115.39,0,0.0,169737.44
2023-10-23,OC_TP_PREM,Oral Care,Central,1954,111.31,0,0.0,217503.81
2023-10-30,OC_TP_PREM,Oral Care,Central,1993,113.14,0,0.0,225488.21
2023-11-06,OC_TP_PREM,Oral Care,Central,3571,91.97,1,0.25,328407.51
2023-11-13,OC_TP_PREM,Oral Care,Central,4258,81.08,1,0.25,345257.45
2023-11-20,OC_TP_PREM,Oral Care,Central,5445,72.48,1,0.25,394631.13
2023-11-27,OC_TP_PREM,Oral Care,Central,1598,112.41,0,0.0,179632.81
2023-12-04,OC_TP_PREM,Oral Care,Central,2368,109.8,0,0.0,260003.02
2023-12-11,OC_TP_PREM,Oral Care,Central,1857,107.54,0,0.0,199707.84
2023-12-18,OC_TP_PREM,Oral Care,Central,1714,110.96,0,0.0,190191.9
2023-12-25,OC_TP_PREM,Oral Care,Central,2082,111.34,0,0.0,231812.75
2024-01-01,OC_TP_PREM,Oral Care,Central,1813,117.09,0,0.0,212280.25
2024-01-08,OC_TP_PREM,Oral Care,Central,2056,109.32,0,0.0,224765.19
2024-01-15,OC_TP_PREM,Oral Care,Central,2178,103.7,0,0.0,225860.66
2024-01-22,OC_TP_PREM,Oral Care,Central,2173,107.79,0,0.0,234233.45
2024-01-29,OC_TP_PREM,Oral Care,Central,1890,112.94,0,0.0,213450.8
2024-02-05,OC_TP_PREM,Oral Care,Central,1905,108.41,0,0.0,206523.03
2024-02-12,OC_TP_PREM,Oral Care,Central,1980,111.49,0,0.0,220750.77
2024-02-19,OC_TP_PREM,Oral Care,Central,1944,109.03,0,0.0,211963.57
2024-02-26,OC_TP_PREM,Oral Care,Central,2132,110.15,0,0.0,234841.23
2024-03-04,OC_TP_PREM,Oral Care,Central,2006,110.18,0,0.0,221023.16
2024-03-11,OC_TP_PREM,Oral Care,Central,2067,113.2,0,0.0,233993.11
2024-03-18,OC_TP_PREM,Oral Care,Central,1842,116.47,0,0.0,214537.49
2024-03-25,OC_TP_PREM,Oral Care,Central,2018,110.09,0,0.0,222167.3
2024-04-01,OC_TP_PREM,Oral Care,Central,1936,105.48,0,0.0,204211.59
2024-04-08,OC_TP_PREM,Oral Care,Central,2071,107.09,0,0.0,221793.16
2024-04-15,OC_TP_PREM,Oral Care,Central,2058,102.48,0,0.0,210902.8
2024-04-22,OC_TP_PREM,Oral Care,Central,1977,103.37,0,0.0,204367.5
2024-04-29,OC_TP_PREM,Oral Care,Central,1663,113.36,0,0.0,188510.32
2024-05-06,OC_TP_PREM,Oral Care,Central,2377,100.23,0,0.0,238237.06
2024-05-13,OC_TP_PREM,Oral Care,Central,2099,106.92,0,0.0,224435.49
2024-05-20,OC_TP_PREM,Oral Care,Central,2111,112.85,0,0.0,238216.59
2024-05-27,OC_TP_PREM,Oral Care,Central,1919,110.97,0,0.0,212958.2
2024-06-03,OC_TP_PREM,Oral Care,Central,1983,101.7,0,0.0,201663.4
2024-06-10,OC_TP_PREM,Oral Care,Central,1993,110.84,0,0.0,220897.05
2024-06-17,OC_TP_PREM,Oral Care,Central,1772,112.54,0,0.0,199422.17
2024-06-24,OC_TP_PREM,Oral Care,Central,2072,118.0,0,0.0,244488.49
2024-07-01,OC_TP_PREM,Oral Care,Central,1576,114.55,0,0.0,180524.32
2024-07-08,OC_TP_PREM,Oral Care,Central,2231,115.6,0,0.0,257893.55
2024-07-15,OC_TP_PREM,Oral Care,Central,1787,112.05,0,0.0,200229.41
2024-07-22,OC_TP_PREM,Oral Care,Central,2231,107.8,0,0.0,240496.74
2024-07-29,OC_TP_PREM,Oral Care,Central,2315,108.08,0,0.0,250205.97
2024-08-05,OC_TP_PREM,Oral Care,Central,2237,109.75,0,0.0,245511.46
2024-08-12,OC_TP_PREM,Oral Care,Central,2169,105.15,0,0.0,228076.79
2024-08-19,OC_TP_PREM,Oral Care,Central,1904,111.68,0,0.0,212637.66
2024-08-26,OC_TP_PREM,Oral Care,Central,2162,109.86,0,0.0,237517.54
2024-09-02,OC_TP_PREM,Oral Care,Central,1993,110.09,0,0.0,219404.18
2024-09-09,OC_TP_PREM,Oral Care,Central,5057,83.0,1,0.25,419743.93
2024-09-16,OC_TP_PREM,Oral Care,Central,5739,76.93,1,0.25,441478.32
2024-09-23,OC_TP_PREM,Oral Care,Central,3955,86.5,1,0.25,342096.24
2024-09-30,OC_TP_PREM,Oral Care,Central,1964,112.77,0,0.0,221478.72
2024-10-07,OC_TP_PREM,Oral Care,Central,2393,109.41,0,0.0,261821.54
2024-10-14,OC_TP_PREM,Oral Care,Central,2202,105.13,0,0.0,231485.81
2024-10-21,OC_TP_PREM,Oral Care,Central,2386,107.25,0,0.0,255899.57
2024-10-28,OC_TP_PREM,Oral Care,Central,2448,114.59,0,0.0,280510.33
2024-11-04,OC_TP_PREM,Oral Care,Central,2132,113.69,0,0.0,242384.79
2024-11-11,OC_TP_PREM,Oral Care,Central,2287,103.86,0,0.0,237526.08
2024-11-18,OC_TP_PREM,Oral Care,Central,2255,111.25,0,0.0,250857.78
2024-11-25,OC_TP_PREM,Oral Care,Central,2163,116.52,0,0.0,252042.53
2024-12-02,OC_TP_PREM,Oral Care,Central,2034,115.33,0,0.0,234584.03
2024-12-09,OC_TP_PREM,Oral Care,Central,2611,105.12,0,0.0,274462.79
2024-12-16,OC_TP_PREM,Oral Care,Central,2455,107.4,0,0.0,263656.72
2024-12-23,OC_TP_PREM,Oral Care,Central,2315,105.49,0,0.0,244220.08
