powerbi/fact_sales.csv
date,sku,category,region,units,price,promo_flag,discount_depth,revenue
2023-01-02,OC_BRUSH,Oral Care,North,2778,78.71,0,0.0,218654.8
2023-01-09,OC_BRUSH,Oral Care,North,3357,80.49,0,0.0,270210.89
2023-01-16,OC_BRUSH,Oral Care,North,3657,83.5,0,0.0,305343.51
2023-01-23,OC_BRUSH,Oral Care,North,2482,88.03,0,0.0,218494.94
2023-01-30,OC_BRUSH,Oral Care,North,3372,84.38,0,0.0,284532.71
2023-02-06,OC_BRUSH,Oral Care,North,2801,85.59,0,0.0,239749.46
2023-02-13,OC_BRUSH,Oral Care,North,2864,82.82,0,0.0,237190.71
2023-02-20,OC_BRUSH,Oral Care,North,2722,77.47,0,0.0,210872.91
2023-02-27,OC_BRUSH,Oral Care,North,2333,88.65,0,0.0,206817.28
2023-03-06,OC_BRUSH,Oral Care,North,3026,81.19,0,0.0,245684.38
2023-03-13,OC_BRUSH,Oral Care,North,2423,81.17,0,0.0,196671.87
2023-03-20,OC_BRUSH,Oral Care,North,3374,79.36,0,0.0,267768.93
2023-03-27,OC_BRUSH,Oral Care,North,2654,82.55,0,0.0,219090.07
2023-04-03,OC_BRUSH,Oral Care,North,2519,85.71,0,0.0,215896.36
2023-04-10,OC_BRUSH,Oral Care,North,3226,81.53,0,0.0,263028.75
2023-04-17,OC_BRUSH,Oral Care,North,2876,79.12,0,0.0,227552.27
2023-04-24,OC_BRUSH,Oral Care,North,3246,78.65,0,0.0,255310.93
2023-05-01,OC_BRUSH,Oral Care,North,2520,85.89,0,0.0,216431.14
2023-05-08,OC_BRUSH,Oral Care,North,2513,83.49,0,0.0,209809.48
2023-05-15,OC_BRUSH,Oral Care,North,3159,77.62,0,0.0,245215.91
2023-05-22,OC_BRUSH,Oral Care,North,3024,82.87,0,0.0,250585.7
2023-05-29,OC_BRUSH,Oral Care,North,2770,86.15,0,0.0,238632.95
2023-06-05,OC_BRUSH,Oral Care,North,3124,81.48,0,0.0,254556.36
2023-06-12,OC_BRUSH,Oral Care,North,3480,76.8,0,0.0,267279.07
2023-06-19,OC_BRUSH,Oral Care,North,2932,79.95,0,0.0,234413.15
2023-06-26,OC_BRUSH,Oral Care,North,3134,80.45,0,0.0,252139.77
2023-07-03,OC_BRUSH,Oral Care,North,2799,80.22,0,0.0,224526.58
2023-07-10,OC_BRUSH,Oral Care,North,3165,82.76,0,0.0,261948.08
2023-07-17,OC_BRUSH,Oral Care,North,3242,79.38,0,0.0,257351.61
2023-07-24,OC_BRUSH,Oral Care,North,2481,85.38,0,0.0,211815.39
2023-07-31,OC_BRUSH,Oral Care,North,3136,85.41,0,0.0,267840.16
2023-08-07,OC_BRUSH,Oral Care,North,3185,78.7,0,0.0,250671.28
2023-08-14,OC_BRUSH,Oral Care,North,2996,84.67,0,0.0,253667.61
2023-08-21,OC_BRUSH,Oral Care,North,2682,83.87,0,0.0,224952.36
2023-08-28,OC_BRUSH,Oral Care,North,3153,80.46,0,0.0,253679.16
2023-09-04,OC_BRUSH,Oral Care,North,2873,84.11,0,0.0,241647.95
2023-09-11,OC_BRUSH,Oral Care,North,3256,80.48,0,0.0,262038.37
2023-09-18,OC_BRUSH,Oral Care,North,3065,83.89,0,0.0,257113.38
2023-09-25,OC_BRUSH,Oral Care,North,3648,78.11,0,0.0,284956.29
2023-10-02,OC_BRUSH,Oral Care,North,3127,80.99,0,0.0,253242.44
2023-10-09,OC_BRUSH,Oral Care,North,3060,80.2,0,0.0,245409.5
2023-10-16,OC_BRUSH,Oral Care,North,3093,78.23,0,0.0,241961.28
2023-10-23,OC_BRUSH,Oral Care,North,2530,83.04,0,0.0,210083.32
2023-10-30,OC_BRUSH,Oral Care,North,3146,76.75,0,0.0,241462.77
2023-11-06,OC_BRUSH,Oral Care,North,3259,82.22,0,0.0,267942.69
2023-11-13,OC_BRUSH,Oral Care,North,3437,77.59,0,0.0,266668.76
2023-11-20,OC_BRUSH,Oral Care,North,3145,78.63,0,0.0,247293.32
2023-11-27,OC_BRUSH,Oral Care,North,3086,83.75,0,0.0,258440.14
2023-12-04,OC_BRUSH,Oral Care,North,3225,78.04,0,0.0,251677.92
2023-12-11,OC_BRUSH,Oral Care,North,2871,87.72,0,0.0,251841.74
2023-12-18,OC_BRUSH,Oral Care,North,3155,81.55,0,0.0,257302.49
2023-12-25,OC_BRUSH,Oral Care,North,3219,80.66,0,0.0,259644.06
2024-01-01,OC_BRUSH,Oral Care,North,2855,85.98,0,0.0,245467.22
2024-01-08,OC_BRUSH,Oral Care,North,3329,82.61,0,0.0,274995.39
2024-01-15,OC_BRUSH,Oral Care,North,3130,80.88,0,0.0,253155.47
2024-01-22,OC_BRUSH,Oral Care,North,3228,81.54,0,0.0,263202.77
2024-01-29,OC_BRUSH,Oral Care,North,3110,84.02,0,0.0,261290.51
2024-02-05,OC_BRUSH,Oral Care,North,2930,85.34,0,0.0,250036.53
2024-02-12,OC_BRUSH,Oral Care,North,3165,79.36,0,0.0,251167.65
2024-02-19,OC_BRUSH,Oral Care,North,3103,79.56,0,0.0,246863.95
2024-02-26,OC_BRUSH,Oral Care,North,2265,85.19,0,0.0,192961.26
2024-03-04,OC_BRUSH,Oral Care,North,3066,80.82,0,0.0,247791.17
2024-03-11,OC_BRUSH,Oral Care,North,3599,77.87,0,0.0,280253.56
2024-03-18,OC_BRUSH,Oral Care,North,3250,78.62,0,0.0,255498.76
2024-03-25,OC_BRUSH,Oral Care,North,3296,82.74,0,0.0,272720.67
2024-04-01,OC_BRUSH,Oral Care,North,2837,82.0,0,0.0,232632.45
2024-04-08,OC_BRUSH,Oral Care,North,2634,84.01,0,0.0,221289.97
2024-04-15,OC_BRUSH,Oral Care,North,2575,91.03,0,0.0,234400.28
2024-04-22,OC_BRUSH,Oral Care,North,3406,82.31,0,0.0,280342.27
2024-04-29,OC_BRUSH,Oral Care,North,2907,77.46,0,0.0,225180.41
2024-05-06,OC_BRUSH,Oral Care,North,2597,82.13,0,0.0,213293.52
2024-05-13,OC_BRUSH,Oral Care,North,3022,75.92,0,0.0,229444.05
2024-05-20,OC_BRUSH,Oral Care,North,3126,80.08,0,0.0,250341.64
2024-05-27,OC_BRUSH,Oral Care,North,3057,82.8,0,0.0,253130.07
2024-06-03,OC_BRUSH,Oral Care,North,3241,81.68,0,0.0,264722.79
2024-06-10,OC_BRUSH,Oral Care,North,3154,79.72,0,0.0,251446.36
2024-06-17,OC_BRUSH,Oral Care,North,2637,81.23,0,0.0,214205.05
2024-06-24,OC_BRUSH,Oral Care,North,2661,87.54,0,0.0,232943.78
2024-07-01,OC_BRUSH,Oral Care,North,3163,77.42,0,0.0,244870.04
2024-07-08,OC_BRUSH,Oral Care,North,3079,83.36,0,0.0,256680.39
2024-07-15,OC_BRUSH,Oral Care,North,3251,81.08,0,0.0,263575.47
2024-07-22,OC_BRUSH,Oral Care,North,2776,79.31,0,0.0,220156.59
2024-07-29,OC_BRUSH,Oral Care,North,3435,79.9,0,0.0,274466.92
2024-08-05,OC_BRUSH,Oral Care,North,3207,79.26,0,0.0,254190.9
2024-08-12,OC_BRUSH,Oral Care,North,2534,87.47,0,0.0,221647.79
2024-08-19,OC_BRUSH,Oral Care,North,2935,80.11,0,0.0,235136.46
2024-08-26,OC_BRUSH,Oral Care,North,2814,82.75,0,0.0,232853.1
2024-09-02,OC_BRUSH,Oral Care,North,3631,80.1,0,0.0,290852.67
2024-09-09,OC_BRUSH,Oral Care,North,3516,78.48,0,0.0,275939.07
2024-09-16,OC_BRUSH,Oral Care,North,3242,79.48,0,0.0,257686.67
2024-09-23,OC_BRUSH,Oral Care,North,3287,76.91,0,0.0,252796.5
2024-09-30,OC_BRUSH,Oral Care,North,2913,76.68,0,0.0,223359.94
2024-10-07,OC_BRUSH,Oral Care,North,3236,82.34,0,0.0,266449.03
2024-10-14,OC_BRUSH,Oral Care,North,2496,79.2,0,0.0,197680.31
2024-10-21,OC_BRUSH,Oral Care,North,2820,80.57,0,0.0,227195.79
2024-10-28,OC_BRUSH,Oral Care,North,2652,82.05,0,0.0,217594.56
2024-11-04,OC_BRUSH,Oral Care,North,3007,84.09,0,0.0,252849.1
2024-11-11,OC_BRUSH,Oral Care,North,3135,85.83,0,0.0,269085.07
2024-11-18,OC_BRUSH,Oral Care,North,2850,88.47,0,0.0,252145.97
2024-11-25,OC_BRUSH,Oral Care,North,2674,86.18,0,0.0,230449.91
2024-12-02,OC_BRUSH,Oral Care,North,3086,82.5,0,0.0,254580.6
2024-12-09,OC_BRUSH,Oral Care,North,2629,86.28,0,0.0,226834.37
2024-12-16,OC_BRUSH,Oral Care,North,3444,77.64,0,0.0,267405.94
2024-12-23,OC_BRUSH,Oral Care,North,3127,82.35,0,0.0,257507.04
2023-01-02,OC_BRUSH,Oral Care,South,2745,81.7,0,0.0,224264.7
2023-01-09,OC_BRUSH,Oral Care,South,2886,81.2,0,0.0,234339.4
2023-01-16,OC_BRUSH,Oral Care,South,3461,76.14,0,0.0,263527.76
2023-01-23,OC_BRUSH,Oral Care,South,2972,77.55,0,0.0,230464.65
2023-01-30,OC_BRUSH,Oral Care,South,3009,78.6,0,0.0,236500.27
2023-02-06,OC_BRUSH,Oral Care,South,2655,79.33,0,0.0,210608.44
2023-02-13,OC_BRUSH,Oral Care,South,2863,80.54,0,0.0,230594.54
2023-02-20,OC_BRUSH,Oral Care,South,2850,78.32,0,0.0,223198.15
2023-02-27,OC_BRUSH,Oral Care,South,2914,80.72,0,0.0,235210.2
2023-03-06,OC_BRUSH,Oral Care,South,2705,86.09,0,0.0,232861.37
2023-03-13,OC_BRUSH,Oral Care,South,2650,81.87,0,0.0,216961.86
2023-03-20,OC_BRUSH,Oral Care,South,2887,77.58,0,0.0,223977.44
2023-03-27,OC_BRUSH,Oral Care,South,3340,77.24,0,0.0,257990.43
2023-04-03,OC_BRUSH,Oral Care,South,2996,82.05,0,0.0,245826.2
2023-04-10,OC_BRUSH,Oral Care,South,2942,79.71,0,0.0,234511.12
2023-04-17,OC_BRUSH,Oral Care,South,2933,82.02,0,0.0,240560.51
2023-04-24,OC_BRUSH,Oral Care,South,2691,78.99,0,0.0,212558.55
2023-05-01,OC_BRUSH,Oral Care,South,3044,74.11,0,0.0,225605.09
2023-05-08,OC_BRUSH,Oral Care,South,2650,79.42,0,0.0,210454.43
2023-05-15,OC_BRUSH,Oral Care,South,2709,78.18,0,0.0,211785.87
2023-05-22,OC_BRUSH,Oral Care,South,2685,76.01,0,0.0,204082.15
2023-05-29,OC_BRUSH,Oral Care,South,3227,75.07,0,0.0,242252.79
2023-06-05,OC_BRUSH,Oral Care,South,2580,76.27,0,0.0,196775.78
2023-06-12,OC_BRUSH,Oral Care,South,2510,75.6,0,0.0,189751.69
2023-06-19,OC_BRUSH,Oral Care,South,3002,72.89,0,0.0,218810.02
2023-06-26,OC_BRUSH,Oral Care,South,2903,75.46,0,0.0,219045.98
2023-07-03,OC_BRUSH,Oral Care,South,3005,80.62,0,0.0,242265.74
2023-07-10,OC_BRUSH,Oral Care,South,2520,78.77,0,0.0,198502.16
2023-07-17,OC_BRUSH,Oral Care,South,2855,76.64,0,0.0,218810.79
2023-07-24,OC_BRUSH,Oral Care,South,2659,79.96,0,0.0,212621.66
2023-07-31,OC_BRUSH,Oral Care,South,3321,77.3,0,0.0,256706.1
2023-08-07,OC_BRUSH,Oral Care,South,2855,84.87,0,0.0,242301.19
2023-08-14,OC_BRUSH,Oral Care,South,3415,73.52,0,0.0,251078.7
2023-08-21,OC_BRUSH,Oral Care,South,2852,73.24,0,0.0,208880.55
2023-08-28,OC_BRUSH,Oral Care,South,2655,77.89,0,0.0,206793.86
2023-09-04,OC_BRUSH,Oral Care,South,2440,76.89,0,0.0,187604.16
2023-09-11,OC_BRUSH,Oral Care,South,2425,85.67,0,0.0,207761.52
2023-09-18,OC_BRUSH,Oral Care,South,2522,83.14,0,0.0,209682.66
2023-09-25,OC_BRUSH,Oral Care,South,2698,80.37,0,0.0,216844.32
2023-10-02,OC_BRUSH,Oral Care,South,2840,76.19,0,0.0,216365.69
2023-10-09,OC_BRUSH,Oral Care,South,2941,82.04,0,0.0,241293.87
2023-10-16,OC_BRUSH,Oral Care,South,2844,80.36,0,0.0,228536.7
2023-10-23,OC_BRUSH,Oral Care,South,3026,77.78,0,0.0,235347.56
2023-10-30,OC_BRUSH,Oral Care,South,2957,77.71,0,0.0,229775.11
2023-11-06,OC_BRUSH,Oral Care,South,3035,78.22,0,0.0,237411.79
2023-11-13,OC_BRUSH,Oral Care,South,3173,79.47,0,0.0,252145.82
2023-11-20,OC_BRUSH,Oral Care,South,2832,81.49,0,0.0,230777.25
2023-11-27,OC_BRUSH,Oral Care,South,2899,77.94,0,0.0,225937.35
2023-12-04,OC_BRUSH,Oral Care,South,3443,77.72,0,0.0,267606.87
2023-12-11,OC_BRUSH,Oral Care,South,2999,76.02,0,0.0,227992.36
2023-12-18,OC_BRUSH,Oral Care,South,2719,81.7,0,0.0,222142.42
2023-12-25,OC_BRUSH,Oral Care,South,2640,79.29,0,0.0,209325.49
2024-01-01,OC_BRUSH,Oral Care,South,3383,76.39,0,0.0,258420.85
2024-01-08,OC_BRUSH,Oral Care,South,2736,78.99,0,0.0,216120.34
2024-01-15,OC_BRUSH,Oral Care,South,2576,83.74,0,0.0,215711.31
2024-01-22,OC_BRUSH,Oral Care,South,2829,82.65,0,0.0,233830.74
2024-01-29,OC_BRUSH,Oral Care,South,2868,76.54,0,0.0,219524.61
2024-02-05,OC_BRUSH,Oral Care,South,3225,79.03,0,0.0,254869.44
2024-02-12,OC_BRUSH,Oral Care,South,3629,74.7,0,0.0,271076.96
2024-02-19,OC_BRUSH,Oral Care,South,3000,78.97,0,0.0,236904.57
2024-02-26,OC_BRUSH,Oral Care,South,2608,79.0,0,0.0,206027.02
2024-03-04,OC_BRUSH,Oral Care,South,2950,76.2,0,0.0,224788.71
2024-03-11,OC_BRUSH,Oral Care,South,3052,77.1,0,0.0,235309.41
2024-03-18,OC_BRUSH,Oral Care,South,3075,81.55,0,0.0,250763.94
2024-03-25,OC_BRUSH,Oral Care,South,2804,81.1,0,0.0,227398.25
2024-04-01,OC_BRUSH,Oral Care,South,2796,78.47,0,0.0,219412.32
2024-04-08,OC_BRUSH,Oral Care,South,3029,72.12,0,0.0,218464.73
2024-04-15,OC_BRUSH,Oral Care,South,2945,81.99,0,0.0,241454.84
2024-04-22,OC_BRUSH,Oral Care,South,2734,75.97,0,0.0,207710.83
2024-04-29,OC_BRUSH,Oral Care,South,2612,74.12,0,0.0,193601.39
2024-05-06,OC_BRUSH,Oral Care,South,2668,81.36,0,0.0,217064.37
2024-05-13,OC_BRUSH,Oral Care,South,3105,79.69,0,0.0,247448.38
2024-05-20,OC_BRUSH,Oral Care,South,2913,73.66,0,0.0,214583.93
2024-05-27,OC_BRUSH,Oral Care,South,2997,79.53,0,0.0,238365.29
2024-06-03,OC_BRUSH,Oral Care,South,3048,78.57,0,0.0,239481.36
2024-06-10,OC_BRUSH,Oral Care,South,2691,79.81,0,0.0,214774.81
2024-06-17,OC_BRUSH,Oral Care,South,2620,78.02,0,0.0,204400.36
2024-06-24,OC_BRUSH,Oral Care,South,3475,77.21,0,0.0,268316.86
2024-07-01,OC_BRUSH,Oral Care,South,2733,77.39,0,0.0,211513.11
2024-07-08,OC_BRUSH,Oral Care,South,2606,82.5,0,0.0,214985.35
2024-07-15,OC_BRUSH,Oral Care,South,2392,78.15,0,0.0,186938.05
2024-07-22,OC_BRUSH,Oral Care,South,3186,79.28,0,0.0,252591.4
2024-07-29,OC_BRUSH,Oral Care,South,2514,76.78,0,0.0,193019.15
2024-08-05,OC_BRUSH,Oral Care,South,2581,76.55,0,0.0,197565.96
2024-08-12,OC_BRUSH,Oral Care,South,2718,79.87,0,0.0,217091.9
2024-08-19,OC_BRUSH,Oral Care,South,3034,76.48,0,0.0,232039.72
2024-08-26,OC_BRUSH,Oral Care,South,2603,83.14,0,0.0,216410.47
2024-09-02,OC_BRUSH,Oral Care,South,3561,70.15,0,0.0,249811.84
2024-09-09,OC_BRUSH,Oral Care,South,2900,80.69,0,0.0,233991.38
2024-09-16,OC_BRUSH,Oral Care,South,3068,77.93,0,0.0,239078.96
2024-09-23,OC_BRUSH,Oral Care,South,3283,78.63,0,0.0,258136.32
2024-09-30,OC_BRUSH,Oral Care,South,2575,81.0,0,0.0,208587.29
2024-10-07,OC_BRUSH,Oral Care,South,3091,78.34,0,0.0,242161.38
2024-10-14,OC_BRUSH,Oral Care,South,3102,77.0,0,0.0,238865.19
2024-10-21,OC_BRUSH,Oral Care,South,3062,78.9,0,0.0,241599.84
2024-10-28,OC_BRUSH,Oral Care,South,3111,70.56,0,0.0,219512.8
2024-11-04,OC_BRUSH,Oral Care,South,2997,76.03,0,0.0,227873.29
2024-11-11,OC_BRUSH,Oral Care,South,2880,82.12,0,0.0,236492.82
2024-11-18,OC_BRUSH,Oral Care,South,3010,76.96,0,0.0,231649.54
2024-11-25,OC_BRUSH,Oral Care,South,2858,84.53,0,0.0,241574.93
2024-12-02,OC_BRUSH,Oral Care,South,3201,81.53,0,0.0,260990.98
2024-12-09,OC_BRUSH,Oral Care,South,3703,79.69,0,0.0,295085.11
2024-12-16,OC_BRUSH,Oral Care,South,2948,82.47,0,0.0,243111.47
2024-12-23,OC_BRUSH,Oral Care,South,2852,81.33,0,0.0,231951.96
