powerbi/fact_sales.csv
date,sku,category,region,units,price,promo_flag,discount_depth,revenue
2023-01-02,OC_BRUSH,Oral Care,West,3204,83.12,0,0.0,266328.46
2023-01-09,OC_BRUSH,Oral Care,West,3307,87.29,0,0.0,288683.16
2023-01-16,OC_BRUSH,Oral Care,West,3023,83.99,0,0.0,253915.0
2023-01-23,OC_BRUSH,Oral Care,West,2801,79.67,0,0.0,223152.17
2023-01-30,OC_BRUSH,Oral Care,West,3486,80.0,0,0.0,278886.21
2023-02-06,OC_BRUSH,Oral Care,West,3083,84.04,0,0.0,259086.37
2023-02-13,OC_BRUSH,Oral Care,West,3100,82.76,0,0.0,256556.96
2023-02-20,OC_BRUSH,Oral Care,West,3339,78.66,0,0.0,262631.44
2023-02-27,OC_BRUSH,Oral Care,West,3172,78.33,0,0.0,248462.0
2023-03-06,OC_BRUSH,Oral Care,West,2976,76.8,0,0.0,228558.88
2023-03-13,OC_BRUSH,Oral Care,West,2767,82.34,0,0.0,227829.38
2023-03-20,OC_BRUSH,Oral Care,West,2701,79.58,0,0.0,214946.85
2023-03-27,OC_BRUSH,Oral Care,West,2812,89.76,0,0.0,252399.85
2023-04-03,OC_BRUSH,Oral Care,West,3456,74.76,0,0.0,258354.29
2023-04-10,OC_BRUSH,Oral Care,West,2970,79.61,0,0.0,236437.33
2023-04-17,OC_BRUSH,Oral Care,West,3093,79.55,0,0.0,246036.28
2023-04-24,OC_BRUSH,Oral Care,West,3048,77.61,0,0.0,236543.75
2023-05-01,OC_BRUSH,Oral Care,West,3250,80.66,0,0.0,262147.62
2023-05-08,OC_BRUSH,Oral Care,West,3146,86.63,0,0.0,272536.78
2023-05-15,OC_BRUSH,Oral Care,West,3945,77.34,0,0.0,305117.46
2023-05-22,OC_BRUSH,Oral Care,West,2970,82.1,0,0.0,243831.87
2023-05-29,OC_BRUSH,Oral Care,West,3586,75.16,0,0.0,269541.11
2023-06-05,OC_BRUSH,Oral Care,West,2902,87.57,0,0.0,254117.63
2023-06-12,OC_BRUSH,Oral Care,West,2459,88.88,0,0.0,218554.17
2023-06-19,OC_BRUSH,Oral Care,West,2920,86.4,0,0.0,252296.63
2023-06-26,OC_BRUSH,Oral Care,West,2867,82.17,0,0.0,235582.7
2023-07-03,OC_BRUSH,Oral Care,West,3073,83.03,0,0.0,255147.83
2023-07-10,OC_BRUSH,Oral Care,West,2869,87.24,0,0.0,250302.78
2023-07-17,OC_BRUSH,Oral Care,West,2615,87.05,0,0.0,227648.4
2023-07-24,OC_BRUSH,Oral Care,West,3047,82.03,0,0.0,249956.25
2023-07-31,OC_BRUSH,Oral Care,West,3255,79.51,0,0.0,258805.75
2023-08-07,OC_BRUSH,Oral Care,West,3035,75.31,0,0.0,228553.8
2023-08-14,OC_BRUSH,Oral Care,West,2902,85.59,0,0.0,248395.07
2023-08-21,OC_BRUSH,Oral Care,West,2973,78.26,0,0.0,232657.99
2023-08-28,OC_BRUSH,Oral Care,West,2740,84.11,0,0.0,230449.16
2023-09-04,OC_BRUSH,Oral Care,West,3223,80.79,0,0.0,260374.33
2023-09-11,OC_BRUSH,Oral Care,West,3346,78.27,0,0.0,261904.52
2023-09-18,OC_BRUSH,Oral Care,West,3230,80.88,0,0.0,261229.47
2023-09-25,OC_BRUSH,Oral Care,West,3070,85.82,0,0.0,263467.42
2023-10-02,OC_BRUSH,Oral Care,West,3305,80.36,0,0.0,265599.16
2023-10-09,OC_BRUSH,Oral Care,West,3528,82.22,0,0.0,290085.13
2023-10-16,OC_BRUSH,Oral Care,West,3660,78.51,0,0.0,287352.05
2023-10-23,OC_BRUSH,Oral Care,West,3126,80.85,0,0.0,252732.09
2023-10-30,OC_BRUSH,Oral Care,West,3424,73.99,0,0.0,253339.35
2023-11-06,OC_BRUSH,Oral Care,West,3531,77.71,0,0.0,274399.51
2023-11-13,OC_BRUSH,Oral Care,West,3248,78.7,0,0.0,255605.19
2023-11-20,OC_BRUSH,Oral Care,West,3016,79.24,0,0.0,238978.06
2023-11-27,OC_BRUSH,Oral Care,West,3558,79.76,0,0.0,283795.24
2023-12-04,OC_BRUSH,Oral Care,West,3202,86.13,0,0.0,275790.66
2023-12-11,OC_BRUSH,Oral Care,West,3461,81.54,0,0.0,282205.76
2023-12-18,OC_BRUSH,Oral Care,West,3498,79.1,0,0.0,276708.46
2023-12-25,OC_BRUSH,Oral Care,West,3767,76.78,0,0.0,289230.82
2024-01-01,OC_BRUSH,Oral Care,West,3128,87.8,0,0.0,274627.22
2024-01-08,OC_BRUSH,Oral Care,West,3083,83.63,0,0.0,257825.94
2024-01-15,OC_BRUSH,Oral Care,West,2468,85.07,0,0.0,209957.32
2024-01-22,OC_BRUSH,Oral Care,West,3295,84.5,0,0.0,278423.08
2024-01-29,OC_BRUSH,Oral Care,West,3422,78.28,0,0.0,267873.12
2024-02-05,OC_BRUSH,Oral Care,West,2914,82.46,0,0.0,240294.37
2024-02-12,OC_BRUSH,Oral Care,West,3862,78.32,0,0.0,302457.47
2024-02-19,OC_BRUSH,Oral Care,West,3284,81.02,0,0.0,266067.47
2024-02-26,OC_BRUSH,Oral Care,West,3000,83.22,0,0.0,249667.32
2024-03-04,OC_BRUSH,Oral Care,West,3047,82.68,0,0.0,251912.68
2024-03-11,OC_BRUSH,Oral Care,West,3355,82.77,0,0.0,277683.87
2024-03-18,OC_BRUSH,Oral Care,West,3257,81.82,0,0.0,266499.08
2024-03-25,OC_BRUSH,Oral Care,West,3094,77.26,0,0.0,239049.39
2024-04-01,OC_BRUSH,Oral Care,West,3141,81.52,0,0.0,256043.92
2024-04-08,OC_BRUSH,Oral Care,West,3068,81.15,0,0.0,248955.75
2024-04-15,OC_BRUSH,Oral Care,West,2720,83.63,0,0.0,227461.06
2024-04-22,OC_BRUSH,Oral Care,West,3610,73.22,0,0.0,264307.24
2024-04-29,OC_BRUSH,Oral Care,West,2749,87.14,0,0.0,239548.96
2024-05-06,OC_BRUSH,Oral Care,West,2847,87.53,0,0.0,249207.21
2024-05-13,OC_BRUSH,Oral Care,West,2763,83.36,0,0.0,230313.21
2024-05-20,OC_BRUSH,Oral Care,West,2778,85.18,0,0.0,236635.78
2024-05-27,OC_BRUSH,Oral Care,West,2694,83.71,0,0.0,225513.08
2024-06-03,OC_BRUSH,Oral Care,West,3076,83.36,0,0.0,256413.5
2024-06-10,OC_BRUSH,Oral Care,West,2936,78.03,0,0.0,229109.76
2024-06-17,OC_BRUSH,Oral Care,West,2774,78.47,0,0.0,217674.74
2024-06-24,OC_BRUSH,Oral Care,West,3210,81.97,0,0.0,263128.88
2024-07-01,OC_BRUSH,Oral Care,West,3597,81.51,0,0.0,293175.43
2024-07-08,OC_BRUSH,Oral Care,West,3026,79.56,0,0.0,240740.93
2024-07-15,OC_BRUSH,Oral Care,West,3074,83.24,0,0.0,255872.66
2024-07-22,OC_BRUSH,Oral Care,West,2760,84.21,0,0.0,232408.44
2024-07-29,OC_BRUSH,Oral Care,West,2979,80.1,0,0.0,238609.72
2024-08-05,OC_BRUSH,Oral Care,West,3804,73.98,0,0.0,281408.85
2024-08-12,OC_BRUSH,Oral Care,West,2964,88.65,0,0.0,262747.45
2024-08-19,OC_BRUSH,Oral Care,West,3060,80.33,0,0.0,245794.91
2024-08-26,OC_BRUSH,Oral Care,West,2609,85.92,0,0.0,224166.1
2024-09-02,OC_BRUSH,Oral Care,West,2999,85.52,0,0.0,256488.28
2024-09-09,OC_BRUSH,Oral Care,West,3711,80.9,0,0.0,300234.76
2024-09-16,OC_BRUSH,Oral Care,West,3722,83.44,0,0.0,310568.16
2024-09-23,OC_BRUSH,Oral Care,West,2912,88.52,0,0.0,257763.7
2024-09-30,OC_BRUSH,Oral Care,West,3091,87.9,0,0.0,271702.25
2024-10-07,OC_BRUSH,Oral Care,West,3470,79.28,0,0.0,275095.14
2024-10-14,OC_BRUSH,Oral Care,West,3096,79.49,0,0.0,246113.67
2024-10-21,OC_BRUSH,Oral Care,West,3553,81.17,0,0.0,288383.99
2024-10-28,OC_BRUSH,Oral Care,West,3383,86.9,0,0.0,293973.85
2024-11-04,OC_BRUSH,Oral Care,West,3601,76.83,0,0.0,276657.43
2024-11-11,OC_BRUSH,Oral Care,West,3305,86.18,0,0.0,284816.08
2024-11-18,OC_BRUSH,Oral Care,West,3572,78.98,0,0.0,282111.96
2024-11-25,OC_BRUSH,Oral Care,West,3408,85.6,0,0.0,291738.38
2024-12-02,OC_BRUSH,Oral Care,West,2958,84.35,0,0.0,249504.31
2024-12-09,OC_BRUSH,Oral Care,West,3611,81.02,0,0.0,292549.65
2024-12-16,OC_BRUSH,Oral Care,West,3073,81.75,0,0.0,251233.02
2024-12-23,OC_BRUSH,Oral Care,West,3358,81.45,0,0.0,273498.11
2023-01-02,OC_BRUSH,Oral Care,East,2147,77.35,0,0.0,166076.7
2023-01-09,OC_BRUSH,Oral Care,East,2235,79.58,0,0.0,177868.1
2023-01-16,OC_BRUSH,Oral Care,East,2692,77.03,0,0.0,207378.2
2023-01-23,OC_BRUSH,Oral Care,East,2761,70.19,0,0.0,193793.47
2023-01-30,OC_BRUSH,Oral Care,East,2183,80.56,0,0.0,175867.57
2023-02-06,OC_BRUSH,Oral Care,East,1913,80.58,0,0.0,154142.12
2023-02-13,OC_BRUSH,Oral Care,East,2338,78.5,0,0.0,183525.98
2023-02-20,OC_BRUSH,Oral Care,East,2371,75.44,0,0.0,178876.07
2023-02-27,OC_BRUSH,Oral Care,East,2309,77.52,0,0.0,178986.54
2023-03-06,OC_BRUSH,Oral Care,East,2385,77.49,0,0.0,184825.04
2023-03-13,OC_BRUSH,Oral Care,East,2228,80.57,0,0.0,179516.07
2023-03-20,OC_BRUSH,Oral Care,East,2376,80.92,0,0.0,192274.3
2023-03-27,OC_BRUSH,Oral Care,East,2032,79.04,0,0.0,160603.89
2023-04-03,OC_BRUSH,Oral Care,East,2261,75.08,0,0.0,169760.4
2023-04-10,OC_BRUSH,Oral Care,East,2908,73.49,0,0.0,213707.36
2023-04-17,OC_BRUSH,Oral Care,East,2244,79.86,0,0.0,179211.56
2023-04-24,OC_BRUSH,Oral Care,East,2078,80.16,0,0.0,166574.8
2023-05-01,OC_BRUSH,Oral Care,East,2523,78.49,0,0.0,198037.84
2023-05-08,OC_BRUSH,Oral Care,East,2290,78.96,0,0.0,180820.52
2023-05-15,OC_BRUSH,Oral Care,East,2322,72.97,0,0.0,169428.35
2023-05-22,OC_BRUSH,Oral Care,East,2166,78.04,0,0.0,169030.85
2023-05-29,OC_BRUSH,Oral Care,East,2489,77.8,0,0.0,193635.9
2023-06-05,OC_BRUSH,Oral Care,East,2270,79.84,0,0.0,181242.71
2023-06-12,OC_BRUSH,Oral Care,East,2609,81.89,0,0.0,213659.5
2023-06-19,OC_BRUSH,Oral Care,East,2202,73.71,0,0.0,162302.37
2023-06-26,OC_BRUSH,Oral Care,East,2280,73.7,0,0.0,168036.35
2023-07-03,OC_BRUSH,Oral Care,East,2063,79.28,0,0.0,163549.78
2023-07-10,OC_BRUSH,Oral Care,East,2479,73.41,0,0.0,181992.64
2023-07-17,OC_BRUSH,Oral Care,East,2239,75.6,0,0.0,169263.77
2023-07-24,OC_BRUSH,Oral Care,East,2195,76.77,0,0.0,168513.11
2023-07-31,OC_BRUSH,Oral Care,East,2153,77.48,0,0.0,166823.23
2023-08-07,OC_BRUSH,Oral Care,East,1966,81.04,0,0.0,159322.07
2023-08-14,OC_BRUSH,Oral Care,East,2119,74.3,0,0.0,157448.07
2023-08-21,OC_BRUSH,Oral Care,East,2274,76.89,0,0.0,174851.19
2023-08-28,OC_BRUSH,Oral Care,East,2293,79.46,0,0.0,182207.4
2023-09-04,OC_BRUSH,Oral Care,East,2091,76.71,0,0.0,160401.49
2023-09-11,OC_BRUSH,Oral Care,East,2233,80.9,0,0.0,180643.23
2023-09-18,OC_BRUSH,Oral Care,East,2341,73.3,0,0.0,171587.92
2023-09-25,OC_BRUSH,Oral Care,East,2346,75.88,0,0.0,178008.52
2023-10-02,OC_BRUSH,Oral Care,East,2329,72.81,0,0.0,169567.57
2023-10-09,OC_BRUSH,Oral Care,East,2754,77.95,0,0.0,214668.7
2023-10-16,OC_BRUSH,Oral Care,East,2693,76.38,0,0.0,205682.38
2023-10-23,OC_BRUSH,Oral Care,East,2329,81.43,0,0.0,189647.83
2023-10-30,OC_BRUSH,Oral Care,East,2425,78.99,0,0.0,191562.62
2023-11-06,OC_BRUSH,Oral Care,East,2308,81.39,0,0.0,187855.85
2023-11-13,OC_BRUSH,Oral Care,East,2492,75.74,0,0.0,188734.44
2023-11-20,OC_BRUSH,Oral Care,East,2763,76.81,0,0.0,212221.89
2023-11-27,OC_BRUSH,Oral Care,East,2201,77.19,0,0.0,169898.92
2023-12-04,OC_BRUSH,Oral Care,East,2316,79.21,0,0.0,183442.76
2023-12-11,OC_BRUSH,Oral Care,East,2460,76.58,0,0.0,188384.63
2023-12-18,OC_BRUSH,Oral Care,East,2107,78.39,0,0.0,165170.44
2023-12-25,OC_BRUSH,Oral Care,East,2436,78.76,0,0.0,191856.06
2024-01-01,OC_BRUSH,Oral Care,East,2306,74.82,0,0.0,172532.58
2024-01-08,OC_BRUSH,Oral Care,East,2651,75.72,0,0.0,200722.27
2024-01-15,OC_BRUSH,Oral Care,East,2718,75.66,0,0.0,205639.03
2024-01-22,OC_BRUSH,Oral Care,East,2153,79.08,0,0.0,170252.19
2024-01-29,OC_BRUSH,Oral Care,East,2402,80.83,0,0.0,194142.84
2024-02-05,OC_BRUSH,Oral Care,East,2688,74.32,0,0.0,199785.52
2024-02-12,OC_BRUSH,Oral Care,East,2540,78.45,0,0.0,199272.28
2024-02-19,OC_BRUSH,Oral Care,East,2334,79.59,0,0.0,185764.89
2024-02-26,OC_BRUSH,Oral Care,East,2825,70.68,0,0.0,199664.13
2024-03-04,OC_BRUSH,Oral Care,East,2160,79.6,0,0.0,171934.49
2024-03-11,OC_BRUSH,Oral Care,East,2075,84.13,0,0.0,174570.99
2024-03-18,OC_BRUSH,Oral Care,East,2294,77.68,0,0.0,178207.32
2024-03-25,OC_BRUSH,Oral Care,East,2600,78.01,0,0.0,202829.05
2024-04-01,OC_BRUSH,Oral Care,East,2088,78.64,0,0.0,164202.43
2024-04-08,OC_BRUSH,Oral Care,East,2271,78.52,0,0.0,178312.61
2024-04-15,OC_BRUSH,Oral Care,East,1971,81.49,0,0.0,160621.87
2024-04-22,OC_BRUSH,Oral Care,East,2466,72.39,0,0.0,178508.83
2024-04-29,OC_BRUSH,Oral Care,East,2477,76.26,0,0.0,188894.07
2024-05-06,OC_BRUSH,Oral Care,East,2151,81.39,0,0.0,175078.91
2024-05-13,OC_BRUSH,Oral Care,East,2577,78.04,0,0.0,201102.83
2024-05-20,OC_BRUSH,Oral Care,East,2299,74.92,0,0.0,172235.7
2024-05-27,OC_BRUSH,Oral Care,East,2324,81.8,0,0.0,190101.45
2024-06-03,OC_BRUSH,Oral Care,East,2447,76.46,0,0.0,187087.1
2024-06-10,OC_BRUSH,Oral Care,East,2333,75.53,0,0.0,176216.7
2024-06-17,OC_BRUSH,Oral Care,East,2591,75.79,0,0.0,196370.86
2024-06-24,OC_BRUSH,Oral Care,East,2519,75.65,0,0.0,190554.25
2024-07-01,OC_BRUSH,Oral Care,East,2618,74.41,0,0.0,194793.05
2024-07-08,OC_BRUSH,Oral Care,East,2960,75.75,0,0.0,224220.71
2024-07-15,OC_BRUSH,Oral Care,East,2293,78.05,0,0.0,178974.64
2024-07-22,OC_BRUSH,Oral Care,East,2549,74.27,0,0.0,189321.49
2024-07-29,OC_BRUSH,Oral Care,East,2299,74.99,0,0.0,172411.04
2024-08-05,OC_BRUSH,Oral Care,East,2559,77.43,0,0.0,198145.65
2024-08-12,OC_BRUSH,Oral Care,East,2863,75.17,0,0.0,215200.41
2024-08-19,OC_BRUSH,Oral Care,East,2299,75.8,0,0.0,174271.76
2024-08-26,OC_BRUSH,Oral Care,East,2041,77.22,0,0.0,157598.67
2024-09-02,OC_BRUSH,Oral Care,East,2233,80.28,0,0.0,179266.7
2024-09-09,OC_BRUSH,Oral Care,East,2643,76.22,0,0.0,201442.03
2024-09-16,OC_BRUSH,Oral Care,East,2917,70.68,0,0.0,206168.91
2024-09-23,OC_BRUSH,Oral Care,East,2394,76.51,0,0.0,183164.82
2024-09-30,OC_BRUSH,Oral Care,East,2337,74.67,0,0.0,174498.63
2024-10-07,OC_BRUSH,Oral Care,East,2143,78.51,0,0.0,168253.2
2024-10-14,OC_BRUSH,Oral Care,East,2262,81.3,0,0.0,183909.22
2024-10-21,OC_BRUSH,Oral Care,East,2593,75.06,0,0.0,194628.42
2024-10-28,OC_BRUSH,Oral Care,East,2419,81.05,0,0.0,196049.78
2024-11-04,OC_BRUSH,Oral Care,East,2551,79.38,0,0.0,202498.65
2024-11-11,OC_BRUSH,Oral Care,East,2517,78.59,0,0.0,197813.75
2024-11-18,OC_BRUSH,Oral Care,East,2573,72.06,0,0.0,185411.05
2024-11-25,OC_BRUSH,Oral Care,East,2856,72.82,0,0.0,207963.94
2024-12-02,OC_BRUSH,Oral Care,East,2408,78.94,0,0.0,190096.55
2024-12-09,OC_BRUSH,Oral Care,East,2110,76.46,0,0.0,161320.95
2024-12-16,OC_BRUSH,Oral Care,East,2219,75.81,0,0.0,168218.95
2024-12-23,OC_BRUSH,Oral Care,East,2573,74.02,0,0.0,190446.11
