powerbi/fact_sales.csv
date,sku,category,region,units,price,promo_flag,discount_depth,revenue
2023-01-02,OC_BRUSH,Oral Care,Central,2836,77.06,0,0.0,218548.53
2023-01-09,OC_BRUSH,Oral Care,Central,3197,76.51,0,0.0,244591.7
2023-01-16,OC_BRUSH,Oral Care,Central,2578,81.71,0,0.0,210642.32
2023-01-23,OC_BRUSH,Oral Care,Central,2156,79.4,0,0.0,171186.72
2023-01-30,OC_BRUSH,Oral Care,Central,2427,84.03,0,0.0,203931.21
2023-02-06,OC_BRUSH,Oral Care,Central,2500,77.85,0,0.0,194621.57
2023-02-13,OC_BRUSH,Oral Care,Central,2524,84.14,0,0.0,212367.11
2023-02-20,OC_BRUSH,Oral Care,Central,2415,76.96,0,0.0,185850.16
2023-02-27,OC_BRUSH,Oral Care,Central,2239,87.62,0,0.0,196191.8
2023-03-06,OC_BRUSH,Oral Care,Central,2532,78.86,0,0.0,199683.66
2023-03-13,OC_BRUSH,Oral Care,Central,2213,84.1,0,0.0,186114.02
2023-03-20,OC_BRUSH,Oral Care,Central,2363,84.51,0,0.0,199705.31
2023-03-27,OC_BRUSH,Oral Care,Central,2732,75.07,0,0.0,205084.99
2023-04-03,OC_BRUSH,Oral Care,Central,2441,85.57,0,0.0,208880.59
2023-04-10,OC_BRUSH,Oral Care,Central,2700,75.01,0,0.0,202532.69
2023-04-17,OC_BRUSH,Oral Care,Central,2295,77.02,0,0.0,176764.34
2023-04-24,OC_BRUSH,Oral Care,Central,2519,84.79,0,0.0,213576.46
2023-05-01,OC_BRUSH,Oral Care,Central,2409,79.5,0,0.0,191517.64
2023-05-08,OC_BRUSH,Oral Care,Central,2467,80.97,0,0.0,199761.38
2023-05-15,OC_BRUSH,Oral Care,Central,2424,82.84,0,0.0,200793.88
2023-05-22,OC_BRUSH,Oral Care,Central,2021,77.4,0,0.0,156432.91
2023-05-29,OC_BRUSH,Oral Care,Central,2190,79.9,0,0.0,174982.02
2023-06-05,OC_BRUSH,Oral Care,Central,2710,78.2,0,0.0,211913.32
2023-06-12,OC_BRUSH,Oral Care,Central,2328,83.08,0,0.0,193418.97
2023-06-19,OC_BRUSH,Oral Care,Central,2477,83.39,0,0.0,206548.36
2023-06-26,OC_BRUSH,Oral Care,Central,2307,77.35,0,0.0,178450.92
2023-07-03,OC_BRUSH,Oral Care,Central,2192,81.24,0,0.0,178086.15
2023-07-10,OC_BRUSH,Oral Care,Central,2338,79.73,0,0.0,186418.76
2023-07-17,OC_BRUSH,Oral Care,Central,2288,85.27,0,0.0,195088.2
2023-07-24,OC_BRUSH,Oral Care,Central,2825,78.44,0,0.0,221590.89
2023-07-31,OC_BRUSH,Oral Care,Central,2348,78.49,0,0.0,184296.74
2023-08-07,OC_BRUSH,Oral Care,Central,2482,77.38,0,0.0,192067.07
2023-08-14,OC_BRUSH,Oral Care,Central,2674,74.06,0,0.0,198027.68
2023-08-21,OC_BRUSH,Oral Care,Central,2775,74.44,0,0.0,206575.71
2023-08-28,OC_BRUSH,Oral Care,Central,3224,77.67,0,0.0,250393.79
2023-09-04,OC_BRUSH,Oral Care,Central,2433,89.03,0,0.0,216618.61
2023-09-11,OC_BRUSH,Oral Care,Central,2585,78.55,0,0.0,203064.26
2023-09-18,OC_BRUSH,Oral Care,Central,2866,79.58,0,0.0,228086.19
2023-09-25,OC_BRUSH,Oral Care,Central,2338,79.47,0,0.0,185809.01
2023-10-02,OC_BRUSH,Oral Care,Central,2541,81.14,0,0.0,206179.43
2023-10-09,OC_BRUSH,Oral Care,Central,2289,77.33,0,0.0,177018.4
2023-10-16,OC_BRUSH,Oral Care,Central,2556,81.58,0,0.0,208526.92
2023-10-23,OC_BRUSH,Oral Care,Central,2741,74.68,0,0.0,204687.24
2023-10-30,OC_BRUSH,Oral Care,Central,2937,80.88,0,0.0,237534.13
2023-11-06,OC_BRUSH,Oral Care,Central,2521,82.26,0,0.0,207366.44
2023-11-13,OC_BRUSH,Oral Care,Central,2763,75.41,0,0.0,208350.14
2023-11-20,OC_BRUSH,Oral Care,Central,2457,81.62,0,0.0,200551.24
2023-11-27,OC_BRUSH,Oral Care,Central,2740,73.77,0,0.0,202119.33
2023-12-04,OC_BRUSH,Oral Care,Central,3093,77.78,0,0.0,240573.88
2023-12-11,OC_BRUSH,Oral Care,Central,2499,82.04,0,0.0,205011.86
2023-12-18,OC_BRUSH,Oral Care,Central,2779,87.05,0,0.0,241907.14
2023-12-25,OC_BRUSH,Oral Care,Central,2967,78.46,0,0.0,232793.05
2024-01-01,OC_BRUSH,Oral Care,Central,2769,79.07,0,0.0,218954.04
2024-01-08,OC_BRUSH,Oral Care,Central,2977,78.89,0,0.0,234863.47
2024-01-15,OC_BRUSH,Oral Care,Central,2473,78.48,0,0.0,194081.04
2024-01-22,OC_BRUSH,Oral Care,Central,2474,78.06,0,0.0,193129.72
2024-01-29,OC_BRUSH,Oral Care,Central,2524,78.88,0,0.0,199095.32
2024-02-05,OC_BRUSH,Oral Care,Central,2596,85.6,0,0.0,222215.83
2024-02-12,OC_BRUSH,Oral Care,Central,2363,83.79,0,0.0,197998.68
2024-02-19,OC_BRUSH,Oral Care,Central,2571,77.78,0,0.0,199959.99
2024-02-26,OC_BRUSH,Oral Care,Central,2752,75.84,0,0.0,208722.73
2024-03-04,OC_BRUSH,Oral Care,Central,2900,77.91,0,0.0,225948.2
2024-03-11,OC_BRUSH,Oral Care,Central,2503,84.39,0,0.0,211221.94
2024-03-18,OC_BRUSH,Oral Care,Central,3002,79.99,0,0.0,240119.02
2024-03-25,OC_BRUSH,Oral Care,Central,2441,80.28,0,0.0,195952.5
2024-04-01,OC_BRUSH,Oral Care,Central,2468,78.65,0,0.0,194095.92
2024-04-08,OC_BRUSH,Oral Care,Central,2966,76.51,0,0.0,226915.88
2024-04-15,OC_BRUSH,Oral Care,Central,2206,77.62,0,0.0,171229.41
2024-04-22,OC_BRUSH,Oral Care,Central,2744,77.48,0,0.0,212591.77
2024-04-29,OC_BRUSH,Oral Care,Central,2286,84.25,0,0.0,192585.48
2024-05-06,OC_BRUSH,Oral Care,Central,2574,79.99,0,0.0,205884.97
2024-05-13,OC_BRUSH,Oral Care,Central,2377,81.45,0,0.0,193609.43
2024-05-20,OC_BRUSH,Oral Care,Central,2574,79.44,0,0.0,204485.31
2024-05-27,OC_BRUSH,Oral Care,Central,2163,78.29,0,0.0,169341.35
2024-06-03,OC_BRUSH,Oral Care,Central,2351,77.85,0,0.0,183032.16
2024-06-10,OC_BRUSH,Oral Care,Central,2129,86.97,0,0.0,185168.91
2024-06-17,OC_BRUSH,Oral Care,Central,2673,81.93,0,0.0,218992.07
2024-06-24,OC_BRUSH,Oral Care,Central,2736,77.17,0,0.0,211129.93
2024-07-01,OC_BRUSH,Oral Care,Central,3074,77.83,0,0.0,239242.65
2024-07-08,OC_BRUSH,Oral Care,Central,2637,78.92,0,0.0,208119.17
2024-07-15,OC_BRUSH,Oral Care,Central,2413,80.68,0,0.0,194679.28
2024-07-22,OC_BRUSH,Oral Care,Central,2826,82.54,0,0.0,233268.79
2024-07-29,OC_BRUSH,Oral Care,Central,2418,78.93,0,0.0,190856.48
2024-08-05,OC_BRUSH,Oral Care,Central,2646,79.17,0,0.0,209480.41
2024-08-12,OC_BRUSH,Oral Care,Central,2832,79.15,0,0.0,224148.49
2024-08-19,OC_BRUSH,Oral Care,Central,2986,82.54,0,0.0,246462.91
2024-08-26,OC_BRUSH,Oral Care,Central,2562,79.08,0,0.0,202612.45
2024-09-02,OC_BRUSH,Oral Care,Central,2671,78.52,0,0.0,209720.42
2024-09-09,OC_BRUSH,Oral Care,Central,2478,86.68,0,0.0,214788.34
2024-09-16,OC_BRUSH,Oral Care,Central,2820,75.78,0,0.0,213695.27
2024-09-23,OC_BRUSH,Oral Care,Central,2829,77.04,0,0.0,217948.58
2024-09-30,OC_BRUSH,Oral Care,Central,2800,74.99,0,0.0,209960.24
2024-10-07,OC_BRUSH,Oral Care,Central,2599,81.4,0,0.0,211551.95
2024-10-14,OC_BRUSH,Oral Care,Central,3138,75.63,0,0.0,237329.09
2024-10-21,OC_BRUSH,Oral Care,Central,2615,82.11,0,0.0,214717.37
2024-10-28,OC_BRUSH,Oral Care,Central,2653,78.96,0,0.0,209486.05
2024-11-04,OC_BRUSH,Oral Care,Central,2343,80.14,0,0.0,187761.49
2024-11-11,OC_BRUSH,Oral Care,Central,2521,82.59,0,0.0,208220.16
2024-11-18,OC_BRUSH,Oral Care,Central,2637,80.89,0,0.0,213316.03
2024-11-25,OC_BRUSH,Oral Care,Central,3038,80.15,0,0.0,243488.22
2024-12-02,OC_BRUSH,Oral Care,Central,2593,76.7,0,0.0,198894.76
2024-12-09,OC_BRUSH,Oral Care,Central,2837,79.22,0,0.0,224744.37
2024-12-16,OC_BRUSH,Oral Care,Central,2505,78.35,0,0.0,196254.61
2024-12-23,OC_BRUSH,Oral Care,Central,2707,79.55,0,0.0,215333.89
2023-01-02,OC_MOUTH,Oral Care,North,1103,179.21,0,0.0,197668.78
2023-01-09,OC_MOUTH,Oral Care,North,1271,171.51,0,0.0,217983.5
2023-01-16,OC_MOUTH,Oral Care,North,1492,154.43,0,0.0,230415.56
2023-01-23,OC_MOUTH,Oral Care,North,1484,176.61,0,0.0,262094.36
2023-01-30,OC_MOUTH,Oral Care,North,1225,177.54,0,0.0,217489.02
2023-02-06,OC_MOUTH,Oral Care,North,1612,164.91,0,0.0,265829.54
2023-02-13,OC_MOUTH,Oral Care,North,1298,172.17,0,0.0,223475.87
2023-02-20,OC_MOUTH,Oral Care,North,1218,168.57,0,0.0,205319.59
2023-02-27,OC_MOUTH,Oral Care,North,1107,167.07,0,0.0,184942.34
2023-03-06,OC_MOUTH,Oral Care,North,1060,163.16,0,0.0,172953.96
2023-03-13,OC_MOUTH,Oral Care,North,1196,176.61,0,0.0,211223.41
2023-03-20,OC_MOUTH,Oral Care,North,1364,174.23,0,0.0,237653.23
2023-03-27,OC_MOUTH,Oral Care,North,1455,160.36,0,0.0,233324.0
2023-04-03,OC_MOUTH,Oral Care,North,1212,163.91,0,0.0,198653.6
2023-04-10,OC_MOUTH,Oral Care,North,1408,154.79,0,0.0,217938.86
2023-04-17,OC_MOUTH,Oral Care,North,1319,162.19,0,0.0,213928.13
2023-04-24,OC_MOUTH,Oral Care,North,1187,170.39,0,0.0,202252.73
2023-05-01,OC_MOUTH,Oral Care,North,1281,164.78,0,0.0,211082.72
2023-05-08,OC_MOUTH,Oral Care,North,1555,166.71,0,0.0,259228.78
2023-05-15,OC_MOUTH,Oral Care,North,1246,176.85,0,0.0,220354.67
2023-05-22,OC_MOUTH,Oral Care,North,1093,178.62,0,0.0,195236.3
2023-05-29,OC_MOUTH,Oral Care,North,1314,162.02,0,0.0,212896.82
2023-06-05,OC_MOUTH,Oral Care,North,1361,156.38,0,0.0,212828.72
2023-06-12,OC_MOUTH,Oral Care,North,1299,156.24,0,0.0,202959.45
2023-06-19,OC_MOUTH,Oral Care,North,1360,169.99,0,0.0,231188.4
2023-06-26,OC_MOUTH,Oral Care,North,1227,164.72,0,0.0,202107.04
2023-07-03,OC_MOUTH,Oral Care,North,1214,159.34,0,0.0,193441.78
2023-07-10,OC_MOUTH,Oral Care,North,1090,177.25,0,0.0,193201.49
2023-07-17,OC_MOUTH,Oral Care,North,1263,165.44,0,0.0,208946.5
2023-07-24,OC_MOUTH,Oral Care,North,1466,175.26,0,0.0,256930.63
2023-07-31,OC_MOUTH,Oral Care,North,1129,168.4,0,0.0,190127.54
2023-08-07,OC_MOUTH,Oral Care,North,1361,154.09,0,0.0,209713.02
2023-08-14,OC_MOUTH,Oral Care,North,1492,168.17,0,0.0,250910.65
2023-08-21,OC_MOUTH,Oral Care,North,1430,169.37,0,0.0,242205.16
2023-08-28,OC_MOUTH,Oral Care,North,1355,157.11,0,0.0,212877.8
2023-09-04,OC_MOUTH,Oral Care,North,1301,167.99,0,0.0,218556.98
2023-09-11,OC_MOUTH,Oral Care,North,1226,157.31,0,0.0,192863.54
2023-09-18,OC_MOUTH,Oral Care,North,1601,164.69,0,0.0,263667.19
2023-09-25,OC_MOUTH,Oral Care,North,1474,166.34,0,0.0,245181.82
2023-10-02,OC_MOUTH,Oral Care,North,1487,169.59,0,0.0,252182.97
2023-10-09,OC_MOUTH,Oral Care,North,1282,180.47,0,0.0,231367.82
2023-10-16,OC_MOUTH,Oral Care,North,1436,173.28,0,0.0,248826.01
2023-10-23,OC_MOUTH,Oral Care,North,1149,170.22,0,0.0,195581.85
2023-10-30,OC_MOUTH,Oral Care,North,1366,160.56,0,0.0,219319.0
2023-11-06,OC_MOUTH,Oral Care,North,1789,166.95,0,0.0,298669.49
2023-11-13,OC_MOUTH,Oral Care,North,1411,161.96,0,0.0,228518.81
2023-11-20,OC_MOUTH,Oral Care,North,1735,161.97,0,0.0,281009.46
2023-11-27,OC_MOUTH,Oral Care,North,1369,165.08,0,0.0,225996.77
2023-12-04,OC_MOUTH,Oral Care,North,2364,129.24,1,0.22,305532.11
2023-12-11,OC_MOUTH,Oral Care,North,3012,128.24,1,0.22,386256.3
2023-12-18,OC_MOUTH,Oral Care,North,1392,161.88,0,0.0,225343.4
2023-12-25,OC_MOUTH,Oral Care,North,1541,167.16,0,0.0,257593.95
2024-01-01,OC_MOUTH,Oral Care,North,1427,180.71,0,0.0,257874.38
2024-01-08,OC_MOUTH,Oral Care,North,1430,161.4,0,0.0,230808.59
2024-01-15,OC_MOUTH,Oral Care,North,1476,163.6,0,0.0,241479.45
2024-01-22,OC_MOUTH,Oral Care,North,1389,162.25,0,0.0,225361.9
2024-01-29,OC_MOUTH,Oral Care,North,1507,160.46,0,0.0,241811.21
2024-02-05,OC_MOUTH,Oral Care,North,1219,181.85,0,0.0,221678.8
2024-02-12,OC_MOUTH,Oral Care,North,1398,166.87,0,0.0,233282.36
2024-02-19,OC_MOUTH,Oral Care,North,1307,167.26,0,0.0,218610.64
2024-02-26,OC_MOUTH,Oral Care,North,1266,178.3,0,0.0,225733.72
2024-03-04,OC_MOUTH,Oral Care,North,1464,166.18,0,0.0,243289.02
2024-03-11,OC_MOUTH,Oral Care,North,1281,178.4,0,0.0,228532.34
2024-03-18,OC_MOUTH,Oral Care,North,1336,172.81,0,0.0,230879.62
2024-03-25,OC_MOUTH,Oral Care,North,1531,152.79,0,0.0,233919.16
2024-04-01,OC_MOUTH,Oral Care,North,1235,173.27,0,0.0,213985.53
2024-04-08,OC_MOUTH,Oral Care,North,1433,165.66,0,0.0,237395.72
2024-04-15,OC_MOUTH,Oral Care,North,1288,159.29,0,0.0,205161.53
2024-04-22,OC_MOUTH,Oral Care,North,1517,156.05,0,0.0,236722.59
2024-04-29,OC_MOUTH,Oral Care,North,1264,158.88,0,0.0,200824.22
2024-05-06,OC_MOUTH,Oral Care,North,1267,166.07,0,0.0,210414.92
2024-05-13,OC_MOUTH,Oral Care,North,1314,172.08,0,0.0,226119.27
2024-05-20,OC_MOUTH,Oral Care,North,1313,161.51,0,0.0,212056.11
2024-05-27,OC_MOUTH,Oral Care,North,1411,162.67,0,0.0,229529.21
2024-06-03,OC_MOUTH,Oral Care,North,1207,179.19,0,0.0,216277.77
2024-06-10,OC_MOUTH,Oral Care,North,1310,156.54,0,0.0,205062.92
2024-06-17,OC_MOUTH,Oral Care,North,1321,173.9,0,0.0,229718.13
2024-06-24,OC_MOUTH,Oral Care,North,1349,170.96,0,0.0,230626.06
2024-07-01,OC_MOUTH,Oral Care,North,1452,160.38,0,0.0,232872.96
2024-07-08,OC_MOUTH,Oral Care,North,1215,180.19,0,0.0,218926.82
2024-07-15,OC_MOUTH,Oral Care,North,1064,166.92,0,0.0,177607.04
2024-07-22,OC_MOUTH,Oral Care,North,1373,169.44,0,0.0,232643.87
2024-07-29,OC_MOUTH,Oral Care,North,1403,169.25,0,0.0,237454.39
2024-08-05,OC_MOUTH,Oral Care,North,1275,164.63,0,0.0,209908.31
2024-08-12,OC_MOUTH,Oral Care,North,1340,171.43,0,0.0,229722.13
2024-08-19,OC_MOUTH,Oral Care,North,1186,172.15,0,0.0,204169.31
2024-08-26,OC_MOUTH,Oral Care,North,1378,182.15,0,0.0,251001.16
2024-09-02,OC_MOUTH,Oral Care,North,1406,174.9,0,0.0,245903.34
2024-09-09,OC_MOUTH,Oral Care,North,1300,170.7,0,0.0,221905.84
2024-09-16,OC_MOUTH,Oral Care,North,1423,166.14,0,0.0,236421.06
2024-09-23,OC_MOUTH,Oral Care,North,1444,171.1,0,0.0,247067.36
2024-09-30,OC_MOUTH,Oral Care,North,1485,165.94,0,0.0,246418.39
2024-10-07,OC_MOUTH,Oral Care,North,1493,162.61,0,0.0,242783.59
2024-10-14,OC_MOUTH,Oral Care,North,1304,173.22,0,0.0,225879.05
2024-10-21,OC_MOUTH,Oral Care,North,1268,180.71,0,0.0,229141.18
2024-10-28,OC_MOUTH,Oral Care,North,1629,157.37,0,0.0,256349.97
2024-11-04,OC_MOUTH,Oral Care,North,1403,177.73,0,0.0,249358.24
2024-11-11,OC_MOUTH,Oral Care,North,1326,178.26,0,0.0,236378.56
2024-11-18,OC_MOUTH,Oral Care,North,1189,183.66,0,0.0,218367.43
2024-11-25,OC_MOUTH,Oral Care,North,1539,159.82,0,0.0,245963.86
2024-12-02,OC_MOUTH,Oral Care,North,2793,132.79,1,0.22,370880.0
2024-12-09,OC_MOUTH,Oral Care,North,2783,129.78,1,0.22,361182.2
2024-12-16,OC_MOUTH,Oral Care,North,1584,179.96,0,0.0,285048.79
2024-12-23,OC_MOUTH,Oral Care,North,1640,170.05,0,0.0,278880.21
