powerbi/fact_sales.csv
date,sku,category,region,units,price,promo_flag,discount_depth,revenue
2023-01-02,OC_MOUTH,Oral Care,South,1523,159.38,0,0.0,242732.32
2023-01-09,OC_MOUTH,Oral Care,South,944,161.78,0,0.0,152716.69
2023-01-16,OC_MOUTH,Oral Care,South,1160,167.43,0,0.0,194217.84
2023-01-23,OC_MOUTH,Oral Care,South,1098,157.99,0,0.0,173475.78
2023-01-30,OC_MOUTH,Oral Care,South,1334,145.84,0,0.0,194547.0
2023-02-06,OC_MOUTH,Oral Care,South,1127,157.72,0,0.0,177745.18
2023-02-13,OC_MOUTH,Oral Care,South,1174,168.89,0,0.0,198277.22
2023-02-20,OC_MOUTH,Oral Care,South,1137,168.24,0,0.0,191286.07
2023-02-27,OC_MOUTH,Oral Care,South,1051,154.03,0,0.0,161883.74
2023-03-06,OC_MOUTH,Oral Care,South,1322,151.27,0,0.0,199980.43
2023-03-13,OC_MOUTH,Oral Care,South,1071,160.81,0,0.0,172230.32
2023-03-20,OC_MOUTH,Oral Care,South,1409,154.79,0,0.0,218094.15
2023-03-27,OC_MOUTH,Oral Care,South,1264,161.44,0,0.0,204061.38
2023-04-03,OC_MOUTH,Oral Care,South,1057,158.37,0,0.0,167395.45
2023-04-10,OC_MOUTH,Oral Care,South,1023,164.94,0,0.0,168736.69
2023-04-17,OC_MOUTH,Oral Care,South,1127,164.13,0,0.0,184974.94
2023-04-24,OC_MOUTH,Oral Care,South,1148,147.96,0,0.0,169852.46
2023-05-01,OC_MOUTH,Oral Care,South,1060,158.67,0,0.0,168189.08
2023-05-08,OC_MOUTH,Oral Care,South,1303,160.48,0,0.0,209099.63
2023-05-15,OC_MOUTH,Oral Care,South,1076,160.46,0,0.0,172651.26
2023-05-22,OC_MOUTH,Oral Care,South,1546,164.75,0,0.0,254709.9
2023-05-29,OC_MOUTH,Oral Care,South,955,166.61,0,0.0,159114.49
2023-06-05,OC_MOUTH,Oral Care,South,1248,155.96,0,0.0,194635.08
2023-06-12,OC_MOUTH,Oral Care,South,918,152.05,0,0.0,139580.72
2023-06-19,OC_MOUTH,Oral Care,South,1262,177.73,0,0.0,224289.65
2023-06-26,OC_MOUTH,Oral Care,South,1066,172.77,0,0.0,184172.96
2023-07-03,OC_MOUTH,Oral Care,South,1196,167.39,0,0.0,200202.87
2023-07-10,OC_MOUTH,Oral Care,South,1132,170.37,0,0.0,192857.16
2023-07-17,OC_MOUTH,Oral Care,South,1040,171.38,0,0.0,178235.29
2023-07-24,OC_MOUTH,Oral Care,South,1269,158.16,0,0.0,200704.18
2023-07-31,OC_MOUTH,Oral Care,South,1325,160.55,0,0.0,212725.14
2023-08-07,OC_MOUTH,Oral Care,South,1072,158.45,0,0.0,169862.15
2023-08-14,OC_MOUTH,Oral Care,South,1403,154.21,0,0.0,216361.23
2023-08-21,OC_MOUTH,Oral Care,South,1177,166.9,0,0.0,196442.34
2023-08-28,OC_MOUTH,Oral Care,South,1152,172.42,0,0.0,198628.02
2023-09-04,OC_MOUTH,Oral Care,South,1241,167.17,0,0.0,207464.07
2023-09-11,OC_MOUTH,Oral Care,South,1389,164.51,0,0.0,228505.39
2023-09-18,OC_MOUTH,Oral Care,South,1212,171.01,0,0.0,207262.84
2023-09-25,OC_MOUTH,Oral Care,South,1256,164.32,0,0.0,206385.72
2023-10-02,OC_MOUTH,Oral Care,South,1518,161.63,0,0.0,245354.24
2023-10-09,OC_MOUTH,Oral Care,South,1302,155.77,0,0.0,202815.2
2023-10-16,OC_MOUTH,Oral Care,South,1031,161.96,0,0.0,166985.5
2023-10-23,OC_MOUTH,Oral Care,South,1679,157.98,0,0.0,265242.84
2023-10-30,OC_MOUTH,Oral Care,South,1445,162.01,0,0.0,234103.69
2023-11-06,OC_MOUTH,Oral Care,South,1568,158.47,0,0.0,248473.6
2023-11-13,OC_MOUTH,Oral Care,South,1478,167.03,0,0.0,246871.61
2023-11-20,OC_MOUTH,Oral Care,South,1389,172.05,0,0.0,238983.06
2023-11-27,OC_MOUTH,Oral Care,South,1503,161.89,0,0.0,243322.92
2023-12-04,OC_MOUTH,Oral Care,South,2620,124.03,1,0.22,324948.55
2023-12-11,OC_MOUTH,Oral Care,South,2445,124.16,1,0.22,303562.21
2023-12-18,OC_MOUTH,Oral Care,South,1309,160.67,0,0.0,210310.71
2023-12-25,OC_MOUTH,Oral Care,South,1486,152.17,0,0.0,226128.13
2024-01-01,OC_MOUTH,Oral Care,South,1376,160.19,0,0.0,220422.75
2024-01-08,OC_MOUTH,Oral Care,South,1240,166.58,0,0.0,206554.18
2024-01-15,OC_MOUTH,Oral Care,South,1363,166.05,0,0.0,226321.71
2024-01-22,OC_MOUTH,Oral Care,South,1316,163.03,0,0.0,214543.88
2024-01-29,OC_MOUTH,Oral Care,South,1162,163.8,0,0.0,190338.36
2024-02-05,OC_MOUTH,Oral Care,South,1356,169.53,0,0.0,229876.26
2024-02-12,OC_MOUTH,Oral Care,South,1223,159.79,0,0.0,195427.11
2024-02-19,OC_MOUTH,Oral Care,South,1262,159.69,0,0.0,201534.61
2024-02-26,OC_MOUTH,Oral Care,South,1262,155.44,0,0.0,196168.39
2024-03-04,OC_MOUTH,Oral Care,South,1156,151.68,0,0.0,175341.64
2024-03-11,OC_MOUTH,Oral Care,South,1093,163.17,0,0.0,178349.65
2024-03-18,OC_MOUTH,Oral Care,South,1141,168.71,0,0.0,192503.51
2024-03-25,OC_MOUTH,Oral Care,South,1218,160.07,0,0.0,194963.33
2024-04-01,OC_MOUTH,Oral Care,South,925,169.75,0,0.0,157014.57
2024-04-08,OC_MOUTH,Oral Care,South,1222,157.01,0,0.0,191870.3
2024-04-15,OC_MOUTH,Oral Care,South,1266,164.55,0,0.0,208320.33
2024-04-22,OC_MOUTH,Oral Care,South,1143,170.11,0,0.0,194430.81
2024-04-29,OC_MOUTH,Oral Care,South,1436,159.34,0,0.0,228805.75
2024-05-06,OC_MOUTH,Oral Care,South,1567,149.91,0,0.0,234910.41
2024-05-13,OC_MOUTH,Oral Care,South,1247,157.99,0,0.0,197008.28
2024-05-20,OC_MOUTH,Oral Care,South,1254,165.21,0,0.0,207172.25
2024-05-27,OC_MOUTH,Oral Care,South,1185,160.42,0,0.0,190099.11
2024-06-03,OC_MOUTH,Oral Care,South,1375,157.74,0,0.0,216893.37
2024-06-10,OC_MOUTH,Oral Care,South,1275,163.66,0,0.0,208665.69
2024-06-17,OC_MOUTH,Oral Care,South,1482,149.54,0,0.0,221621.57
2024-06-24,OC_MOUTH,Oral Care,South,1475,156.1,0,0.0,230246.94
2024-07-01,OC_MOUTH,Oral Care,South,1359,169.8,0,0.0,230753.19
2024-07-08,OC_MOUTH,Oral Care,South,1272,166.66,0,0.0,211994.36
2024-07-15,OC_MOUTH,Oral Care,South,1291,154.86,0,0.0,199918.06
2024-07-22,OC_MOUTH,Oral Care,South,1472,156.0,0,0.0,229628.7
2024-07-29,OC_MOUTH,Oral Care,South,1583,164.88,0,0.0,261009.4
2024-08-05,OC_MOUTH,Oral Care,South,1069,169.66,0,0.0,181363.28
2024-08-12,OC_MOUTH,Oral Care,South,1021,161.12,0,0.0,164499.57
2024-08-19,OC_MOUTH,Oral Care,South,1343,168.43,0,0.0,226204.61
2024-08-26,OC_MOUTH,Oral Care,South,1496,156.74,0,0.0,234486.55
2024-09-02,OC_MOUTH,Oral Care,South,1303,168.63,0,0.0,219730.2
2024-09-09,OC_MOUTH,Oral Care,South,1345,155.4,0,0.0,209018.22
2024-09-16,OC_MOUTH,Oral Care,South,1212,151.66,0,0.0,183810.55
2024-09-23,OC_MOUTH,Oral Care,South,1485,154.94,0,0.0,230090.32
2024-09-30,OC_MOUTH,Oral Care,South,1114,170.79,0,0.0,190259.42
2024-10-07,OC_MOUTH,Oral Care,South,1488,161.22,0,0.0,239897.59
2024-10-14,OC_MOUTH,Oral Care,South,1166,167.38,0,0.0,195160.76
2024-10-21,OC_MOUTH,Oral Care,South,1608,156.41,0,0.0,251511.46
2024-10-28,OC_MOUTH,Oral Care,South,1435,161.46,0,0.0,231700.68
2024-11-04,OC_MOUTH,Oral Care,South,1337,166.7,0,0.0,222882.52
2024-11-11,OC_MOUTH,Oral Care,South,1503,162.67,0,0.0,244485.51
2024-11-18,OC_MOUTH,Oral Care,South,1322,165.11,0,0.0,218278.58
2024-11-25,OC_MOUTH,Oral Care,South,1293,154.7,0,0.0,200024.34
2024-12-02,OC_MOUTH,Oral Care,South,2390,131.19,1,0.22,313551.5
2024-12-09,OC_MOUTH,Oral Care,South,3033,129.07,1,0.22,391467.25
2024-12-16,OC_MOUTH,Oral Care,South,1420,165.49,0,0.0,234993.32
2024-12-23,OC_MOUTH,Oral Care,South,1384,160.73,0,0.0,222457.14
2023-01-02,OC_MOUTH,Oral Care,West,1435,161.66,0,0.0,231979.15
2023-01-09,OC_MOUTH,Oral Care,West,1524,163.33,0,0.0,248910.92
2023-01-16,OC_MOUTH,Oral Care,West,1569,165.85,0,0.0,260220.19
2023-01-23,OC_MOUTH,Oral Care,West,1475,159.68,0,0.0,235530.56
2023-01-30,OC_MOUTH,Oral Care,West,1769,158.43,0,0.0,280268.27
2023-02-06,OC_MOUTH,Oral Care,West,1317,179.5,0,0.0,236396.92
2023-02-13,OC_MOUTH,Oral Care,West,1567,166.6,0,0.0,261061.97
2023-02-20,OC_MOUTH,Oral Care,West,1391,164.57,0,0.0,228923.7
2023-02-27,OC_MOUTH,Oral Care,West,1224,172.35,0,0.0,210953.53
2023-03-06,OC_MOUTH,Oral Care,West,1188,183.74,0,0.0,218281.15
2023-03-13,OC_MOUTH,Oral Care,West,1431,164.0,0,0.0,234689.81
2023-03-20,OC_MOUTH,Oral Care,West,1192,179.89,0,0.0,214426.37
2023-03-27,OC_MOUTH,Oral Care,West,1374,177.97,0,0.0,244531.68
2023-04-03,OC_MOUTH,Oral Care,West,1536,164.29,0,0.0,252355.41
2023-04-10,OC_MOUTH,Oral Care,West,1261,166.71,0,0.0,210217.96
2023-04-17,OC_MOUTH,Oral Care,West,1202,167.88,0,0.0,201792.44
2023-04-24,OC_MOUTH,Oral Care,West,1230,175.97,0,0.0,216446.46
2023-05-01,OC_MOUTH,Oral Care,West,1349,172.8,0,0.0,233104.81
2023-05-08,OC_MOUTH,Oral Care,West,945,162.68,0,0.0,153734.43
2023-05-15,OC_MOUTH,Oral Care,West,1168,158.56,0,0.0,185199.94
2023-05-22,OC_MOUTH,Oral Care,West,1360,172.3,0,0.0,234327.61
2023-05-29,OC_MOUTH,Oral Care,West,1386,169.0,0,0.0,234231.81
2023-06-05,OC_MOUTH,Oral Care,West,1346,160.14,0,0.0,215543.16
2023-06-12,OC_MOUTH,Oral Care,West,1373,173.42,0,0.0,238110.63
2023-06-19,OC_MOUTH,Oral Care,West,1245,172.35,0,0.0,214577.29
2023-06-26,OC_MOUTH,Oral Care,West,1149,183.02,0,0.0,210287.73
2023-07-03,OC_MOUTH,Oral Care,West,1210,167.49,0,0.0,202659.66
2023-07-10,OC_MOUTH,Oral Care,West,1551,160.53,0,0.0,248978.65
2023-07-17,OC_MOUTH,Oral Care,West,1153,166.64,0,0.0,192134.24
2023-07-24,OC_MOUTH,Oral Care,West,940,167.76,0,0.0,157697.3
2023-07-31,OC_MOUTH,Oral Care,West,1473,162.2,0,0.0,238926.64
2023-08-07,OC_MOUTH,Oral Care,West,1466,179.0,0,0.0,262413.91
2023-08-14,OC_MOUTH,Oral Care,West,1259,170.27,0,0.0,214365.76
2023-08-21,OC_MOUTH,Oral Care,West,1627,168.68,0,0.0,274444.41
2023-08-28,OC_MOUTH,Oral Care,West,1481,154.36,0,0.0,228613.89
2023-09-04,OC_MOUTH,Oral Care,West,1491,178.84,0,0.0,266645.99
2023-09-11,OC_MOUTH,Oral Care,West,1393,166.24,0,0.0,231574.93
2023-09-18,OC_MOUTH,Oral Care,West,1536,157.82,0,0.0,242407.53
2023-09-25,OC_MOUTH,Oral Care,West,1337,168.42,0,0.0,225176.79
2023-10-02,OC_MOUTH,Oral Care,West,1436,164.53,0,0.0,236267.51
2023-10-09,OC_MOUTH,Oral Care,West,1237,170.55,0,0.0,210973.37
2023-10-16,OC_MOUTH,Oral Care,West,1385,171.32,0,0.0,237280.73
2023-10-23,OC_MOUTH,Oral Care,West,1228,179.85,0,0.0,220860.58
2023-10-30,OC_MOUTH,Oral Care,West,1654,166.93,0,0.0,276101.84
2023-11-06,OC_MOUTH,Oral Care,West,1179,173.64,0,0.0,204718.16
2023-11-13,OC_MOUTH,Oral Care,West,1713,172.87,0,0.0,296131.11
2023-11-20,OC_MOUTH,Oral Care,West,1332,168.22,0,0.0,224074.84
2023-11-27,OC_MOUTH,Oral Care,West,1598,170.78,0,0.0,272902.74
2023-12-04,OC_MOUTH,Oral Care,West,2573,135.5,1,0.22,348643.61
2023-12-11,OC_MOUTH,Oral Care,West,2832,124.61,1,0.22,352897.14
2023-12-18,OC_MOUTH,Oral Care,West,1661,169.92,0,0.0,282239.78
2023-12-25,OC_MOUTH,Oral Care,West,1443,174.27,0,0.0,251476.58
2024-01-01,OC_MOUTH,Oral Care,West,1230,180.4,0,0.0,221888.5
2024-01-08,OC_MOUTH,Oral Care,West,1573,172.83,0,0.0,271854.48
2024-01-15,OC_MOUTH,Oral Care,West,1424,170.15,0,0.0,242293.84
2024-01-22,OC_MOUTH,Oral Care,West,1137,168.83,0,0.0,191955.0
2024-01-29,OC_MOUTH,Oral Care,West,1565,166.08,0,0.0,259912.26
2024-02-05,OC_MOUTH,Oral Care,West,1557,169.73,0,0.0,264270.41
2024-02-12,OC_MOUTH,Oral Care,West,1305,176.79,0,0.0,230713.04
2024-02-19,OC_MOUTH,Oral Care,West,1279,166.87,0,0.0,213424.06
2024-02-26,OC_MOUTH,Oral Care,West,1354,172.91,0,0.0,234125.62
2024-03-04,OC_MOUTH,Oral Care,West,1234,183.82,0,0.0,226828.99
2024-03-11,OC_MOUTH,Oral Care,West,1480,156.23,0,0.0,231216.45
2024-03-18,OC_MOUTH,Oral Care,West,1341,170.01,0,0.0,227989.34
2024-03-25,OC_MOUTH,Oral Care,West,1444,160.16,0,0.0,231272.1
2024-04-01,OC_MOUTH,Oral Care,West,1221,162.41,0,0.0,198297.19
2024-04-08,OC_MOUTH,Oral Care,West,1536,166.54,0,0.0,255807.73
2024-04-15,OC_MOUTH,Oral Care,West,1336,174.69,0,0.0,233386.64
2024-04-22,OC_MOUTH,Oral Care,West,1583,169.95,0,0.0,269035.41
2024-04-29,OC_MOUTH,Oral Care,West,1435,166.27,0,0.0,238594.39
2024-05-06,OC_MOUTH,Oral Care,West,1569,173.41,0,0.0,272078.59
2024-05-13,OC_MOUTH,Oral Care,West,1427,174.38,0,0.0,248833.77
2024-05-20,OC_MOUTH,Oral Care,West,1679,163.18,0,0.0,273983.78
2024-05-27,OC_MOUTH,Oral Care,West,1433,170.69,0,0.0,244596.84
2024-06-03,OC_MOUTH,Oral Care,West,1187,161.41,0,0.0,191591.34
2024-06-10,OC_MOUTH,Oral Care,West,1078,174.84,0,0.0,188478.74
2024-06-17,OC_MOUTH,Oral Care,West,1585,168.55,0,0.0,267144.44
2024-06-24,OC_MOUTH,Oral Care,West,1288,176.78,0,0.0,227690.88
2024-07-01,OC_MOUTH,Oral Care,West,1482,161.43,0,0.0,239245.71
2024-07-08,OC_MOUTH,Oral Care,West,1305,166.6,0,0.0,217413.71
2024-07-15,OC_MOUTH,Oral Care,West,1550,170.35,0,0.0,264050.14
2024-07-22,OC_MOUTH,Oral Care,West,1098,171.06,0,0.0,187823.31
2024-07-29,OC_MOUTH,Oral Care,West,1432,165.85,0,0.0,237499.74
2024-08-05,OC_MOUTH,Oral Care,West,1463,176.12,0,0.0,257658.77
2024-08-12,OC_MOUTH,Oral Care,West,1620,164.93,0,0.0,267193.92
2024-08-19,OC_MOUTH,Oral Care,West,1478,170.83,0,0.0,252486.62
2024-08-26,OC_MOUTH,Oral Care,West,1674,171.5,0,0.0,287095.67
2024-09-02,OC_MOUTH,Oral Care,West,1563,168.47,0,0.0,263325.51
2024-09-09,OC_MOUTH,Oral Care,West,1482,173.09,0,0.0,256522.18
2024-09-16,OC_MOUTH,Oral Care,West,1224,179.32,0,0.0,219487.87
2024-09-23,OC_MOUTH,Oral Care,West,1623,166.14,0,0.0,269637.12
2024-09-30,OC_MOUTH,Oral Care,West,1485,175.24,0,0.0,260236.39
2024-10-07,OC_MOUTH,Oral Care,West,1711,180.74,0,0.0,309242.24
2024-10-14,OC_MOUTH,Oral Care,West,1537,167.06,0,0.0,256767.9
2024-10-21,OC_MOUTH,Oral Care,West,1753,172.61,0,0.0,302593.77
2024-10-28,OC_MOUTH,Oral Care,West,1583,170.05,0,0.0,269194.21
2024-11-04,OC_MOUTH,Oral Care,West,1314,183.39,0,0.0,240973.09
2024-11-11,OC_MOUTH,Oral Care,West,1668,165.6,0,0.0,276221.14
2024-11-18,OC_MOUTH,Oral Care,West,1230,178.99,0,0.0,220152.67
2024-11-25,OC_MOUTH,Oral Care,West,1386,174.8,0,0.0,242278.12
2024-12-02,OC_MOUTH,Oral Care,West,2328,140.99,1,0.22,328232.7
2024-12-09,OC_MOUTH,Oral Care,West,3160,137.66,1,0.22,435008.01
2024-12-16,OC_MOUTH,Oral Care,West,1630,168.94,0,0.0,275369.98
2024-12-23,OC_MOUTH,Oral Care,West,1586,169.03,0,0.0,268086.92
