powerbi/fact_sales.csv
date,sku,category,region,units,price,promo_flag,discount_depth,revenue
2023-01-02,OC_MOUTH,Oral Care,East,929,162.73,0,0.0,151174.1
2023-01-09,OC_MOUTH,Oral Care,East,1184,155.54,0,0.0,184153.56
2023-01-16,OC_MOUTH,Oral Care,East,772,167.89,0,0.0,129609.3
2023-01-23,OC_MOUTH,Oral Care,East,887,176.77,0,0.0,156795.71
2023-01-30,OC_MOUTH,Oral Care,East,1051,168.52,0,0.0,177112.47
2023-02-06,OC_MOUTH,Oral Care,East,1109,161.26,0,0.0,178842.6
2023-02-13,OC_MOUTH,Oral Care,East,939,161.64,0,0.0,151777.92
2023-02-20,OC_MOUTH,Oral Care,East,1159,165.59,0,0.0,191919.98
2023-02-27,OC_MOUTH,Oral Care,East,772,162.75,0,0.0,125646.25
2023-03-06,OC_MOUTH,Oral Care,East,820,174.79,0,0.0,143323.73
2023-03-13,OC_MOUTH,Oral Care,East,943,154.66,0,0.0,145844.65
2023-03-20,OC_MOUTH,Oral Care,East,1010,160.46,0,0.0,162066.48
2023-03-27,OC_MOUTH,Oral Care,East,942,168.01,0,0.0,158263.54
2023-04-03,OC_MOUTH,Oral Care,East,866,164.58,0,0.0,142522.69
2023-04-10,OC_MOUTH,Oral Care,East,1031,160.89,0,0.0,165879.6
2023-04-17,OC_MOUTH,Oral Care,East,1047,150.83,0,0.0,157914.99
2023-04-24,OC_MOUTH,Oral Care,East,1055,166.1,0,0.0,175238.66
2023-05-01,OC_MOUTH,Oral Care,East,1062,167.31,0,0.0,177683.93
2023-05-08,OC_MOUTH,Oral Care,East,857,167.29,0,0.0,143364.27
2023-05-15,OC_MOUTH,Oral Care,East,946,158.5,0,0.0,149936.54
2023-05-22,OC_MOUTH,Oral Care,East,1215,159.58,0,0.0,193883.74
2023-05-29,OC_MOUTH,Oral Care,East,1003,166.18,0,0.0,166674.79
2023-06-05,OC_MOUTH,Oral Care,East,998,154.31,0,0.0,154000.69
2023-06-12,OC_MOUTH,Oral Care,East,1126,165.24,0,0.0,186061.23
2023-06-19,OC_MOUTH,Oral Care,East,997,158.59,0,0.0,158114.02
2023-06-26,OC_MOUTH,Oral Care,East,1163,150.71,0,0.0,175274.91
2023-07-03,OC_MOUTH,Oral Care,East,1123,158.52,0,0.0,178019.15
2023-07-10,OC_MOUTH,Oral Care,East,1209,162.41,0,0.0,196354.48
2023-07-17,OC_MOUTH,Oral Care,East,906,154.88,0,0.0,140319.83
2023-07-24,OC_MOUTH,Oral Care,East,1049,161.95,0,0.0,169882.41
2023-07-31,OC_MOUTH,Oral Care,East,1180,156.7,0,0.0,184911.72
2023-08-07,OC_MOUTH,Oral Care,East,963,161.14,0,0.0,155180.03
2023-08-14,OC_MOUTH,Oral Care,East,1004,151.26,0,0.0,151866.92
2023-08-21,OC_MOUTH,Oral Care,East,911,166.1,0,0.0,151315.51
2023-08-28,OC_MOUTH,Oral Care,East,1060,162.41,0,0.0,172155.33
2023-09-04,OC_MOUTH,Oral Care,East,939,159.54,0,0.0,149806.73
2023-09-11,OC_MOUTH,Oral Care,East,1203,154.54,0,0.0,185912.59
2023-09-18,OC_MOUTH,Oral Care,East,942,161.91,0,0.0,152519.19
2023-09-25,OC_MOUTH,Oral Care,East,1235,157.19,0,0.0,194135.13
2023-10-02,OC_MOUTH,Oral Care,East,1188,159.31,0,0.0,189258.4
2023-10-09,OC_MOUTH,Oral Care,East,1020,157.39,0,0.0,160541.99
2023-10-16,OC_MOUTH,Oral Care,East,1106,162.7,0,0.0,179940.8
2023-10-23,OC_MOUTH,Oral Care,East,1135,162.87,0,0.0,184859.84
2023-10-30,OC_MOUTH,Oral Care,East,1222,158.91,0,0.0,194187.34
2023-11-06,OC_MOUTH,Oral Care,East,995,162.01,0,0.0,161204.32
2023-11-13,OC_MOUTH,Oral Care,East,978,168.84,0,0.0,165121.0
2023-11-20,OC_MOUTH,Oral Care,East,1117,169.52,0,0.0,189350.36
2023-11-27,OC_MOUTH,Oral Care,East,1328,152.77,0,0.0,202884.28
2023-12-04,OC_MOUTH,Oral Care,East,2100,122.24,1,0.22,256694.21
2023-12-11,OC_MOUTH,Oral Care,East,2255,121.17,1,0.22,273247.6
2023-12-18,OC_MOUTH,Oral Care,East,1364,151.27,0,0.0,206332.81
2023-12-25,OC_MOUTH,Oral Care,East,1135,157.18,0,0.0,178403.09
2024-01-01,OC_MOUTH,Oral Care,East,1087,177.86,0,0.0,193334.99
2024-01-08,OC_MOUTH,Oral Care,East,1066,165.29,0,0.0,176195.61
2024-01-15,OC_MOUTH,Oral Care,East,905,162.35,0,0.0,146924.37
2024-01-22,OC_MOUTH,Oral Care,East,1062,159.3,0,0.0,169179.01
2024-01-29,OC_MOUTH,Oral Care,East,1130,156.22,0,0.0,176532.98
2024-02-05,OC_MOUTH,Oral Care,East,1083,152.34,0,0.0,164980.35
2024-02-12,OC_MOUTH,Oral Care,East,1097,167.12,0,0.0,183329.02
2024-02-19,OC_MOUTH,Oral Care,East,1130,154.79,0,0.0,174911.5
2024-02-26,OC_MOUTH,Oral Care,East,1368,152.59,0,0.0,208737.47
2024-03-04,OC_MOUTH,Oral Care,East,893,166.52,0,0.0,148703.8
2024-03-11,OC_MOUTH,Oral Care,East,1066,159.66,0,0.0,170199.69
2024-03-18,OC_MOUTH,Oral Care,East,1003,151.47,0,0.0,151928.89
2024-03-25,OC_MOUTH,Oral Care,East,1137,150.5,0,0.0,171122.06
2024-04-01,OC_MOUTH,Oral Care,East,1271,157.78,0,0.0,200535.05
2024-04-08,OC_MOUTH,Oral Care,East,1073,155.38,0,0.0,166725.28
2024-04-15,OC_MOUTH,Oral Care,East,1055,173.29,0,0.0,182816.22
2024-04-22,OC_MOUTH,Oral Care,East,1008,169.21,0,0.0,170561.67
2024-04-29,OC_MOUTH,Oral Care,East,1224,157.6,0,0.0,192896.6
2024-05-06,OC_MOUTH,Oral Care,East,1022,166.25,0,0.0,169911.65
2024-05-13,OC_MOUTH,Oral Care,East,872,170.07,0,0.0,148300.37
2024-05-20,OC_MOUTH,Oral Care,East,1232,154.25,0,0.0,190033.59
2024-05-27,OC_MOUTH,Oral Care,East,1154,161.64,0,0.0,186532.73
2024-06-03,OC_MOUTH,Oral Care,East,1207,152.87,0,0.0,184516.39
2024-06-10,OC_MOUTH,Oral Care,East,1152,162.25,0,0.0,186914.13
2024-06-17,OC_MOUTH,Oral Care,East,1175,158.2,0,0.0,185888.49
2024-06-24,OC_MOUTH,Oral Care,East,1293,156.68,0,0.0,202591.08
2024-07-01,OC_MOUTH,Oral Care,East,1077,152.43,0,0.0,164163.08
2024-07-08,OC_MOUTH,Oral Care,East,784,165.96,0,0.0,130109.89
2024-07-15,OC_MOUTH,Oral Care,East,974,156.67,0,0.0,152595.69
2024-07-22,OC_MOUTH,Oral Care,East,1068,167.35,0,0.0,178728.05
2024-07-29,OC_MOUTH,Oral Care,East,1109,158.25,0,0.0,175497.74
2024-08-05,OC_MOUTH,Oral Care,East,1174,158.01,0,0.0,185501.4
2024-08-12,OC_MOUTH,Oral Care,East,1088,167.22,0,0.0,181939.32
2024-08-19,OC_MOUTH,Oral Care,East,904,172.45,0,0.0,155893.97
2024-08-26,OC_MOUTH,Oral Care,East,955,165.49,0,0.0,158041.11
2024-09-02,OC_MOUTH,Oral Care,East,1281,152.76,0,0.0,195683.97
2024-09-09,OC_MOUTH,Oral Care,East,1047,160.36,0,0.0,167901.61
2024-09-16,OC_MOUTH,Oral Care,East,1229,156.43,0,0.0,192247.19
2024-09-23,OC_MOUTH,Oral Care,East,915,162.05,0,0.0,148273.59
2024-09-30,OC_MOUTH,Oral Care,East,1185,155.57,0,0.0,184354.8
2024-10-07,OC_MOUTH,Oral Care,East,1072,172.18,0,0.0,184572.99
2024-10-14,OC_MOUTH,Oral Care,East,1360,151.34,0,0.0,205826.94
2024-10-21,OC_MOUTH,Oral Care,East,1286,159.78,0,0.0,205477.47
2024-10-28,OC_MOUTH,Oral Care,East,1088,162.08,0,0.0,176347.81
2024-11-04,OC_MOUTH,Oral Care,East,1087,162.11,0,0.0,176216.39
2024-11-11,OC_MOUTH,Oral Care,East,1059,177.01,0,0.0,187456.26
2024-11-18,OC_MOUTH,Oral Care,East,1135,167.59,0,0.0,190210.73
2024-11-25,OC_MOUTH,Oral Care,East,1082,153.75,0,0.0,166359.73
2024-12-02,OC_MOUTH,Oral Care,East,2406,129.53,1,0.22,311637.66
2024-12-09,OC_MOUTH,Oral Care,East,2455,121.33,1,0.22,297862.7
2024-12-16,OC_MOUTH,Oral Care,East,1186,171.45,0,0.0,203340.77
2024-12-23,OC_MOUTH,Oral Care,East,985,167.61,0,0.0,165094.57
2023-01-02,OC_MOUTH,Oral Care,Central,1018,166.02,0,0.0,169009.47
2023-01-09,OC_MOUTH,Oral Care,Central,1047,172.34,0,0.0,180443.81
2023-01-16,OC_MOUTH,Oral Care,Central,1135,165.34,0,0.0,187661.34
2023-01-23,OC_MOUTH,Oral Care,Central,1258,166.14,0,0.0,209009.02
2023-01-30,OC_MOUTH,Oral Care,Central,1128,172.78,0,0.0,194892.71
2023-02-06,OC_MOUTH,Oral Care,Central,1202,157.19,0,0.0,188946.54
2023-02-13,OC_MOUTH,Oral Care,Central,838,162.57,0,0.0,136233.17
2023-02-20,OC_MOUTH,Oral Care,Central,1314,165.86,0,0.0,217938.27
2023-02-27,OC_MOUTH,Oral Care,Central,1142,158.01,0,0.0,180447.87
2023-03-06,OC_MOUTH,Oral Care,Central,978,173.41,0,0.0,169596.79
2023-03-13,OC_MOUTH,Oral Care,Central,1250,160.08,0,0.0,200100.02
2023-03-20,OC_MOUTH,Oral Care,Central,1180,164.85,0,0.0,194527.84
2023-03-27,OC_MOUTH,Oral Care,Central,1236,171.94,0,0.0,212518.5
2023-04-03,OC_MOUTH,Oral Care,Central,1001,177.32,0,0.0,177493.53
2023-04-10,OC_MOUTH,Oral Care,Central,1138,165.76,0,0.0,188634.86
2023-04-17,OC_MOUTH,Oral Care,Central,1097,159.31,0,0.0,174761.55
2023-04-24,OC_MOUTH,Oral Care,Central,1177,176.71,0,0.0,207989.72
2023-05-01,OC_MOUTH,Oral Care,Central,864,171.7,0,0.0,148349.03
2023-05-08,OC_MOUTH,Oral Care,Central,796,171.26,0,0.0,136325.9
2023-05-15,OC_MOUTH,Oral Care,Central,993,167.85,0,0.0,166671.76
2023-05-22,OC_MOUTH,Oral Care,Central,1185,165.1,0,0.0,195645.53
2023-05-29,OC_MOUTH,Oral Care,Central,1163,160.28,0,0.0,186400.12
2023-06-05,OC_MOUTH,Oral Care,Central,917,178.34,0,0.0,163540.88
2023-06-12,OC_MOUTH,Oral Care,Central,1141,166.06,0,0.0,189476.35
2023-06-19,OC_MOUTH,Oral Care,Central,958,167.91,0,0.0,160856.91
2023-06-26,OC_MOUTH,Oral Care,Central,949,164.61,0,0.0,156214.66
2023-07-03,OC_MOUTH,Oral Care,Central,1149,165.33,0,0.0,189962.97
2023-07-10,OC_MOUTH,Oral Care,Central,933,163.98,0,0.0,152990.3
2023-07-17,OC_MOUTH,Oral Care,Central,954,159.4,0,0.0,152066.09
2023-07-24,OC_MOUTH,Oral Care,Central,1005,157.47,0,0.0,158256.97
2023-07-31,OC_MOUTH,Oral Care,Central,1028,164.81,0,0.0,169423.57
2023-08-07,OC_MOUTH,Oral Care,Central,1208,162.52,0,0.0,196320.89
2023-08-14,OC_MOUTH,Oral Care,Central,1015,170.15,0,0.0,172702.29
2023-08-21,OC_MOUTH,Oral Care,Central,943,168.0,0,0.0,158427.08
2023-08-28,OC_MOUTH,Oral Care,Central,1247,155.87,0,0.0,194375.42
2023-09-04,OC_MOUTH,Oral Care,Central,960,157.67,0,0.0,151366.0
2023-09-11,OC_MOUTH,Oral Care,Central,1269,159.21,0,0.0,202038.85
2023-09-18,OC_MOUTH,Oral Care,Central,1056,167.03,0,0.0,176383.0
2023-09-25,OC_MOUTH,Oral Care,Central,968,164.89,0,0.0,159615.53
2023-10-02,OC_MOUTH,Oral Care,Central,1236,164.01,0,0.0,202717.22
2023-10-09,OC_MOUTH,Oral Care,Central,1003,166.7,0,0.0,167197.68
2023-10-16,OC_MOUTH,Oral Care,Central,1213,164.5,0,0.0,199536.64
2023-10-23,OC_MOUTH,Oral Care,Central,1112,169.28,0,0.0,188239.51
2023-10-30,OC_MOUTH,Oral Care,Central,1115,169.32,0,0.0,188787.09
2023-11-06,OC_MOUTH,Oral Care,Central,816,177.55,0,0.0,144879.28
2023-11-13,OC_MOUTH,Oral Care,Central,1246,168.81,0,0.0,210335.55
2023-11-20,OC_MOUTH,Oral Care,Central,1284,168.81,0,0.0,216749.26
2023-11-27,OC_MOUTH,Oral Care,Central,1135,152.13,0,0.0,172668.38
2023-12-04,OC_MOUTH,Oral Care,Central,1975,117.32,1,0.22,231698.38
2023-12-11,OC_MOUTH,Oral Care,Central,1888,136.68,1,0.22,258045.52
2023-12-18,OC_MOUTH,Oral Care,Central,1279,166.1,0,0.0,212440.03
2023-12-25,OC_MOUTH,Oral Care,Central,1151,164.49,0,0.0,189327.84
2024-01-01,OC_MOUTH,Oral Care,Central,1051,154.06,0,0.0,161918.02
2024-01-08,OC_MOUTH,Oral Care,Central,1152,161.73,0,0.0,186307.85
2024-01-15,OC_MOUTH,Oral Care,Central,1081,162.99,0,0.0,176191.08
2024-01-22,OC_MOUTH,Oral Care,Central,1212,172.16,0,0.0,208663.36
2024-01-29,OC_MOUTH,Oral Care,Central,1339,160.75,0,0.0,215240.86
2024-02-05,OC_MOUTH,Oral Care,Central,1023,169.41,0,0.0,173308.01
2024-02-12,OC_MOUTH,Oral Care,Central,934,176.51,0,0.0,164865.01
2024-02-19,OC_MOUTH,Oral Care,Central,1081,167.56,0,0.0,181133.72
2024-02-26,OC_MOUTH,Oral Care,Central,1018,163.64,0,0.0,166584.33
2024-03-04,OC_MOUTH,Oral Care,Central,868,167.21,0,0.0,145137.7
2024-03-11,OC_MOUTH,Oral Care,Central,1094,171.32,0,0.0,187424.45
2024-03-18,OC_MOUTH,Oral Care,Central,983,163.11,0,0.0,160340.68
2024-03-25,OC_MOUTH,Oral Care,Central,1335,160.09,0,0.0,213724.43
2024-04-01,OC_MOUTH,Oral Care,Central,1121,160.13,0,0.0,179509.58
2024-04-08,OC_MOUTH,Oral Care,Central,1146,157.02,0,0.0,179943.57
2024-04-15,OC_MOUTH,Oral Care,Central,1103,168.09,0,0.0,185401.05
2024-04-22,OC_MOUTH,Oral Care,Central,990,173.77,0,0.0,172031.83
2024-04-29,OC_MOUTH,Oral Care,Central,1101,169.19,0,0.0,186277.71
2024-05-06,OC_MOUTH,Oral Care,Central,1167,177.98,0,0.0,207705.01
2024-05-13,OC_MOUTH,Oral Care,Central,1345,164.66,0,0.0,221469.97
2024-05-20,OC_MOUTH,Oral Care,Central,1409,155.23,0,0.0,218721.34
2024-05-27,OC_MOUTH,Oral Care,Central,910,171.39,0,0.0,155965.26
2024-06-03,OC_MOUTH,Oral Care,Central,1009,159.41,0,0.0,160846.01
2024-06-10,OC_MOUTH,Oral Care,Central,1062,168.96,0,0.0,179433.71
2024-06-17,OC_MOUTH,Oral Care,Central,1187,163.42,0,0.0,193984.89
2024-06-24,OC_MOUTH,Oral Care,Central,1043,169.29,0,0.0,176571.07
2024-07-01,OC_MOUTH,Oral Care,Central,1056,167.85,0,0.0,177251.48
2024-07-08,OC_MOUTH,Oral Care,Central,1205,164.89,0,0.0,198687.12
2024-07-15,OC_MOUTH,Oral Care,Central,1294,157.74,0,0.0,204121.23
2024-07-22,OC_MOUTH,Oral Care,Central,1133,160.86,0,0.0,182254.45
2024-07-29,OC_MOUTH,Oral Care,Central,1127,157.11,0,0.0,177065.79
2024-08-05,OC_MOUTH,Oral Care,Central,1184,172.74,0,0.0,204527.46
2024-08-12,OC_MOUTH,Oral Care,Central,1105,171.85,0,0.0,189895.28
2024-08-19,OC_MOUTH,Oral Care,Central,1159,175.08,0,0.0,202916.76
2024-08-26,OC_MOUTH,Oral Care,Central,1148,163.53,0,0.0,187729.34
2024-09-02,OC_MOUTH,Oral Care,Central,1323,155.89,0,0.0,206241.74
2024-09-09,OC_MOUTH,Oral Care,Central,1320,162.35,0,0.0,214303.37
2024-09-16,OC_MOUTH,Oral Care,Central,935,167.9,0,0.0,156986.13
2024-09-23,OC_MOUTH,Oral Care,Central,1103,152.51,0,0.0,168219.05
2024-09-30,OC_MOUTH,Oral Care,Central,1062,163.82,0,0.0,173975.83
2024-10-07,OC_MOUTH,Oral Care,Central,1278,156.0,0,0.0,199371.28
2024-10-14,OC_MOUTH,Oral Care,Central,1345,169.51,0,0.0,227992.55
2024-10-21,OC_MOUTH,Oral Care,Central,1115,159.85,0,0.0,178236.47
2024-10-28,OC_MOUTH,Oral Care,Central,1298,160.01,0,0.0,207696.93
2024-11-04,OC_MOUTH,Oral Care,Central,1149,178.72,0,0.0,205351.4
2024-11-11,OC_MOUTH,Oral Care,Central,1139,175.22,0,0.0,199571.9
2024-11-18,OC_MOUTH,Oral Care,Central,1320,170.34,0,0.0,224848.88
2024-11-25,OC_MOUTH,Oral Care,Central,1529,159.84,0,0.0,244392.94
2024-12-02,OC_MOUTH,Oral Care,Central,2359,131.31,1,0.22,309756.71
2024-12-09,OC_MOUTH,Oral Care,Central,2126,126.19,1,0.22,268270.7
2024-12-16,OC_MOUTH,Oral Care,Central,1254,151.89,0,0.0,190470.21
2024-12-23,OC_MOUTH,Oral Care,Central,1073,170.83,0,0.0,183298.77
