powerbi/fact_sales.csv
date,sku,category,region,units,price,promo_flag,discount_depth,revenue
2023-01-02,OC_TP_KIDS,Oral Care,North,1394,71.56,0,0.0,99758.44
2023-01-09,OC_TP_KIDS,Oral Care,North,1902,69.32,0,0.0,131847.14
2023-01-16,OC_TP_KIDS,Oral Care,North,1622,76.08,0,0.0,123394.43
2023-01-23,OC_TP_KIDS,Oral Care,North,1791,71.71,0,0.0,128429.45
2023-01-30,OC_TP_KIDS,Oral Care,North,1539,68.83,0,0.0,105922.24
2023-02-06,OC_TP_KIDS,Oral Care,North,1634,73.64,0,0.0,120332.98
2023-02-13,OC_TP_KIDS,Oral Care,North,1387,73.13,0,0.0,101436.78
2023-02-20,OC_TP_KIDS,Oral Care,North,1797,71.2,0,0.0,127949.2
2023-02-27,OC_TP_KIDS,Oral Care,North,1878,69.11,0,0.0,129788.89
2023-03-06,OC_TP_KIDS,Oral Care,North,1905,70.17,0,0.0,133668.17
2023-03-13,OC_TP_KIDS,Oral Care,North,1634,71.6,0,0.0,116989.42
2023-03-20,OC_TP_KIDS,Oral Care,North,1787,70.18,0,0.0,125403.5
2023-03-27,OC_TP_KIDS,Oral Care,North,1466,74.17,0,0.0,108732.05
2023-04-03,OC_TP_KIDS,Oral Care,North,1501,76.72,0,0.0,115150.11
2023-04-10,OC_TP_KIDS,Oral Care,North,1494,75.25,0,0.0,112430.42
2023-04-17,OC_TP_KIDS,Oral Care,North,1470,74.65,0,0.0,109742.26
2023-04-24,OC_TP_KIDS,Oral Care,North,1545,72.63,0,0.0,112214.17
2023-05-01,OC_TP_KIDS,Oral Care,North,1508,73.18,0,0.0,110350.37
2023-05-08,OC_TP_KIDS,Oral Care,North,1821,70.82,0,0.0,128956.84
2023-05-15,OC_TP_KIDS,Oral Care,North,1503,74.69,0,0.0,112264.83
2023-05-22,OC_TP_KIDS,Oral Care,North,1443,74.65,0,0.0,107713.62
2023-05-29,OC_TP_KIDS,Oral Care,North,1615,69.61,0,0.0,112423.42
2023-06-05,OC_TP_KIDS,Oral Care,North,1435,73.47,0,0.0,105422.5
2023-06-12,OC_TP_KIDS,Oral Care,North,1477,73.13,0,0.0,108006.54
2023-06-19,OC_TP_KIDS,Oral Care,North,1796,73.78,0,0.0,132502.69
2023-06-26,OC_TP_KIDS,Oral Care,North,1374,79.78,0,0.0,109618.1
2023-07-03,OC_TP_KIDS,Oral Care,North,1320,72.54,0,0.0,95755.37
2023-07-10,OC_TP_KIDS,Oral Care,North,1765,66.74,0,0.0,117799.09
2023-07-17,OC_TP_KIDS,Oral Care,North,1586,71.13,0,0.0,112807.9
2023-07-24,OC_TP_KIDS,Oral Care,North,1566,73.5,0,0.0,115103.17
2023-07-31,OC_TP_KIDS,Oral Care,North,1745,68.94,0,0.0,120293.21
2023-08-07,OC_TP_KIDS,Oral Care,North,1803,69.93,0,0.0,126075.61
2023-08-14,OC_TP_KIDS,Oral Care,North,1918,68.61,0,0.0,131593.53
2023-08-21,OC_TP_KIDS,Oral Care,North,1470,74.42,0,0.0,109394.78
2023-08-28,OC_TP_KIDS,Oral Care,North,1625,65.13,0,0.0,105839.38
2023-09-04,OC_TP_KIDS,Oral Care,North,1603,76.03,0,0.0,121874.24
2023-09-11,OC_TP_KIDS,Oral Care,North,1654,72.47,0,0.0,119858.26
2023-09-18,OC_TP_KIDS,Oral Care,North,1596,72.52,0,0.0,115738.46
2023-09-25,OC_TP_KIDS,Oral Care,North,2148,73.48,0,0.0,157839.15
2023-10-02,OC_TP_KIDS,Oral Care,North,1774,69.82,0,0.0,123860.16
2023-10-09,OC_TP_KIDS,Oral Care,North,1906,71.11,0,0.0,135533.15
2023-10-16,OC_TP_KIDS,Oral Care,North,1766,72.76,0,0.0,128501.93
2023-10-23,OC_TP_KIDS,Oral Care,North,1898,67.31,0,0.0,127753.36
2023-10-30,OC_TP_KIDS,Oral Care,North,1932,65.92,0,0.0,127353.77
2023-11-06,OC_TP_KIDS,Oral Care,North,1519,72.31,0,0.0,109843.82
2023-11-13,OC_TP_KIDS,Oral Care,North,1627,74.82,0,0.0,121731.32
2023-11-20,OC_TP_KIDS,Oral Care,North,1492,73.3,0,0.0,109360.87
2023-11-27,OC_TP_KIDS,Oral Care,North,2050,62.34,0,0.0,127795.24
2023-12-04,OC_TP_KIDS,Oral Care,North,1302,73.98,0,0.0,96326.74
2023-12-11,OC_TP_KIDS,Oral Care,North,1713,69.96,0,0.0,119842.63
2023-12-18,OC_TP_KIDS,Oral Care,North,2082,65.91,0,0.0,137229.06
2023-12-25,OC_TP_KIDS,Oral Care,North,1937,71.65,0,0.0,138777.14
2024-01-01,OC_TP_KIDS,Oral Care,North,1732,72.21,0,0.0,125065.97
2024-01-08,OC_TP_KIDS,Oral Care,North,1720,70.16,0,0.0,120683.34
2024-01-15,OC_TP_KIDS,Oral Care,North,1944,69.71,0,0.0,135507.88
2024-01-22,OC_TP_KIDS,Oral Care,North,1803,73.88,0,0.0,133198.1
2024-01-29,OC_TP_KIDS,Oral Care,North,1524,74.24,0,0.0,113139.62
2024-02-05,OC_TP_KIDS,Oral Care,North,1899,75.11,0,0.0,142630.45
2024-02-12,OC_TP_KIDS,Oral Care,North,1695,70.43,0,0.0,119373.41
2024-02-19,OC_TP_KIDS,Oral Care,North,2187,64.74,0,0.0,141596.68
2024-02-26,OC_TP_KIDS,Oral Care,North,2122,67.9,0,0.0,144091.78
2024-03-04,OC_TP_KIDS,Oral Care,North,1986,69.81,0,0.0,138642.08
2024-03-11,OC_TP_KIDS,Oral Care,North,1588,69.33,0,0.0,110101.57
2024-03-18,OC_TP_KIDS,Oral Care,North,1628,72.15,0,0.0,117464.55
2024-03-25,OC_TP_KIDS,Oral Care,North,2351,63.32,0,0.0,148867.92
2024-04-01,OC_TP_KIDS,Oral Care,North,1738,64.48,0,0.0,112074.61
2024-04-08,OC_TP_KIDS,Oral Care,North,1732,70.72,0,0.0,122487.26
2024-04-15,OC_TP_KIDS,Oral Care,North,1671,70.89,0,0.0,118462.61
2024-04-22,OC_TP_KIDS,Oral Care,North,1886,70.89,0,0.0,133706.89
2024-04-29,OC_TP_KIDS,Oral Care,North,1583,70.97,0,0.0,112348.28
2024-05-06,OC_TP_KIDS,Oral Care,North,1749,76.37,0,0.0,133568.12
2024-05-13,OC_TP_KIDS,Oral Care,North,1807,68.92,0,0.0,124546.58
2024-05-20,OC_TP_KIDS,Oral Care,North,1796,68.19,0,0.0,122476.04
2024-05-27,OC_TP_KIDS,Oral Care,North,1993,66.54,0,0.0,132607.97
2024-06-03,OC_TP_KIDS,Oral Care,North,1535,73.57,0,0.0,112924.23
2024-06-10,OC_TP_KIDS,Oral Care,North,1809,70.13,0,0.0,126871.14
2024-06-17,OC_TP_KIDS,Oral Care,North,1976,68.07,0,0.0,134511.38
2024-06-24,OC_TP_KIDS,Oral Care,North,1568,73.35,0,0.0,115019.39
2024-07-01,OC_TP_KIDS,Oral Care,North,1860,67.88,0,0.0,126254.23
2024-07-08,OC_TP_KIDS,Oral Care,North,2104,66.48,0,0.0,139866.26
2024-07-15,OC_TP_KIDS,Oral Care,North,1606,73.16,0,0.0,117492.81
2024-07-22,OC_TP_KIDS,Oral Care,North,1505,70.98,0,0.0,106830.29
2024-07-29,OC_TP_KIDS,Oral Care,North,1494,72.37,0,0.0,108116.45
2024-08-05,OC_TP_KIDS,Oral Care,North,1848,70.38,0,0.0,130056.39
2024-08-12,OC_TP_KIDS,Oral Care,North,1953,68.41,0,0.0,133598.43
2024-08-19,OC_TP_KIDS,Oral Care,North,1750,71.48,0,0.0,125090.16
2024-08-26,OC_TP_KIDS,Oral Care,North,1571,67.92,0,0.0,106701.6
2024-09-02,OC_TP_KIDS,Oral Care,North,2405,67.82,0,0.0,163095.47
2024-09-09,OC_TP_KIDS,Oral Care,North,1806,73.44,0,0.0,132627.2
2024-09-16,OC_TP_KIDS,Oral Care,North,2075,69.0,0,0.0,143176.17
2024-09-23,OC_TP_KIDS,Oral Care,North,1597,72.87,0,0.0,116375.98
2024-09-30,OC_TP_KIDS,Oral Care,North,1947,68.92,0,0.0,134188.98
2024-10-07,OC_TP_KIDS,Oral Care,North,2119,67.19,0,0.0,142366.78
2024-10-14,OC_TP_KIDS,Oral Care,North,1950,72.71,0,0.0,141775.18
2024-10-21,OC_TP_KIDS,Oral Care,North,2362,68.31,0,0.0,161343.82
2024-10-28,OC_TP_KIDS,Oral Care,North,2073,69.67,0,0.0,144432.51
2024-11-04,OC_TP_KIDS,Oral Care,North,1959,69.81,0,0.0,136752.16
2024-11-11,OC_TP_KIDS,Oral Care,North,1937,70.85,0,0.0,137231.76
2024-11-18,OC_TP_KIDS,Oral Care,North,1637,78.64,0,0.0,128737.23
2024-11-25,OC_TP_KIDS,Oral Care,North,1875,71.15,0,0.0,133397.39
2024-12-02,OC_TP_KIDS,Oral Care,North,2017,72.54,0,0.0,146318.95
2024-12-09,OC_TP_KIDS,Oral Care,North,1689,68.45,0,0.0,115613.74
2024-12-16,OC_TP_KIDS,Oral Care,North,1962,68.09,0,0.0,133599.93
2024-12-23,OC_TP_KIDS,Oral Care,North,1819,74.31,0,0.0,135177.38
2023-01-02,OC_TP_KIDS,Oral Care,South,1717,68.31,0,0.0,117282.38
2023-01-09,OC_TP_KIDS,Oral Care,South,2048,66.12,0,0.0,135412.58
2023-01-16,OC_TP_KIDS,Oral Care,South,1776,68.17,0,0.0,121071.32
2023-01-23,OC_TP_KIDS,Oral Care,South,1465,70.95,0,0.0,103937.38
2023-01-30,OC_TP_KIDS,Oral Care,South,1619,68.16,0,0.0,110356.39
2023-02-06,OC_TP_KIDS,Oral Care,South,1563,67.08,0,0.0,104841.31
2023-02-13,OC_TP_KIDS,Oral Care,South,1579,66.81,0,0.0,105499.78
2023-02-20,OC_TP_KIDS,Oral Care,South,1365,71.13,0,0.0,97085.74
2023-02-27,OC_TP_KIDS,Oral Care,South,1397,70.36,0,0.0,98290.29
2023-03-06,OC_TP_KIDS,Oral Care,South,1519,68.08,0,0.0,103417.96
2023-03-13,OC_TP_KIDS,Oral Care,South,1676,68.18,0,0.0,114276.64
2023-03-20,OC_TP_KIDS,Oral Care,South,1462,70.99,0,0.0,103791.56
2023-03-27,OC_TP_KIDS,Oral Care,South,1676,68.1,0,0.0,114129.86
2023-04-03,OC_TP_KIDS,Oral Care,South,1520,68.26,0,0.0,103761.04
2023-04-10,OC_TP_KIDS,Oral Care,South,1582,71.42,0,0.0,112982.67
2023-04-17,OC_TP_KIDS,Oral Care,South,1067,73.34,0,0.0,78249.11
2023-04-24,OC_TP_KIDS,Oral Care,South,1669,67.85,0,0.0,113248.93
2023-05-01,OC_TP_KIDS,Oral Care,South,1427,65.78,0,0.0,93863.5
2023-05-08,OC_TP_KIDS,Oral Care,South,1201,68.42,0,0.0,82177.13
2023-05-15,OC_TP_KIDS,Oral Care,South,1701,62.05,0,0.0,105555.44
2023-05-22,OC_TP_KIDS,Oral Care,South,1381,67.31,0,0.0,92949.91
2023-05-29,OC_TP_KIDS,Oral Care,South,1673,68.45,0,0.0,114509.57
2023-06-05,OC_TP_KIDS,Oral Care,South,1646,66.31,0,0.0,109148.19
2023-06-12,OC_TP_KIDS,Oral Care,South,1327,70.88,0,0.0,94052.18
2023-06-19,OC_TP_KIDS,Oral Care,South,1701,63.79,0,0.0,108514.97
2023-06-26,OC_TP_KIDS,Oral Care,South,1873,68.44,0,0.0,128187.95
2023-07-03,OC_TP_KIDS,Oral Care,South,1312,70.36,0,0.0,92317.14
2023-07-10,OC_TP_KIDS,Oral Care,South,1497,67.07,0,0.0,100406.41
2023-07-17,OC_TP_KIDS,Oral Care,South,1583,69.9,0,0.0,110648.47
2023-07-24,OC_TP_KIDS,Oral Care,South,1552,70.77,0,0.0,109841.94
2023-07-31,OC_TP_KIDS,Oral Care,South,1693,64.85,0,0.0,109792.62
2023-08-07,OC_TP_KIDS,Oral Care,South,1472,68.96,0,0.0,101503.88
2023-08-14,OC_TP_KIDS,Oral Care,South,1334,70.12,0,0.0,93535.57
2023-08-21,OC_TP_KIDS,Oral Care,South,1778,69.99,0,0.0,124441.86
2023-08-28,OC_TP_KIDS,Oral Care,South,2169,67.24,0,0.0,145836.76
2023-09-04,OC_TP_KIDS,Oral Care,South,1640,71.19,0,0.0,116744.79
2023-09-11,OC_TP_KIDS,Oral Care,South,1456,68.55,0,0.0,99802.81
2023-09-18,OC_TP_KIDS,Oral Care,South,1421,69.61,0,0.0,98910.28
2023-09-25,OC_TP_KIDS,Oral Care,South,1755,64.72,0,0.0,113591.24
2023-10-02,OC_TP_KIDS,Oral Care,South,1566,66.21,0,0.0,103678.7
2023-10-09,OC_TP_KIDS,Oral Care,South,1558,65.5,0,0.0,102050.03
2023-10-16,OC_TP_KIDS,Oral Care,South,1701,68.21,0,0.0,116016.8
2023-10-23,OC_TP_KIDS,Oral Care,South,1962,69.25,0,0.0,135864.38
2023-10-30,OC_TP_KIDS,Oral Care,South,1415,70.56,0,0.0,99842.36
2023-11-06,OC_TP_KIDS,Oral Care,South,1763,65.03,0,0.0,114648.02
2023-11-13,OC_TP_KIDS,Oral Care,South,1632,67.56,0,0.0,110256.07
2023-11-20,OC_TP_KIDS,Oral Care,South,1551,69.22,0,0.0,107356.29
2023-11-27,OC_TP_KIDS,Oral Care,South,1483,64.54,0,0.0,95710.92
2023-12-04,OC_TP_KIDS,Oral Care,South,1368,73.76,0,0.0,100906.37
2023-12-11,OC_TP_KIDS,Oral Care,South,1713,68.03,0,0.0,116535.65
2023-12-18,OC_TP_KIDS,Oral Care,South,1487,74.03,0,0.0,110079.86
2023-12-25,OC_TP_KIDS,Oral Care,South,1735,70.01,0,0.0,121466.79
2024-01-01,OC_TP_KIDS,Oral Care,South,1565,68.75,0,0.0,107600.46
2024-01-08,OC_TP_KIDS,Oral Care,South,1490,70.36,0,0.0,104842.33
2024-01-15,OC_TP_KIDS,Oral Care,South,1713,65.36,0,0.0,111958.95
2024-01-22,OC_TP_KIDS,Oral Care,South,1913,72.49,0,0.0,138668.23
2024-01-29,OC_TP_KIDS,Oral Care,South,1418,70.75,0,0.0,100319.36
2024-02-05,OC_TP_KIDS,Oral Care,South,1673,68.67,0,0.0,114879.54
2024-02-12,OC_TP_KIDS,Oral Care,South,1635,65.38,0,0.0,106903.2
2024-02-19,OC_TP_KIDS,Oral Care,South,1882,65.74,0,0.0,123715.24
2024-02-26,OC_TP_KIDS,Oral Care,South,1635,68.32,0,0.0,111701.21
2024-03-04,OC_TP_KIDS,Oral Care,South,1413,76.72,0,0.0,108398.71
2024-03-11,OC_TP_KIDS,Oral Care,South,1592,71.43,0,0.0,113714.23
2024-03-18,OC_TP_KIDS,Oral Care,South,1570,69.09,0,0.0,108479.05
2024-03-25,OC_TP_KIDS,Oral Care,South,1962,69.42,0,0.0,136209.5
2024-04-01,OC_TP_KIDS,Oral Care,South,1486,67.67,0,0.0,100562.16
2024-04-08,OC_TP_KIDS,Oral Care,South,2060,67.61,0,0.0,139276.43
2024-04-15,OC_TP_KIDS,Oral Care,South,1739,65.98,0,0.0,114731.51
2024-04-22,OC_TP_KIDS,Oral Care,South,1483,67.74,0,0.0,100465.19
2024-04-29,OC_TP_KIDS,Oral Care,South,2008,68.42,0,0.0,137380.69
2024-05-06,OC_TP_KIDS,Oral Care,South,1849,66.49,0,0.0,122935.59
2024-05-13,OC_TP_KIDS,Oral Care,South,1748,66.17,0,0.0,115659.08
2024-05-20,OC_TP_KIDS,Oral Care,South,1811,71.82,0,0.0,130072.1
2024-05-27,OC_TP_KIDS,Oral Care,South,1832,66.38,0,0.0,121603.78
2024-06-03,OC_TP_KIDS,Oral Care,South,1760,67.71,0,0.0,119174.7
2024-06-10,OC_TP_KIDS,Oral Care,South,1811,73.29,0,0.0,132726.84
2024-06-17,OC_TP_KIDS,Oral Care,South,1927,62.44,0,0.0,120327.66
2024-06-24,OC_TP_KIDS,Oral Care,South,1607,65.63,0,0.0,105470.69
2024-07-01,OC_TP_KIDS,Oral Care,South,1609,66.44,0,0.0,106909.04
2024-07-08,OC_TP_KIDS,Oral Care,South,1607,70.7,0,0.0,113607.11
2024-07-15,OC_TP_KIDS,Oral Care,South,1747,70.64,0,0.0,123400.47
2024-07-22,OC_TP_KIDS,Oral Care,South,1615,70.44,0,0.0,113757.06
2024-07-29,OC_TP_KIDS,Oral Care,South,2239,65.11,0,0.0,145782.48
2024-08-05,OC_TP_KIDS,Oral Care,South,1657,65.27,0,0.0,108157.23
2024-08-12,OC_TP_KIDS,Oral Care,South,1706,67.86,0,0.0,115773.96
2024-08-19,OC_TP_KIDS,Oral Care,South,1503,70.45,0,0.0,105886.68
2024-08-26,OC_TP_KIDS,Oral Care,South,1853,66.79,0,0.0,123761.11
2024-09-02,OC_TP_KIDS,Oral Care,South,1619,73.29,0,0.0,118648.59
2024-09-09,OC_TP_KIDS,Oral Care,South,1461,71.41,0,0.0,104325.44
2024-09-16,OC_TP_KIDS,Oral Care,South,1752,71.59,0,0.0,125419.46
2024-09-23,OC_TP_KIDS,Oral Care,South,2092,68.54,0,0.0,143393.67
2024-09-30,OC_TP_KIDS,Oral Care,South,1911,65.65,0,0.0,125465.74
2024-10-07,OC_TP_KIDS,Oral Care,South,1697,70.17,0,0.0,119075.16
2024-10-14,OC_TP_KIDS,Oral Care,South,1510,68.73,0,0.0,103783.7
2024-10-21,OC_TP_KIDS,Oral Care,South,1909,69.09,0,0.0,131884.05
2024-10-28,OC_TP_KIDS,Oral Care,South,2254,70.06,0,0.0,157926.28
2024-11-04,OC_TP_KIDS,Oral Care,South,1726,71.56,0,0.0,123515.49
2024-11-11,OC_TP_KIDS,Oral Care,South,1640,65.4,0,0.0,107257.12
2024-11-18,OC_TP_KIDS,Oral Care,South,2017,74.05,0,0.0,149351.3
2024-11-25,OC_TP_KIDS,Oral Care,South,1775,65.83,0,0.0,116840.9
2024-12-02,OC_TP_KIDS,Oral Care,South,1835,66.79,0,0.0,122552.39
2024-12-09,OC_TP_KIDS,Oral Care,South,2145,68.07,0,0.0,146007.27
2024-12-16,OC_TP_KIDS,Oral Care,South,1960,64.93,0,0.0,127269.68
2024-12-23,OC_TP_KIDS,Oral Care,South,1720,72.82,0,0.0,125257.2
