powerbi/fact_sales.csv
date,sku,category,region,units,price,promo_flag,discount_depth,revenue
2023-01-02,OC_TP_KIDS,Oral Care,West,1739,67.84,0,0.0,117977.93
2023-01-09,OC_TP_KIDS,Oral Care,West,2032,67.58,0,0.0,137322.1
2023-01-16,OC_TP_KIDS,Oral Care,West,1724,70.11,0,0.0,120877.28
2023-01-23,OC_TP_KIDS,Oral Care,West,1367,76.55,0,0.0,104644.49
2023-01-30,OC_TP_KIDS,Oral Care,West,1704,75.93,0,0.0,129377.84
2023-02-06,OC_TP_KIDS,Oral Care,West,1554,71.4,0,0.0,110953.07
2023-02-13,OC_TP_KIDS,Oral Care,West,1717,68.69,0,0.0,117937.54
2023-02-20,OC_TP_KIDS,Oral Care,West,1712,75.7,0,0.0,129593.81
2023-02-27,OC_TP_KIDS,Oral Care,West,1921,73.23,0,0.0,140672.49
2023-03-06,OC_TP_KIDS,Oral Care,West,1628,71.66,0,0.0,116666.06
2023-03-13,OC_TP_KIDS,Oral Care,West,1262,76.1,0,0.0,96032.61
2023-03-20,OC_TP_KIDS,Oral Care,West,1578,73.24,0,0.0,115578.62
2023-03-27,OC_TP_KIDS,Oral Care,West,1769,73.57,0,0.0,130148.45
2023-04-03,OC_TP_KIDS,Oral Care,West,1774,67.94,0,0.0,120527.07
2023-04-10,OC_TP_KIDS,Oral Care,West,1403,75.71,0,0.0,106227.28
2023-04-17,OC_TP_KIDS,Oral Care,West,1845,73.25,0,0.0,135139.97
2023-04-24,OC_TP_KIDS,Oral Care,West,1525,75.36,0,0.0,114926.85
2023-05-01,OC_TP_KIDS,Oral Care,West,1785,72.05,0,0.0,128615.73
2023-05-08,OC_TP_KIDS,Oral Care,West,1610,70.86,0,0.0,114088.22
2023-05-15,OC_TP_KIDS,Oral Care,West,1566,73.01,0,0.0,114338.58
2023-05-22,OC_TP_KIDS,Oral Care,West,1542,77.67,0,0.0,119771.74
2023-05-29,OC_TP_KIDS,Oral Care,West,2070,73.7,0,0.0,152559.84
2023-06-05,OC_TP_KIDS,Oral Care,West,1665,75.52,0,0.0,125733.08
2023-06-12,OC_TP_KIDS,Oral Care,West,1619,67.65,0,0.0,109525.26
2023-06-19,OC_TP_KIDS,Oral Care,West,1464,76.97,0,0.0,112688.92
2023-06-26,OC_TP_KIDS,Oral Care,West,1678,74.52,0,0.0,125052.36
2023-07-03,OC_TP_KIDS,Oral Care,West,1677,77.23,0,0.0,129512.02
2023-07-10,OC_TP_KIDS,Oral Care,West,1714,67.95,0,0.0,116468.59
2023-07-17,OC_TP_KIDS,Oral Care,West,1576,73.66,0,0.0,116087.4
2023-07-24,OC_TP_KIDS,Oral Care,West,1973,69.81,0,0.0,137736.94
2023-07-31,OC_TP_KIDS,Oral Care,West,1536,68.81,0,0.0,105698.77
2023-08-07,OC_TP_KIDS,Oral Care,West,1271,76.3,0,0.0,96973.76
2023-08-14,OC_TP_KIDS,Oral Care,West,1542,72.3,0,0.0,111488.79
2023-08-21,OC_TP_KIDS,Oral Care,West,1728,68.22,0,0.0,117881.27
2023-08-28,OC_TP_KIDS,Oral Care,West,1711,70.94,0,0.0,121373.25
2023-09-04,OC_TP_KIDS,Oral Care,West,1795,70.77,0,0.0,127025.98
2023-09-11,OC_TP_KIDS,Oral Care,West,1534,70.35,0,0.0,107920.4
2023-09-18,OC_TP_KIDS,Oral Care,West,1856,74.06,0,0.0,137464.12
2023-09-25,OC_TP_KIDS,Oral Care,West,1811,70.24,0,0.0,127199.07
2023-10-02,OC_TP_KIDS,Oral Care,West,1673,77.04,0,0.0,128894.33
2023-10-09,OC_TP_KIDS,Oral Care,West,1888,70.31,0,0.0,132746.91
2023-10-16,OC_TP_KIDS,Oral Care,West,1791,73.62,0,0.0,131856.8
2023-10-23,OC_TP_KIDS,Oral Care,West,1711,67.57,0,0.0,115613.65
2023-10-30,OC_TP_KIDS,Oral Care,West,2205,69.6,0,0.0,153458.88
2023-11-06,OC_TP_KIDS,Oral Care,West,2223,73.7,0,0.0,163827.19
2023-11-13,OC_TP_KIDS,Oral Care,West,1698,73.15,0,0.0,124213.38
2023-11-20,OC_TP_KIDS,Oral Care,West,1752,75.35,0,0.0,132014.28
2023-11-27,OC_TP_KIDS,Oral Care,West,1609,74.19,0,0.0,119366.0
2023-12-04,OC_TP_KIDS,Oral Care,West,2205,71.02,0,0.0,156603.03
2023-12-11,OC_TP_KIDS,Oral Care,West,1760,74.97,0,0.0,131951.71
2023-12-18,OC_TP_KIDS,Oral Care,West,2060,66.56,0,0.0,137111.81
2023-12-25,OC_TP_KIDS,Oral Care,West,1857,71.98,0,0.0,133659.43
2024-01-01,OC_TP_KIDS,Oral Care,West,1729,69.71,0,0.0,120532.4
2024-01-08,OC_TP_KIDS,Oral Care,West,2102,71.22,0,0.0,149711.9
2024-01-15,OC_TP_KIDS,Oral Care,West,2063,70.61,0,0.0,145673.44
2024-01-22,OC_TP_KIDS,Oral Care,West,2493,64.87,0,0.0,161723.31
2024-01-29,OC_TP_KIDS,Oral Care,West,1835,72.91,0,0.0,133794.97
2024-02-05,OC_TP_KIDS,Oral Care,West,2027,71.71,0,0.0,145363.05
2024-02-12,OC_TP_KIDS,Oral Care,West,1780,73.81,0,0.0,131383.84
2024-02-19,OC_TP_KIDS,Oral Care,West,1629,71.22,0,0.0,116013.51
2024-02-26,OC_TP_KIDS,Oral Care,West,2084,68.9,0,0.0,143580.13
2024-03-04,OC_TP_KIDS,Oral Care,West,1648,67.81,0,0.0,111748.3
2024-03-11,OC_TP_KIDS,Oral Care,West,1816,72.35,0,0.0,131390.97
2024-03-18,OC_TP_KIDS,Oral Care,West,1894,74.09,0,0.0,140335.21
2024-03-25,OC_TP_KIDS,Oral Care,West,2065,73.55,0,0.0,151887.65
2024-04-01,OC_TP_KIDS,Oral Care,West,2367,72.41,0,0.0,171386.08
2024-04-08,OC_TP_KIDS,Oral Care,West,1707,72.21,0,0.0,123267.2
2024-04-15,OC_TP_KIDS,Oral Care,West,2417,64.87,0,0.0,156790.02
2024-04-22,OC_TP_KIDS,Oral Care,West,1533,71.13,0,0.0,109044.03
2024-04-29,OC_TP_KIDS,Oral Care,West,1875,71.35,0,0.0,133784.74
2024-05-06,OC_TP_KIDS,Oral Care,West,1995,68.57,0,0.0,136794.81
2024-05-13,OC_TP_KIDS,Oral Care,West,1575,70.25,0,0.0,110641.62
2024-05-20,OC_TP_KIDS,Oral Care,West,1913,75.37,0,0.0,144174.35
2024-05-27,OC_TP_KIDS,Oral Care,West,1544,72.7,0,0.0,112244.59
2024-06-03,OC_TP_KIDS,Oral Care,West,2139,70.86,0,0.0,151564.07
2024-06-10,OC_TP_KIDS,Oral Care,West,2004,70.07,0,0.0,140415.7
2024-06-17,OC_TP_KIDS,Oral Care,West,1661,73.09,0,0.0,121401.72
2024-06-24,OC_TP_KIDS,Oral Care,West,1697,77.29,0,0.0,131160.21
2024-07-01,OC_TP_KIDS,Oral Care,West,2124,72.1,0,0.0,153139.75
2024-07-08,OC_TP_KIDS,Oral Care,West,1697,72.74,0,0.0,123447.97
2024-07-15,OC_TP_KIDS,Oral Care,West,1414,75.56,0,0.0,106838.88
2024-07-22,OC_TP_KIDS,Oral Care,West,1553,73.96,0,0.0,114856.31
2024-07-29,OC_TP_KIDS,Oral Care,West,1852,69.78,0,0.0,129225.58
2024-08-05,OC_TP_KIDS,Oral Care,West,1868,68.97,0,0.0,128833.49
2024-08-12,OC_TP_KIDS,Oral Care,West,1834,77.12,0,0.0,141443.94
2024-08-19,OC_TP_KIDS,Oral Care,West,1996,72.51,0,0.0,144725.96
2024-08-26,OC_TP_KIDS,Oral Care,West,1874,72.4,0,0.0,135674.57
2024-09-02,OC_TP_KIDS,Oral Care,West,2175,67.51,0,0.0,146839.89
2024-09-09,OC_TP_KIDS,Oral Care,West,1980,70.98,0,0.0,140546.61
2024-09-16,OC_TP_KIDS,Oral Care,West,2484,71.1,0,0.0,176605.26
2024-09-23,OC_TP_KIDS,Oral Care,West,1797,75.47,0,0.0,135628.49
2024-09-30,OC_TP_KIDS,Oral Care,West,1904,73.78,0,0.0,140476.97
2024-10-07,OC_TP_KIDS,Oral Care,West,2037,70.87,0,0.0,144366.08
2024-10-14,OC_TP_KIDS,Oral Care,West,1979,70.11,0,0.0,138755.75
2024-10-21,OC_TP_KIDS,Oral Care,West,2089,73.71,0,0.0,153973.36
2024-10-28,OC_TP_KIDS,Oral Care,West,1796,68.94,0,0.0,123809.9
2024-11-04,OC_TP_KIDS,Oral Care,West,2086,70.52,0,0.0,147110.01
2024-11-11,OC_TP_KIDS,Oral Care,West,2336,70.87,0,0.0,165541.91
2024-11-18,OC_TP_KIDS,Oral Care,West,2037,71.5,0,0.0,145636.37
2024-11-25,OC_TP_KIDS,Oral Care,West,2088,63.9,0,0.0,133431.88
2024-12-02,OC_TP_KIDS,Oral Care,West,1765,70.76,0,0.0,124883.45
2024-12-09,OC_TP_KIDS,Oral Care,West,1816,73.52,0,0.0,133519.68
2024-12-16,OC_TP_KIDS,Oral Care,West,2092,67.53,0,0.0,141280.77
2024-12-23,OC_TP_KIDS,Oral Care,West,1885,70.01,0,0.0,131977.98
2023-01-02,OC_TP_KIDS,Oral Care,East,1291,69.39,0,0.0,89577.97
2023-01-09,OC_TP_KIDS,Oral Care,East,1273,68.53,0,0.0,87241.11
2023-01-16,OC_TP_KIDS,Oral Care,East,1175,69.34,0,0.0,81477.96
2023-01-23,OC_TP_KIDS,Oral Care,East,1494,67.4,0,0.0,100691.81
2023-01-30,OC_TP_KIDS,Oral Care,East,1304,71.66,0,0.0,93442.07
2023-02-06,OC_TP_KIDS,Oral Care,East,1225,66.25,0,0.0,81154.44
2023-02-13,OC_TP_KIDS,Oral Care,East,1332,66.68,0,0.0,88811.54
2023-02-20,OC_TP_KIDS,Oral Care,East,1524,68.79,0,0.0,104840.56
2023-02-27,OC_TP_KIDS,Oral Care,East,1650,67.47,0,0.0,111320.65
2023-03-06,OC_TP_KIDS,Oral Care,East,1183,68.37,0,0.0,80879.11
2023-03-13,OC_TP_KIDS,Oral Care,East,1286,73.38,0,0.0,94371.99
2023-03-20,OC_TP_KIDS,Oral Care,East,1220,66.33,0,0.0,80926.23
2023-03-27,OC_TP_KIDS,Oral Care,East,1221,69.69,0,0.0,85086.44
2023-04-03,OC_TP_KIDS,Oral Care,East,1240,65.87,0,0.0,81679.5
2023-04-10,OC_TP_KIDS,Oral Care,East,1138,66.73,0,0.0,75933.17
2023-04-17,OC_TP_KIDS,Oral Care,East,1296,66.65,0,0.0,86382.57
2023-04-24,OC_TP_KIDS,Oral Care,East,1121,69.06,0,0.0,77421.58
2023-05-01,OC_TP_KIDS,Oral Care,East,1088,65.68,0,0.0,71461.02
2023-05-08,OC_TP_KIDS,Oral Care,East,1237,69.25,0,0.0,85665.13
2023-05-15,OC_TP_KIDS,Oral Care,East,1119,68.07,0,0.0,76166.65
2023-05-22,OC_TP_KIDS,Oral Care,East,1371,63.91,0,0.0,87615.78
2023-05-29,OC_TP_KIDS,Oral Care,East,1227,71.26,0,0.0,87431.16
2023-06-05,OC_TP_KIDS,Oral Care,East,1303,67.58,0,0.0,88054.7
2023-06-12,OC_TP_KIDS,Oral Care,East,1039,70.99,0,0.0,73763.33
2023-06-19,OC_TP_KIDS,Oral Care,East,1350,68.93,0,0.0,93055.51
2023-06-26,OC_TP_KIDS,Oral Care,East,1335,65.82,0,0.0,87868.78
2023-07-03,OC_TP_KIDS,Oral Care,East,1223,64.37,0,0.0,78719.24
2023-07-10,OC_TP_KIDS,Oral Care,East,1266,68.34,0,0.0,86512.2
2023-07-17,OC_TP_KIDS,Oral Care,East,1386,69.06,0,0.0,95714.42
2023-07-24,OC_TP_KIDS,Oral Care,East,1080,76.17,0,0.0,82265.12
2023-07-31,OC_TP_KIDS,Oral Care,East,1440,68.97,0,0.0,99312.27
2023-08-07,OC_TP_KIDS,Oral Care,East,1240,64.91,0,0.0,80486.23
2023-08-14,OC_TP_KIDS,Oral Care,East,1508,61.15,0,0.0,92210.15
2023-08-21,OC_TP_KIDS,Oral Care,East,1228,66.28,0,0.0,81385.81
2023-08-28,OC_TP_KIDS,Oral Care,East,1572,67.9,0,0.0,106741.98
2023-09-04,OC_TP_KIDS,Oral Care,East,1414,67.14,0,0.0,94940.86
2023-09-11,OC_TP_KIDS,Oral Care,East,1305,66.17,0,0.0,86352.52
2023-09-18,OC_TP_KIDS,Oral Care,East,1388,65.19,0,0.0,90487.8
2023-09-25,OC_TP_KIDS,Oral Care,East,1277,63.35,0,0.0,80892.41
2023-10-02,OC_TP_KIDS,Oral Care,East,1580,68.23,0,0.0,107810.86
2023-10-09,OC_TP_KIDS,Oral Care,East,1642,62.4,0,0.0,102459.16
2023-10-16,OC_TP_KIDS,Oral Care,East,1731,63.68,0,0.0,110235.09
2023-10-23,OC_TP_KIDS,Oral Care,East,1450,67.72,0,0.0,98189.37
2023-10-30,OC_TP_KIDS,Oral Care,East,1668,66.66,0,0.0,111192.7
2023-11-06,OC_TP_KIDS,Oral Care,East,1197,71.75,0,0.0,85889.62
2023-11-13,OC_TP_KIDS,Oral Care,East,1375,66.82,0,0.0,91880.54
2023-11-20,OC_TP_KIDS,Oral Care,East,1506,68.83,0,0.0,103652.07
2023-11-27,OC_TP_KIDS,Oral Care,East,1442,66.67,0,0.0,96141.1
2023-12-04,OC_TP_KIDS,Oral Care,East,1216,70.76,0,0.0,86039.22
2023-12-11,OC_TP_KIDS,Oral Care,East,1585,65.49,0,0.0,103801.46
2023-12-18,OC_TP_KIDS,Oral Care,East,1352,68.67,0,0.0,92838.82
2023-12-25,OC_TP_KIDS,Oral Care,East,1302,62.38,0,0.0,81223.53
2024-01-01,OC_TP_KIDS,Oral Care,East,1489,70.65,0,0.0,105203.47
2024-01-08,OC_TP_KIDS,Oral Care,East,1348,67.92,0,0.0,91562.84
2024-01-15,OC_TP_KIDS,Oral Care,East,1609,63.98,0,0.0,102939.78
2024-01-22,OC_TP_KIDS,Oral Care,East,1802,69.06,0,0.0,124453.37
2024-01-29,OC_TP_KIDS,Oral Care,East,1453,67.16,0,0.0,97579.0
2024-02-05,OC_TP_KIDS,Oral Care,East,1544,63.37,0,0.0,97835.77
2024-02-12,OC_TP_KIDS,Oral Care,East,1599,65.94,0,0.0,105434.74
2024-02-19,OC_TP_KIDS,Oral Care,East,1303,66.37,0,0.0,86478.6
2024-02-26,OC_TP_KIDS,Oral Care,East,1391,67.19,0,0.0,93467.58
2024-03-04,OC_TP_KIDS,Oral Care,East,1297,61.02,0,0.0,79138.26
2024-03-11,OC_TP_KIDS,Oral Care,East,1327,71.93,0,0.0,95445.7
2024-03-18,OC_TP_KIDS,Oral Care,East,1049,69.91,0,0.0,73338.81
2024-03-25,OC_TP_KIDS,Oral Care,East,1676,64.04,0,0.0,107334.8
2024-04-01,OC_TP_KIDS,Oral Care,East,1407,70.23,0,0.0,98813.36
2024-04-08,OC_TP_KIDS,Oral Care,East,1110,70.96,0,0.0,78764.88
2024-04-15,OC_TP_KIDS,Oral Care,East,1469,66.73,0,0.0,98027.86
2024-04-22,OC_TP_KIDS,Oral Care,East,1443,66.87,0,0.0,96499.57
2024-04-29,OC_TP_KIDS,Oral Care,East,1459,67.35,0,0.0,98262.4
2024-05-06,OC_TP_KIDS,Oral Care,East,1458,63.68,0,0.0,92843.6
2024-05-13,OC_TP_KIDS,Oral Care,East,1503,64.87,0,0.0,97506.18
2024-05-20,OC_TP_KIDS,Oral Care,East,1317,69.84,0,0.0,91984.52
2024-05-27,OC_TP_KIDS,Oral Care,East,1449,64.71,0,0.0,93765.8
2024-06-03,OC_TP_KIDS,Oral Care,East,1577,64.49,0,0.0,101701.48
2024-06-10,OC_TP_KIDS,Oral Care,East,1524,67.77,0,0.0,103278.19
2024-06-17,OC_TP_KIDS,Oral Care,East,1599,68.61,0,0.0,109714.22
2024-06-24,OC_TP_KIDS,Oral Care,East,1264,69.91,0,0.0,88367.71
2024-07-01,OC_TP_KIDS,Oral Care,East,1650,63.84,0,0.0,105342.45
2024-07-08,OC_TP_KIDS,Oral Care,East,1301,71.37,0,0.0,92851.77
2024-07-15,OC_TP_KIDS,Oral Care,East,1608,65.06,0,0.0,104620.35
2024-07-22,OC_TP_KIDS,Oral Care,East,1317,69.39,0,0.0,91381.29
2024-07-29,OC_TP_KIDS,Oral Care,East,1416,69.73,0,0.0,98734.14
2024-08-05,OC_TP_KIDS,Oral Care,East,1468,64.16,0,0.0,94193.99
2024-08-12,OC_TP_KIDS,Oral Care,East,1512,64.58,0,0.0,97644.26
2024-08-19,OC_TP_KIDS,Oral Care,East,1580,65.39,0,0.0,103322.62
2024-08-26,OC_TP_KIDS,Oral Care,East,1474,66.27,0,0.0,97678.82
2024-09-02,OC_TP_KIDS,Oral Care,East,1713,63.86,0,0.0,109393.78
2024-09-09,OC_TP_KIDS,Oral Care,East,1196,72.57,0,0.0,86788.06
2024-09-16,OC_TP_KIDS,Oral Care,East,1638,66.13,0,0.0,108318.71
2024-09-23,OC_TP_KIDS,Oral Care,East,1376,65.95,0,0.0,90745.84
2024-09-30,OC_TP_KIDS,Oral Care,East,1329,68.17,0,0.0,90603.39
2024-10-07,OC_TP_KIDS,Oral Care,East,1450,63.77,0,0.0,92467.61
2024-10-14,OC_TP_KIDS,Oral Care,East,1427,62.14,0,0.0,88675.14
2024-10-21,OC_TP_KIDS,Oral Care,East,1585,69.53,0,0.0,110203.14
2024-10-28,OC_TP_KIDS,Oral Care,East,1826,67.59,0,0.0,123418.43
2024-11-04,OC_TP_KIDS,Oral Care,East,1521,68.34,0,0.0,103947.41
2024-11-11,OC_TP_KIDS,Oral Care,East,1583,68.85,0,0.0,108996.07
2024-11-18,OC_TP_KIDS,Oral Care,East,1913,62.88,0,0.0,120298.44
2024-11-25,OC_TP_KIDS,Oral Care,East,1579,64.75,0,0.0,102240.68
2024-12-02,OC_TP_KIDS,Oral Care,East,1506,67.25,0,0.0,101282.65
2024-12-09,OC_TP_KIDS,Oral Care,East,1575,66.3,0,0.0,104419.4
2024-12-16,OC_TP_KIDS,Oral Care,East,1351,67.59,0,0.0,91313.88
2024-12-23,OC_TP_KIDS,Oral Care,East,1741,69.15,0,0.0,120398.0
