powerbi/fact_sales.csv
date,sku,category,region,units,price,promo_flag,discount_depth,revenue
2023-01-02,PC_SOAP_REG,Personal Care,South,3170,125.49,0,0.0,397800.87
2023-01-09,PC_SOAP_REG,Personal Care,South,2601,121.53,0,0.0,316107.57
2023-01-16,PC_SOAP_REG,Personal Care,South,3377,118.91,0,0.0,401557.37
2023-01-23,PC_SOAP_REG,Personal Care,South,3403,115.43,0,0.0,392824.45
2023-01-30,PC_SOAP_REG,Personal Care,South,3161,118.13,0,0.0,373412.55
2023-02-06,PC_SOAP_REG,Personal Care,South,3316,116.38,0,0.0,385900.34
2023-02-13,PC_SOAP_REG,Personal Care,South,3206,112.75,0,0.0,361475.36
2023-02-20,PC_SOAP_REG,Personal Care,South,3361,107.18,0,0.0,360231.9
2023-02-27,PC_SOAP_REG,Personal Care,South,3130,114.76,0,0.0,359190.46
2023-03-06,PC_SOAP_REG,Personal Care,South,3021,119.95,0,0.0,362361.67
2023-03-13,PC_SOAP_REG,Personal Care,South,3036,123.8,0,0.0,375848.33
2023-03-20,PC_SOAP_REG,Personal Care,South,2960,122.8,0,0.0,363495.21
2023-03-27,PC_SOAP_REG,Personal Care,South,3452,115.39,0,0.0,398325.12
2023-04-03,PC_SOAP_REG,Personal Care,South,2821,131.06,0,0.0,369725.41
2023-04-10,PC_SOAP_REG,Personal Care,South,3913,117.59,0,0.0,460136.31
2023-04-17,PC_SOAP_REG,Personal Care,South,3443,121.82,0,0.0,419442.5
2023-04-24,PC_SOAP_REG,Personal Care,South,3563,111.08,0,0.0,395783.35
2023-05-01,PC_SOAP_REG,Personal Care,South,4071,111.68,0,0.0,454662.04
2023-05-08,PC_SOAP_REG,Personal Care,South,4634,114.86,0,0.0,532245.64
2023-05-15,PC_SOAP_REG,Personal Care,South,4341,115.29,0,0.0,500463.91
2023-05-22,PC_SOAP_REG,Personal Care,South,2875,120.32,0,0.0,345929.25
2023-05-29,PC_SOAP_REG,Personal Care,South,3715,118.13,0,0.0,438854.67
2023-06-05,PC_SOAP_REG,Personal Care,South,3996,106.33,0,0.0,424890.12
2023-06-12,PC_SOAP_REG,Personal Care,South,2796,126.36,0,0.0,353294.52
2023-06-19,PC_SOAP_REG,Personal Care,South,3549,116.77,0,0.0,414422.29
2023-06-26,PC_SOAP_REG,Personal Care,South,4184,112.92,0,0.0,472459.34
2023-07-03,PC_SOAP_REG,Personal Care,South,3096,121.25,0,0.0,375380.83
2023-07-10,PC_SOAP_REG,Personal Care,South,4351,108.01,0,0.0,469960.71
2023-07-17,PC_SOAP_REG,Personal Care,South,4693,109.06,0,0.0,511806.57
2023-07-24,PC_SOAP_REG,Personal Care,South,3795,115.71,0,0.0,439131.01
2023-07-31,PC_SOAP_REG,Personal Care,South,3446,111.89,0,0.0,385565.7
2023-08-07,PC_SOAP_REG,Personal Care,South,3740,114.21,0,0.0,427135.08
2023-08-14,PC_SOAP_REG,Personal Care,South,2990,120.72,0,0.0,360960.68
2023-08-21,PC_SOAP_REG,Personal Care,South,3836,117.73,0,0.0,451614.51
2023-08-28,PC_SOAP_REG,Personal Care,South,3492,125.12,0,0.0,436932.11
2023-09-04,PC_SOAP_REG,Personal Care,South,3092,128.23,0,0.0,396471.93
2023-09-11,PC_SOAP_REG,Personal Care,South,9748,78.81,1,0.35,768285.87
2023-09-18,PC_SOAP_REG,Personal Care,South,8713,76.59,1,0.35,667331.47
2023-09-25,PC_SOAP_REG,Personal Care,South,9294,71.56,1,0.35,665120.73
2023-10-02,PC_SOAP_REG,Personal Care,South,4333,113.32,0,0.0,491009.21
2023-10-09,PC_SOAP_REG,Personal Care,South,4921,121.16,0,0.0,596223.83
2023-10-16,PC_SOAP_REG,Personal Care,South,4285,119.59,0,0.0,512442.78
2023-10-23,PC_SOAP_REG,Personal Care,South,3880,120.98,0,0.0,469402.15
2023-10-30,PC_SOAP_REG,Personal Care,South,4340,120.73,0,0.0,523951.85
2023-11-06,PC_SOAP_REG,Personal Care,South,5388,109.75,0,0.0,591307.93
2023-11-13,PC_SOAP_REG,Personal Care,South,3596,117.7,0,0.0,423246.01
2023-11-20,PC_SOAP_REG,Personal Care,South,4528,115.52,0,0.0,523056.15
2023-11-27,PC_SOAP_REG,Personal Care,South,4753,114.36,0,0.0,543532.7
2023-12-04,PC_SOAP_REG,Personal Care,South,3762,112.45,0,0.0,423036.57
2023-12-11,PC_SOAP_REG,Personal Care,South,3561,112.56,0,0.0,400817.76
2023-12-18,PC_SOAP_REG,Personal Care,South,3766,116.51,0,0.0,438760.78
2023-12-25,PC_SOAP_REG,Personal Care,South,3609,125.9,0,0.0,454364.07
2024-01-01,PC_SOAP_REG,Personal Care,South,3453,118.37,0,0.0,408732.23
2024-01-08,PC_SOAP_REG,Personal Care,South,3263,111.3,0,0.0,363179.64
2024-01-15,PC_SOAP_REG,Personal Care,South,3637,115.63,0,0.0,420536.95
2024-01-22,PC_SOAP_REG,Personal Care,South,4128,108.04,0,0.0,445972.28
2024-01-29,PC_SOAP_REG,Personal Care,South,3252,113.41,0,0.0,368799.74
2024-02-05,PC_SOAP_REG,Personal Care,South,3178,117.16,0,0.0,372340.16
2024-02-12,PC_SOAP_REG,Personal Care,South,3200,113.66,0,0.0,363713.48
2024-02-19,PC_SOAP_REG,Personal Care,South,3686,112.92,0,0.0,416227.17
2024-02-26,PC_SOAP_REG,Personal Care,South,2373,126.42,0,0.0,299988.47
2024-03-04,PC_SOAP_REG,Personal Care,South,3344,117.92,0,0.0,394308.08
2024-03-11,PC_SOAP_REG,Personal Care,South,2189,121.65,0,0.0,266297.32
2024-03-18,PC_SOAP_REG,Personal Care,South,2693,124.16,0,0.0,334370.38
2024-03-25,PC_SOAP_REG,Personal Care,South,2857,116.64,0,0.0,333248.87
2024-04-01,PC_SOAP_REG,Personal Care,South,3105,123.65,0,0.0,383945.71
2024-04-08,PC_SOAP_REG,Personal Care,South,3989,112.59,0,0.0,449118.07
2024-04-15,PC_SOAP_REG,Personal Care,South,4217,118.3,0,0.0,498850.14
2024-04-22,PC_SOAP_REG,Personal Care,South,3572,117.62,0,0.0,420152.52
2024-04-29,PC_SOAP_REG,Personal Care,South,3928,114.09,0,0.0,448160.21
2024-05-06,PC_SOAP_REG,Personal Care,South,4887,120.02,0,0.0,586549.05
2024-05-13,PC_SOAP_REG,Personal Care,South,4047,115.32,0,0.0,466697.98
2024-05-20,PC_SOAP_REG,Personal Care,South,4071,121.18,0,0.0,493307.95
2024-05-27,PC_SOAP_REG,Personal Care,South,3923,113.12,0,0.0,443783.13
2024-06-03,PC_SOAP_REG,Personal Care,South,3919,120.53,0,0.0,472343.57
2024-06-10,PC_SOAP_REG,Personal Care,South,3724,120.48,0,0.0,448652.45
2024-06-17,PC_SOAP_REG,Personal Care,South,4000,128.42,0,0.0,513670.23
2024-06-24,PC_SOAP_REG,Personal Care,South,3948,115.78,0,0.0,457081.51
2024-07-01,PC_SOAP_REG,Personal Care,South,2805,122.48,0,0.0,343548.79
2024-07-08,PC_SOAP_REG,Personal Care,South,3427,115.23,0,0.0,394880.16
2024-07-15,PC_SOAP_REG,Personal Care,South,3583,115.93,0,0.0,415372.3
2024-07-22,PC_SOAP_REG,Personal Care,South,3538,117.6,0,0.0,416054.62
2024-07-29,PC_SOAP_REG,Personal Care,South,3628,118.88,0,0.0,431302.58
2024-08-05,PC_SOAP_REG,Personal Care,South,3569,114.74,0,0.0,409521.62
2024-08-12,PC_SOAP_REG,Personal Care,South,2976,120.3,0,0.0,358007.02
2024-08-19,PC_SOAP_REG,Personal Care,South,3641,118.48,0,0.0,431385.0
2024-08-26,PC_SOAP_REG,Personal Care,South,3430,117.03,0,0.0,401405.51
2024-09-02,PC_SOAP_REG,Personal Care,South,3862,114.05,0,0.0,440469.74
2024-09-09,PC_SOAP_REG,Personal Care,South,2864,123.7,0,0.0,354287.78
2024-09-16,PC_SOAP_REG,Personal Care,South,3655,118.86,0,0.0,434446.62
2024-09-23,PC_SOAP_REG,Personal Care,South,9239,75.43,1,0.35,696916.71
2024-09-30,PC_SOAP_REG,Personal Care,South,8083,79.08,1,0.35,639204.75
2024-10-07,PC_SOAP_REG,Personal Care,South,11583,76.58,1,0.35,887037.15
2024-10-14,PC_SOAP_REG,Personal Care,South,4671,117.6,0,0.0,549302.0
2024-10-21,PC_SOAP_REG,Personal Care,South,5438,111.44,0,0.0,606015.26
2024-10-28,PC_SOAP_REG,Personal Care,South,4612,114.63,0,0.0,528695.2
2024-11-04,PC_SOAP_REG,Personal Care,South,4693,118.54,0,0.0,556310.35
2024-11-11,PC_SOAP_REG,Personal Care,South,5856,117.02,0,0.0,685251.09
2024-11-18,PC_SOAP_REG,Personal Care,South,4387,117.15,0,0.0,513953.09
2024-11-25,PC_SOAP_REG,Personal Care,South,4626,120.93,0,0.0,559419.92
2024-12-02,PC_SOAP_REG,Personal Care,South,4035,121.51,0,0.0,490301.92
2024-12-09,PC_SOAP_REG,Personal Care,South,4517,111.08,0,0.0,501730.6
2024-12-16,PC_SOAP_REG,Personal Care,South,2971,122.58,0,0.0,364177.84
2024-12-23,PC_SOAP_REG,Personal Care,South,4604,115.83,0,0.0,533258.41
2023-01-02,PC_SOAP_REG,Personal Care,West,3725,125.25,0,0.0,466562.68
2023-01-09,PC_SOAP_REG,Personal Care,West,3231,118.16,0,0.0,381789.7
2023-01-16,PC_SOAP_REG,Personal Care,West,3255,115.63,0,0.0,376363.58
2023-01-23,PC_SOAP_REG,Personal Care,West,3876,116.85,0,0.0,452906.88
2023-01-30,PC_SOAP_REG,Personal Care,West,3668,117.6,0,0.0,431370.9
2023-02-06,PC_SOAP_REG,Personal Care,West,3140,124.49,0,0.0,390885.63
2023-02-13,PC_SOAP_REG,Personal Care,West,3304,121.24,0,0.0,400572.46
2023-02-20,PC_SOAP_REG,Personal Care,West,2852,120.07,0,0.0,342443.13
2023-02-27,PC_SOAP_REG,Personal Care,West,3214,124.82,0,0.0,401179.61
2023-03-06,PC_SOAP_REG,Personal Care,West,3512,128.42,0,0.0,451003.05
2023-03-13,PC_SOAP_REG,Personal Care,West,2994,123.26,0,0.0,369042.97
2023-03-20,PC_SOAP_REG,Personal Care,West,4062,120.58,0,0.0,489778.13
2023-03-27,PC_SOAP_REG,Personal Care,West,3233,123.2,0,0.0,398305.65
2023-04-03,PC_SOAP_REG,Personal Care,West,4769,119.88,0,0.0,571726.66
2023-04-10,PC_SOAP_REG,Personal Care,West,4214,115.25,0,0.0,485655.15
2023-04-17,PC_SOAP_REG,Personal Care,West,3577,125.49,0,0.0,448861.29
2023-04-24,PC_SOAP_REG,Personal Care,West,3065,123.81,0,0.0,379471.38
2023-05-01,PC_SOAP_REG,Personal Care,West,4498,122.71,0,0.0,551964.28
2023-05-08,PC_SOAP_REG,Personal Care,West,4266,123.03,0,0.0,524858.35
2023-05-15,PC_SOAP_REG,Personal Care,West,3498,131.12,0,0.0,458666.27
2023-05-22,PC_SOAP_REG,Personal Care,West,2941,121.68,0,0.0,357850.98
2023-05-29,PC_SOAP_REG,Personal Care,West,2919,126.43,0,0.0,369059.97
2023-06-05,PC_SOAP_REG,Personal Care,West,3913,117.95,0,0.0,461544.72
2023-06-12,PC_SOAP_REG,Personal Care,West,2685,135.82,0,0.0,364669.36
2023-06-19,PC_SOAP_REG,Personal Care,West,4249,121.82,0,0.0,517630.01
2023-06-26,PC_SOAP_REG,Personal Care,West,4457,123.5,0,0.0,550441.26
2023-07-03,PC_SOAP_REG,Personal Care,West,3056,132.43,0,0.0,404716.78
2023-07-10,PC_SOAP_REG,Personal Care,West,3489,123.18,0,0.0,429783.08
2023-07-17,PC_SOAP_REG,Personal Care,West,3401,128.64,0,0.0,437494.75
2023-07-24,PC_SOAP_REG,Personal Care,West,3137,129.35,0,0.0,405780.04
2023-07-31,PC_SOAP_REG,Personal Care,West,3477,121.45,0,0.0,422280.07
2023-08-07,PC_SOAP_REG,Personal Care,West,3188,124.65,0,0.0,397396.78
2023-08-14,PC_SOAP_REG,Personal Care,West,3294,126.81,0,0.0,417710.02
2023-08-21,PC_SOAP_REG,Personal Care,West,3099,123.91,0,0.0,383994.07
2023-08-28,PC_SOAP_REG,Personal Care,West,4019,118.81,0,0.0,477481.33
2023-09-04,PC_SOAP_REG,Personal Care,West,3791,126.57,0,0.0,479830.8
2023-09-11,PC_SOAP_REG,Personal Care,West,10172,77.82,1,0.35,791617.09
2023-09-18,PC_SOAP_REG,Personal Care,West,9749,81.2,1,0.35,791641.2
2023-09-25,PC_SOAP_REG,Personal Care,West,10015,76.69,1,0.35,768079.01
2023-10-02,PC_SOAP_REG,Personal Care,West,5149,122.45,0,0.0,630487.48
2023-10-09,PC_SOAP_REG,Personal Care,West,4156,127.05,0,0.0,528030.08
2023-10-16,PC_SOAP_REG,Personal Care,West,5456,116.92,0,0.0,637889.13
2023-10-23,PC_SOAP_REG,Personal Care,West,5535,123.44,0,0.0,683225.82
2023-10-30,PC_SOAP_REG,Personal Care,West,4875,126.83,0,0.0,618294.89
2023-11-06,PC_SOAP_REG,Personal Care,West,5037,114.01,0,0.0,574290.09
2023-11-13,PC_SOAP_REG,Personal Care,West,5497,121.01,0,0.0,665194.61
2023-11-20,PC_SOAP_REG,Personal Care,West,4948,117.58,0,0.0,581772.57
2023-11-27,PC_SOAP_REG,Personal Care,West,5503,115.7,0,0.0,636694.4
2023-12-04,PC_SOAP_REG,Personal Care,West,3216,119.21,0,0.0,383375.1
2023-12-11,PC_SOAP_REG,Personal Care,West,3567,119.41,0,0.0,425937.79
2023-12-18,PC_SOAP_REG,Personal Care,West,3217,126.08,0,0.0,405599.43
2023-12-25,PC_SOAP_REG,Personal Care,West,3927,121.47,0,0.0,477022.59
2024-01-01,PC_SOAP_REG,Personal Care,West,3334,120.74,0,0.0,402538.31
2024-01-08,PC_SOAP_REG,Personal Care,West,3542,118.01,0,0.0,417981.29
2024-01-15,PC_SOAP_REG,Personal Care,West,3345,123.05,0,0.0,411601.78
2024-01-22,PC_SOAP_REG,Personal Care,West,3077,129.34,0,0.0,397989.18
2024-01-29,PC_SOAP_REG,Personal Care,West,4091,120.93,0,0.0,494736.58
2024-02-05,PC_SOAP_REG,Personal Care,West,3017,125.8,0,0.0,379533.77
2024-02-12,PC_SOAP_REG,Personal Care,West,3153,124.49,0,0.0,392529.02
2024-02-19,PC_SOAP_REG,Personal Care,West,3113,132.91,0,0.0,413735.18
2024-02-26,PC_SOAP_REG,Personal Care,West,3705,124.38,0,0.0,460832.42
2024-03-04,PC_SOAP_REG,Personal Care,West,3225,128.62,0,0.0,414794.94
2024-03-11,PC_SOAP_REG,Personal Care,West,2667,132.9,0,0.0,354451.68
2024-03-18,PC_SOAP_REG,Personal Care,West,2655,121.91,0,0.0,323661.62
2024-03-25,PC_SOAP_REG,Personal Care,West,2385,129.6,0,0.0,309087.83
2024-04-01,PC_SOAP_REG,Personal Care,West,2493,134.66,0,0.0,335697.11
2024-04-08,PC_SOAP_REG,Personal Care,West,4473,123.67,0,0.0,553154.99
2024-04-15,PC_SOAP_REG,Personal Care,West,4240,120.11,0,0.0,509257.94
2024-04-22,PC_SOAP_REG,Personal Care,West,3777,134.19,0,0.0,506850.57
2024-04-29,PC_SOAP_REG,Personal Care,West,4405,121.19,0,0.0,533826.92
2024-05-06,PC_SOAP_REG,Personal Care,West,3631,130.97,0,0.0,475566.4
2024-05-13,PC_SOAP_REG,Personal Care,West,3647,126.33,0,0.0,460715.25
2024-05-20,PC_SOAP_REG,Personal Care,West,4206,129.56,0,0.0,544913.37
2024-05-27,PC_SOAP_REG,Personal Care,West,3932,122.07,0,0.0,479962.68
2024-06-03,PC_SOAP_REG,Personal Care,West,3893,115.08,0,0.0,448011.53
2024-06-10,PC_SOAP_REG,Personal Care,West,4101,130.62,0,0.0,535688.53
2024-06-17,PC_SOAP_REG,Personal Care,West,3498,128.72,0,0.0,450265.43
2024-06-24,PC_SOAP_REG,Personal Care,West,4714,118.18,0,0.0,557082.36
2024-07-01,PC_SOAP_REG,Personal Care,West,3591,122.45,0,0.0,439729.49
2024-07-08,PC_SOAP_REG,Personal Care,West,3551,128.31,0,0.0,455614.54
2024-07-15,PC_SOAP_REG,Personal Care,West,4366,119.77,0,0.0,522937.59
2024-07-22,PC_SOAP_REG,Personal Care,West,3164,129.96,0,0.0,411184.92
2024-07-29,PC_SOAP_REG,Personal Care,West,4449,119.4,0,0.0,531215.92
2024-08-05,PC_SOAP_REG,Personal Care,West,3278,126.3,0,0.0,413999.24
2024-08-12,PC_SOAP_REG,Personal Care,West,4442,118.16,0,0.0,524865.11
2024-08-19,PC_SOAP_REG,Personal Care,West,3213,126.5,0,0.0,406449.84
2024-08-26,PC_SOAP_REG,Personal Care,West,3450,120.53,0,0.0,415816.2
2024-09-02,PC_SOAP_REG,Personal Care,West,3907,120.64,0,0.0,471321.97
2024-09-09,PC_SOAP_REG,Personal Care,West,4420,125.01,0,0.0,552563.25
2024-09-16,PC_SOAP_REG,Personal Care,West,4875,123.06,0,0.0,599926.83
2024-09-23,PC_SOAP_REG,Personal Care,West,9134,76.56,1,0.35,699315.96
2024-09-30,PC_SOAP_REG,Personal Care,West,9064,80.56,1,0.35,730162.6
2024-10-07,PC_SOAP_REG,Personal Care,West,13640,82.38,1,0.35,1123622.11
2024-10-14,PC_SOAP_REG,Personal Care,West,4630,122.07,0,0.0,565186.57
2024-10-21,PC_SOAP_REG,Personal Care,West,4887,132.19,0,0.0,646011.27
2024-10-28,PC_SOAP_REG,Personal Care,West,4569,121.49,0,0.0,555097.63
2024-11-04,PC_SOAP_REG,Personal Care,West,4123,123.16,0,0.0,507774.4
2024-11-11,PC_SOAP_REG,Personal Care,West,4061,129.41,0,0.0,525526.67
2024-11-18,PC_SOAP_REG,Personal Care,West,5705,123.48,0,0.0,704463.53
2024-11-25,PC_SOAP_REG,Personal Care,West,5358,118.21,0,0.0,633356.68
2024-12-02,PC_SOAP_REG,Personal Care,West,4608,116.71,0,0.0,537782.55
2024-12-09,PC_SOAP_REG,Personal Care,West,3890,122.98,0,0.0,478395.67
2024-12-16,PC_SOAP_REG,Personal Care,West,3999,131.11,0,0.0,524310.25
2024-12-23,PC_SOAP_REG,Personal Care,West,4338,117.96,0,0.0,511722.35
