powerbi/fact_sales.csv
date,sku,category,region,units,price,promo_flag,discount_depth,revenue
2023-01-02,PC_SOAP_REG,Personal Care,East,2489,121.01,0,0.0,301201.91
2023-01-09,PC_SOAP_REG,Personal Care,East,2952,111.08,0,0.0,327902.99
2023-01-16,PC_SOAP_REG,Personal Care,East,2600,112.95,0,0.0,293665.35
2023-01-23,PC_SOAP_REG,Personal Care,East,2663,117.69,0,0.0,313419.8
2023-01-30,PC_SOAP_REG,Personal Care,East,2642,113.25,0,0.0,299219.14
2023-02-06,PC_SOAP_REG,Personal Care,East,2448,119.68,0,0.0,292987.36
2023-02-13,PC_SOAP_REG,Personal Care,East,2840,115.12,0,0.0,326928.84
2023-02-20,PC_SOAP_REG,Personal Care,East,2657,111.11,0,0.0,295231.77
2023-02-27,PC_SOAP_REG,Personal Care,East,2317,124.65,0,0.0,288812.47
2023-03-06,PC_SOAP_REG,Personal Care,East,2637,116.34,0,0.0,306789.23
2023-03-13,PC_SOAP_REG,Personal Care,East,2011,124.67,0,0.0,250713.05
2023-03-20,PC_SOAP_REG,Personal Care,East,2607,121.6,0,0.0,317021.2
2023-03-27,PC_SOAP_REG,Personal Care,East,3064,106.5,0,0.0,326320.35
2023-04-03,PC_SOAP_REG,Personal Care,East,2835,112.71,0,0.0,319541.91
2023-04-10,PC_SOAP_REG,Personal Care,East,2721,117.29,0,0.0,319150.92
2023-04-17,PC_SOAP_REG,Personal Care,East,2803,123.45,0,0.0,346024.97
2023-04-24,PC_SOAP_REG,Personal Care,East,2854,118.12,0,0.0,337119.12
2023-05-01,PC_SOAP_REG,Personal Care,East,2972,117.57,0,0.0,349415.91
2023-05-08,PC_SOAP_REG,Personal Care,East,2788,122.9,0,0.0,342639.15
2023-05-15,PC_SOAP_REG,Personal Care,East,3172,117.46,0,0.0,372584.68
2023-05-22,PC_SOAP_REG,Personal Care,East,2363,110.71,0,0.0,261615.16
2023-05-29,PC_SOAP_REG,Personal Care,East,2005,118.98,0,0.0,238562.27
2023-06-05,PC_SOAP_REG,Personal Care,East,2655,113.77,0,0.0,302061.94
2023-06-12,PC_SOAP_REG,Personal Care,East,2523,110.64,0,0.0,279145.72
2023-06-19,PC_SOAP_REG,Personal Care,East,2748,117.25,0,0.0,322192.82
2023-06-26,PC_SOAP_REG,Personal Care,East,3347,117.3,0,0.0,392587.28
2023-07-03,PC_SOAP_REG,Personal Care,East,3276,113.89,0,0.0,373089.53
2023-07-10,PC_SOAP_REG,Personal Care,East,2445,125.85,0,0.0,307710.3
2023-07-17,PC_SOAP_REG,Personal Care,East,2420,121.48,0,0.0,293989.8
2023-07-24,PC_SOAP_REG,Personal Care,East,3124,115.7,0,0.0,361444.21
2023-07-31,PC_SOAP_REG,Personal Care,East,2805,116.34,0,0.0,326328.11
2023-08-07,PC_SOAP_REG,Personal Care,East,3122,113.76,0,0.0,355156.81
2023-08-14,PC_SOAP_REG,Personal Care,East,2862,115.38,0,0.0,330217.28
2023-08-21,PC_SOAP_REG,Personal Care,East,2709,117.48,0,0.0,318260.48
2023-08-28,PC_SOAP_REG,Personal Care,East,2250,123.84,0,0.0,278635.46
2023-09-04,PC_SOAP_REG,Personal Care,East,2799,120.64,0,0.0,337676.42
2023-09-11,PC_SOAP_REG,Personal Care,East,7612,82.71,1,0.35,629614.56
2023-09-18,PC_SOAP_REG,Personal Care,East,8423,75.29,1,0.35,634197.34
2023-09-25,PC_SOAP_REG,Personal Care,East,9963,70.37,1,0.35,701110.6
2023-10-02,PC_SOAP_REG,Personal Care,East,3768,107.54,0,0.0,405216.0
2023-10-09,PC_SOAP_REG,Personal Care,East,4255,118.12,0,0.0,502593.72
2023-10-16,PC_SOAP_REG,Personal Care,East,3275,120.06,0,0.0,393201.32
2023-10-23,PC_SOAP_REG,Personal Care,East,4518,109.94,0,0.0,496704.37
2023-10-30,PC_SOAP_REG,Personal Care,East,3744,116.25,0,0.0,435247.35
2023-11-06,PC_SOAP_REG,Personal Care,East,3640,121.17,0,0.0,441051.25
2023-11-13,PC_SOAP_REG,Personal Care,East,3922,114.48,0,0.0,448987.01
2023-11-20,PC_SOAP_REG,Personal Care,East,3867,116.27,0,0.0,449608.41
2023-11-27,PC_SOAP_REG,Personal Care,East,3326,122.33,0,0.0,406882.85
2023-12-04,PC_SOAP_REG,Personal Care,East,2817,109.01,0,0.0,307067.52
2023-12-11,PC_SOAP_REG,Personal Care,East,3605,122.77,0,0.0,442585.74
2023-12-18,PC_SOAP_REG,Personal Care,East,3289,117.55,0,0.0,386607.81
2023-12-25,PC_SOAP_REG,Personal Care,East,3181,114.15,0,0.0,363124.68
2024-01-01,PC_SOAP_REG,Personal Care,East,2341,113.66,0,0.0,266072.97
2024-01-08,PC_SOAP_REG,Personal Care,East,2705,120.99,0,0.0,327278.71
2024-01-15,PC_SOAP_REG,Personal Care,East,2689,113.47,0,0.0,305129.24
2024-01-22,PC_SOAP_REG,Personal Care,East,2942,113.06,0,0.0,332629.96
2024-01-29,PC_SOAP_REG,Personal Care,East,2580,112.99,0,0.0,291505.77
2024-02-05,PC_SOAP_REG,Personal Care,East,2970,113.28,0,0.0,336443.58
2024-02-12,PC_SOAP_REG,Personal Care,East,2223,124.03,0,0.0,275724.06
2024-02-19,PC_SOAP_REG,Personal Care,East,3153,106.51,0,0.0,335811.81
2024-02-26,PC_SOAP_REG,Personal Care,East,2935,112.11,0,0.0,329047.74
2024-03-04,PC_SOAP_REG,Personal Care,East,3115,111.88,0,0.0,348516.14
2024-03-11,PC_SOAP_REG,Personal Care,East,1771,116.91,0,0.0,207044.71
2024-03-18,PC_SOAP_REG,Personal Care,East,2287,106.82,0,0.0,244304.6
2024-03-25,PC_SOAP_REG,Personal Care,East,2080,114.8,0,0.0,238775.18
2024-04-01,PC_SOAP_REG,Personal Care,East,2466,113.14,0,0.0,278995.06
2024-04-08,PC_SOAP_REG,Personal Care,East,2702,119.35,0,0.0,322493.84
2024-04-15,PC_SOAP_REG,Personal Care,East,3727,118.15,0,0.0,440358.59
2024-04-22,PC_SOAP_REG,Personal Care,East,2787,120.9,0,0.0,336953.72
2024-04-29,PC_SOAP_REG,Personal Care,East,4233,107.71,0,0.0,455941.64
2024-05-06,PC_SOAP_REG,Personal Care,East,3502,117.89,0,0.0,412862.03
2024-05-13,PC_SOAP_REG,Personal Care,East,3252,112.1,0,0.0,364535.74
2024-05-20,PC_SOAP_REG,Personal Care,East,3392,115.69,0,0.0,392417.44
2024-05-27,PC_SOAP_REG,Personal Care,East,3704,120.89,0,0.0,447785.7
2024-06-03,PC_SOAP_REG,Personal Care,East,3401,124.14,0,0.0,422196.34
2024-06-10,PC_SOAP_REG,Personal Care,East,3438,111.64,0,0.0,383811.92
2024-06-17,PC_SOAP_REG,Personal Care,East,2700,124.61,0,0.0,336453.6
2024-06-24,PC_SOAP_REG,Personal Care,East,2886,120.37,0,0.0,347378.25
2024-07-01,PC_SOAP_REG,Personal Care,East,2892,117.09,0,0.0,338626.38
2024-07-08,PC_SOAP_REG,Personal Care,East,3070,110.91,0,0.0,340506.18
2024-07-15,PC_SOAP_REG,Personal Care,East,2925,115.8,0,0.0,338701.7
2024-07-22,PC_SOAP_REG,Personal Care,East,2422,122.18,0,0.0,295908.4
2024-07-29,PC_SOAP_REG,Personal Care,East,2747,118.17,0,0.0,324618.52
2024-08-05,PC_SOAP_REG,Personal Care,East,2707,120.38,0,0.0,325861.05
2024-08-12,PC_SOAP_REG,Personal Care,East,2726,116.47,0,0.0,317486.18
2024-08-19,PC_SOAP_REG,Personal Care,East,3160,115.52,0,0.0,365055.56
2024-08-26,PC_SOAP_REG,Personal Care,East,2756,114.04,0,0.0,314297.87
2024-09-02,PC_SOAP_REG,Personal Care,East,3458,119.37,0,0.0,412793.05
2024-09-09,PC_SOAP_REG,Personal Care,East,2618,118.91,0,0.0,311315.29
2024-09-16,PC_SOAP_REG,Personal Care,East,2989,115.42,0,0.0,344991.33
2024-09-23,PC_SOAP_REG,Personal Care,East,6317,79.26,1,0.35,500708.8
2024-09-30,PC_SOAP_REG,Personal Care,East,9978,70.22,1,0.35,700672.59
2024-10-07,PC_SOAP_REG,Personal Care,East,9633,78.66,1,0.35,757779.53
2024-10-14,PC_SOAP_REG,Personal Care,East,3644,118.5,0,0.0,431816.63
2024-10-21,PC_SOAP_REG,Personal Care,East,3706,114.97,0,0.0,426093.75
2024-10-28,PC_SOAP_REG,Personal Care,East,3447,119.39,0,0.0,411539.4
2024-11-04,PC_SOAP_REG,Personal Care,East,4474,112.92,0,0.0,505215.74
2024-11-11,PC_SOAP_REG,Personal Care,East,3794,117.97,0,0.0,447566.97
2024-11-18,PC_SOAP_REG,Personal Care,East,4424,109.09,0,0.0,482619.89
2024-11-25,PC_SOAP_REG,Personal Care,East,3768,117.03,0,0.0,440979.87
2024-12-02,PC_SOAP_REG,Personal Care,East,2968,109.94,0,0.0,326314.96
2024-12-09,PC_SOAP_REG,Personal Care,East,3081,125.47,0,0.0,386585.99
2024-12-16,PC_SOAP_REG,Personal Care,East,3140,113.71,0,0.0,357037.96
2024-12-23,PC_SOAP_REG,Personal Care,East,2491,129.77,0,0.0,323248.42
2023-01-02,PC_SOAP_REG,Personal Care,Central,2818,116.07,0,0.0,327086.79
2023-01-09,PC_SOAP_REG,Personal Care,Central,2192,134.16,0,0.0,294071.91
2023-01-16,PC_SOAP_REG,Personal Care,Central,2588,119.28,0,0.0,308685.0
2023-01-23,PC_SOAP_REG,Personal Care,Central,3006,118.65,0,0.0,356650.99
2023-01-30,PC_SOAP_REG,Personal Care,Central,2977,113.91,0,0.0,339123.43
2023-02-06,PC_SOAP_REG,Personal Care,Central,2708,119.77,0,0.0,324338.28
2023-02-13,PC_SOAP_REG,Personal Care,Central,3053,115.81,0,0.0,353553.56
2023-02-20,PC_SOAP_REG,Personal Care,Central,2549,115.73,0,0.0,295001.06
2023-02-27,PC_SOAP_REG,Personal Care,Central,2803,114.72,0,0.0,321561.51
2023-03-06,PC_SOAP_REG,Personal Care,Central,3216,112.72,0,0.0,362521.35
2023-03-13,PC_SOAP_REG,Personal Care,Central,3273,122.61,0,0.0,401311.99
2023-03-20,PC_SOAP_REG,Personal Care,Central,2988,114.21,0,0.0,341267.84
2023-03-27,PC_SOAP_REG,Personal Care,Central,3149,117.54,0,0.0,370139.13
2023-04-03,PC_SOAP_REG,Personal Care,Central,3152,125.76,0,0.0,396392.6
2023-04-10,PC_SOAP_REG,Personal Care,Central,3844,113.61,0,0.0,436716.2
2023-04-17,PC_SOAP_REG,Personal Care,Central,3715,113.86,0,0.0,423001.81
2023-04-24,PC_SOAP_REG,Personal Care,Central,4006,116.92,0,0.0,468394.38
2023-05-01,PC_SOAP_REG,Personal Care,Central,3685,115.36,0,0.0,425100.39
2023-05-08,PC_SOAP_REG,Personal Care,Central,3086,122.5,0,0.0,378023.91
2023-05-15,PC_SOAP_REG,Personal Care,Central,3363,120.16,0,0.0,404114.4
2023-05-22,PC_SOAP_REG,Personal Care,Central,2881,122.49,0,0.0,352893.08
2023-05-29,PC_SOAP_REG,Personal Care,Central,2620,117.28,0,0.0,307269.0
2023-06-05,PC_SOAP_REG,Personal Care,Central,2606,115.93,0,0.0,302108.46
2023-06-12,PC_SOAP_REG,Personal Care,Central,2688,129.01,0,0.0,346783.2
2023-06-19,PC_SOAP_REG,Personal Care,Central,3575,121.01,0,0.0,432623.64
2023-06-26,PC_SOAP_REG,Personal Care,Central,3433,114.89,0,0.0,394431.33
2023-07-03,PC_SOAP_REG,Personal Care,Central,3342,122.78,0,0.0,410332.05
2023-07-10,PC_SOAP_REG,Personal Care,Central,2820,126.67,0,0.0,357216.66
2023-07-17,PC_SOAP_REG,Personal Care,Central,3777,114.55,0,0.0,432649.73
2023-07-24,PC_SOAP_REG,Personal Care,Central,3056,122.08,0,0.0,373083.09
2023-07-31,PC_SOAP_REG,Personal Care,Central,2684,126.14,0,0.0,338568.87
2023-08-07,PC_SOAP_REG,Personal Care,Central,3213,118.3,0,0.0,380089.79
2023-08-14,PC_SOAP_REG,Personal Care,Central,2085,130.59,0,0.0,272275.68
2023-08-21,PC_SOAP_REG,Personal Care,Central,3341,114.2,0,0.0,381536.25
2023-08-28,PC_SOAP_REG,Personal Care,Central,3824,106.61,0,0.0,407679.72
2023-09-04,PC_SOAP_REG,Personal Care,Central,2828,118.7,0,0.0,335697.14
2023-09-11,PC_SOAP_REG,Personal Care,Central,7566,79.73,1,0.35,603206.29
2023-09-18,PC_SOAP_REG,Personal Care,Central,6765,79.84,1,0.35,540108.85
2023-09-25,PC_SOAP_REG,Personal Care,Central,7654,81.17,1,0.35,621259.53
2023-10-02,PC_SOAP_REG,Personal Care,Central,4160,114.35,0,0.0,475710.31
2023-10-09,PC_SOAP_REG,Personal Care,Central,3588,122.02,0,0.0,437795.21
2023-10-16,PC_SOAP_REG,Personal Care,Central,3713,123.53,0,0.0,458673.82
2023-10-23,PC_SOAP_REG,Personal Care,Central,3542,114.64,0,0.0,406053.84
2023-10-30,PC_SOAP_REG,Personal Care,Central,3705,117.32,0,0.0,434654.59
2023-11-06,PC_SOAP_REG,Personal Care,Central,3195,119.35,0,0.0,381307.32
2023-11-13,PC_SOAP_REG,Personal Care,Central,4852,107.75,0,0.0,522813.12
2023-11-20,PC_SOAP_REG,Personal Care,Central,4405,116.55,0,0.0,513381.56
2023-11-27,PC_SOAP_REG,Personal Care,Central,3521,124.4,0,0.0,438022.86
2023-12-04,PC_SOAP_REG,Personal Care,Central,2934,118.81,0,0.0,348582.73
2023-12-11,PC_SOAP_REG,Personal Care,Central,2700,125.74,0,0.0,339498.02
2023-12-18,PC_SOAP_REG,Personal Care,Central,3180,118.25,0,0.0,376040.85
2023-12-25,PC_SOAP_REG,Personal Care,Central,3580,117.91,0,0.0,422115.0
2024-01-01,PC_SOAP_REG,Personal Care,Central,2766,121.01,0,0.0,334718.69
2024-01-08,PC_SOAP_REG,Personal Care,Central,2543,121.95,0,0.0,310120.84
2024-01-15,PC_SOAP_REG,Personal Care,Central,3267,121.5,0,0.0,396933.59
2024-01-22,PC_SOAP_REG,Personal Care,Central,3344,118.72,0,0.0,397012.23
2024-01-29,PC_SOAP_REG,Personal Care,Central,3031,119.88,0,0.0,363349.18
2024-02-05,PC_SOAP_REG,Personal Care,Central,3143,114.67,0,0.0,360414.41
2024-02-12,PC_SOAP_REG,Personal Care,Central,2967,123.4,0,0.0,366115.3
2024-02-19,PC_SOAP_REG,Personal Care,Central,2983,119.95,0,0.0,357807.31
2024-02-26,PC_SOAP_REG,Personal Care,Central,2385,119.37,0,0.0,284691.16
2024-03-04,PC_SOAP_REG,Personal Care,Central,2787,120.19,0,0.0,334979.09
2024-03-11,PC_SOAP_REG,Personal Care,Central,2345,118.22,0,0.0,277236.21
2024-03-18,PC_SOAP_REG,Personal Care,Central,2063,123.82,0,0.0,255445.97
2024-03-25,PC_SOAP_REG,Personal Care,Central,2518,120.57,0,0.0,303587.12
2024-04-01,PC_SOAP_REG,Personal Care,Central,2708,116.3,0,0.0,314951.52
2024-04-08,PC_SOAP_REG,Personal Care,Central,3752,122.23,0,0.0,458600.97
2024-04-15,PC_SOAP_REG,Personal Care,Central,2882,130.7,0,0.0,376664.62
2024-04-22,PC_SOAP_REG,Personal Care,Central,3399,113.26,0,0.0,384981.65
2024-04-29,PC_SOAP_REG,Personal Care,Central,2805,128.64,0,0.0,360825.7
2024-05-06,PC_SOAP_REG,Personal Care,Central,4043,117.91,0,0.0,476704.7
2024-05-13,PC_SOAP_REG,Personal Care,Central,3043,121.95,0,0.0,371104.77
2024-05-20,PC_SOAP_REG,Personal Care,Central,3556,121.8,0,0.0,433124.85
2024-05-27,PC_SOAP_REG,Personal Care,Central,2672,130.51,0,0.0,348732.85
2024-06-03,PC_SOAP_REG,Personal Care,Central,3502,118.78,0,0.0,415971.37
2024-06-10,PC_SOAP_REG,Personal Care,Central,4139,123.36,0,0.0,510604.4
2024-06-17,PC_SOAP_REG,Personal Care,Central,3809,119.03,0,0.0,453398.44
2024-06-24,PC_SOAP_REG,Personal Care,Central,2739,124.35,0,0.0,340585.93
2024-07-01,PC_SOAP_REG,Personal Care,Central,3037,126.62,0,0.0,384558.17
2024-07-08,PC_SOAP_REG,Personal Care,Central,2709,126.39,0,0.0,342388.34
2024-07-15,PC_SOAP_REG,Personal Care,Central,2943,118.98,0,0.0,350164.97
2024-07-22,PC_SOAP_REG,Personal Care,Central,2888,123.28,0,0.0,356024.09
2024-07-29,PC_SOAP_REG,Personal Care,Central,2576,123.22,0,0.0,317423.63
2024-08-05,PC_SOAP_REG,Personal Care,Central,2992,122.88,0,0.0,367662.95
2024-08-12,PC_SOAP_REG,Personal Care,Central,2783,120.06,0,0.0,334116.74
2024-08-19,PC_SOAP_REG,Personal Care,Central,3763,111.68,0,0.0,420268.39
2024-08-26,PC_SOAP_REG,Personal Care,Central,2942,121.23,0,0.0,356670.79
2024-09-02,PC_SOAP_REG,Personal Care,Central,3114,124.11,0,0.0,386480.91
2024-09-09,PC_SOAP_REG,Personal Care,Central,3249,108.23,0,0.0,351630.86
2024-09-16,PC_SOAP_REG,Personal Care,Central,3786,112.18,0,0.0,424723.23
2024-09-23,PC_SOAP_REG,Personal Care,Central,8348,82.55,1,0.35,689110.81
2024-09-30,PC_SOAP_REG,Personal Care,Central,7330,76.76,1,0.35,562687.03
2024-10-07,PC_SOAP_REG,Personal Care,Central,11068,77.34,1,0.35,855952.59
2024-10-14,PC_SOAP_REG,Personal Care,Central,4164,117.91,0,0.0,490956.9
2024-10-21,PC_SOAP_REG,Personal Care,Central,3941,119.71,0,0.0,471778.28
2024-10-28,PC_SOAP_REG,Personal Care,Central,3953,114.95,0,0.0,454389.79
2024-11-04,PC_SOAP_REG,Personal Care,Central,4521,124.01,0,0.0,560670.37
2024-11-11,PC_SOAP_REG,Personal Care,Central,3971,117.31,0,0.0,465850.46
2024-11-18,PC_SOAP_REG,Personal Care,Central,3674,123.33,0,0.0,453101.86
2024-11-25,PC_SOAP_REG,Personal Care,Central,3618,120.98,0,0.0,437722.03
2024-12-02,PC_SOAP_REG,Personal Care,Central,3566,115.27,0,0.0,411053.96
2024-12-09,PC_SOAP_REG,Personal Care,Central,2772,127.82,0,0.0,354326.9
2024-12-16,PC_SOAP_REG,Personal Care,Central,4134,112.4,0,0.0,464641.9
2024-12-23,PC_SOAP_REG,Personal Care,Central,3667,122.19,0,0.0,448082.0
