powerbi/fact_sales.csv
date,sku,category,region,units,price,promo_flag,discount_depth,revenue
2023-01-02,PC_SOAP_PREM,Personal Care,North,1374,217.89,0,0.0,299381.24
2023-01-09,PC_SOAP_PREM,Personal Care,North,1459,216.55,0,0.0,315944.99
2023-01-16,PC_SOAP_PREM,Personal Care,North,1664,207.52,0,0.0,345310.5
2023-01-23,PC_SOAP_PREM,Personal Care,North,1622,209.72,0,0.0,340160.08
2023-01-30,PC_SOAP_PREM,Personal Care,North,1322,231.51,0,0.0,306050.8
2023-02-06,PC_SOAP_PREM,Personal Care,North,1368,216.0,0,0.0,295491.39
2023-02-13,PC_SOAP_PREM,Personal Care,North,1408,220.09,0,0.0,309889.22
2023-02-20,PC_SOAP_PREM,Personal Care,North,1343,223.2,0,0.0,299762.62
2023-02-27,PC_SOAP_PREM,Personal Care,North,1904,202.51,0,0.0,385578.54
2023-03-06,PC_SOAP_PREM,Personal Care,North,1438,217.18,0,0.0,312311.19
2023-03-13,PC_SOAP_PREM,Personal Care,North,1395,219.58,0,0.0,306313.81
2023-03-20,PC_SOAP_PREM,Personal Care,North,2173,211.8,0,0.0,460234.06
2023-03-27,PC_SOAP_PREM,Personal Care,North,1544,218.03,0,0.0,336643.35
2023-04-03,PC_SOAP_PREM,Personal Care,North,1667,224.85,0,0.0,374827.7
2023-04-10,PC_SOAP_PREM,Personal Care,North,2091,212.81,0,0.0,444995.14
2023-04-17,PC_SOAP_PREM,Personal Care,North,1372,222.1,0,0.0,304721.06
2023-04-24,PC_SOAP_PREM,Personal Care,North,1738,210.84,0,0.0,366442.04
2023-05-01,PC_SOAP_PREM,Personal Care,North,2300,216.7,0,0.0,498405.0
2023-05-08,PC_SOAP_PREM,Personal Care,North,1943,204.9,0,0.0,398128.41
2023-05-15,PC_SOAP_PREM,Personal Care,North,1978,200.93,0,0.0,397443.23
2023-05-22,PC_SOAP_PREM,Personal Care,North,7950,148.63,1,0.3,1181594.77
2023-05-29,PC_SOAP_PREM,Personal Care,North,7532,150.44,1,0.3,1133135.63
2023-06-05,PC_SOAP_PREM,Personal Care,North,6225,158.1,1,0.3,984152.15
2023-06-12,PC_SOAP_PREM,Personal Care,North,9126,143.94,1,0.3,1313553.35
2023-06-19,PC_SOAP_PREM,Personal Care,North,1622,221.2,0,0.0,358793.89
2023-06-26,PC_SOAP_PREM,Personal Care,North,1917,225.64,0,0.0,432543.28
2023-07-03,PC_SOAP_PREM,Personal Care,North,1716,209.85,0,0.0,360109.0
2023-07-10,PC_SOAP_PREM,Personal Care,North,1382,218.54,0,0.0,302027.49
2023-07-17,PC_SOAP_PREM,Personal Care,North,1934,227.69,0,0.0,440350.2
2023-07-24,PC_SOAP_PREM,Personal Care,North,1615,236.36,0,0.0,381713.75
2023-07-31,PC_SOAP_PREM,Personal Care,North,1518,220.39,0,0.0,334549.29
2023-08-07,PC_SOAP_PREM,Personal Care,North,2001,224.92,0,0.0,450071.53
2023-08-14,PC_SOAP_PREM,Personal Care,North,1574,224.46,0,0.0,353295.67
2023-08-21,PC_SOAP_PREM,Personal Care,North,2245,204.72,0,0.0,459602.79
2023-08-28,PC_SOAP_PREM,Personal Care,North,2231,209.38,0,0.0,467120.03
2023-09-04,PC_SOAP_PREM,Personal Care,North,2261,211.69,0,0.0,478628.08
2023-09-11,PC_SOAP_PREM,Personal Care,North,1883,206.71,0,0.0,389231.91
2023-09-18,PC_SOAP_PREM,Personal Care,North,1705,211.65,0,0.0,360871.74
2023-09-25,PC_SOAP_PREM,Personal Care,North,2583,209.91,0,0.0,542209.05
2023-10-02,PC_SOAP_PREM,Personal Care,North,1774,214.88,0,0.0,381193.9
2023-10-09,PC_SOAP_PREM,Personal Care,North,2184,210.8,0,0.0,460379.01
2023-10-16,PC_SOAP_PREM,Personal Care,North,1786,218.59,0,0.0,390400.75
2023-10-23,PC_SOAP_PREM,Personal Care,North,2242,218.88,0,0.0,490723.0
2023-10-30,PC_SOAP_PREM,Personal Care,North,2531,212.39,0,0.0,537563.43
2023-11-06,PC_SOAP_PREM,Personal Care,North,2318,214.33,0,0.0,496807.91
2023-11-13,PC_SOAP_PREM,Personal Care,North,2547,218.2,0,0.0,555761.16
2023-11-20,PC_SOAP_PREM,Personal Care,North,2282,216.07,0,0.0,493077.73
2023-11-27,PC_SOAP_PREM,Personal Care,North,1687,218.38,0,0.0,368407.57
2023-12-04,PC_SOAP_PREM,Personal Care,North,1923,226.6,0,0.0,435752.7
2023-12-11,PC_SOAP_PREM,Personal Care,North,1814,222.1,0,0.0,402890.13
2023-12-18,PC_SOAP_PREM,Personal Care,North,2111,210.71,0,0.0,444805.79
2023-12-25,PC_SOAP_PREM,Personal Care,North,2193,217.75,0,0.0,477522.02
2024-01-01,PC_SOAP_PREM,Personal Care,North,1379,226.8,0,0.0,312755.58
2024-01-08,PC_SOAP_PREM,Personal Care,North,1606,224.33,0,0.0,360268.77
2024-01-15,PC_SOAP_PREM,Personal Care,North,1433,221.81,0,0.0,317856.18
2024-01-22,PC_SOAP_PREM,Personal Care,North,1440,230.26,0,0.0,331569.86
2024-01-29,PC_SOAP_PREM,Personal Care,North,1638,215.81,0,0.0,353490.93
2024-02-05,PC_SOAP_PREM,Personal Care,North,1891,208.15,0,0.0,393609.96
2024-02-12,PC_SOAP_PREM,Personal Care,North,1273,221.37,0,0.0,281803.91
2024-02-19,PC_SOAP_PREM,Personal Care,North,2401,216.14,0,0.0,518946.71
2024-02-26,PC_SOAP_PREM,Personal Care,North,2014,216.53,0,0.0,436098.01
2024-03-04,PC_SOAP_PREM,Personal Care,North,1742,228.54,0,0.0,398123.7
2024-03-11,PC_SOAP_PREM,Personal Care,North,7460,148.67,1,0.3,1109088.62
2024-03-18,PC_SOAP_PREM,Personal Care,North,6762,155.04,1,0.3,1048377.45
2024-03-25,PC_SOAP_PREM,Personal Care,North,5303,156.06,1,0.3,827593.4
2024-04-01,PC_SOAP_PREM,Personal Care,North,9217,143.87,1,0.3,1326065.71
2024-04-08,PC_SOAP_PREM,Personal Care,North,1591,218.59,0,0.0,347783.85
2024-04-15,PC_SOAP_PREM,Personal Care,North,1591,222.45,0,0.0,353919.13
2024-04-22,PC_SOAP_PREM,Personal Care,North,2523,201.99,0,0.0,509611.49
2024-04-29,PC_SOAP_PREM,Personal Care,North,2113,219.39,0,0.0,463569.86
2024-05-06,PC_SOAP_PREM,Personal Care,North,2797,207.61,0,0.0,580697.11
2024-05-13,PC_SOAP_PREM,Personal Care,North,1807,212.9,0,0.0,384707.15
2024-05-20,PC_SOAP_PREM,Personal Care,North,2422,205.21,0,0.0,497027.36
2024-05-27,PC_SOAP_PREM,Personal Care,North,1648,219.36,0,0.0,361508.77
2024-06-03,PC_SOAP_PREM,Personal Care,North,2099,229.05,0,0.0,480768.66
2024-06-10,PC_SOAP_PREM,Personal Care,North,2935,208.62,0,0.0,612290.51
2024-06-17,PC_SOAP_PREM,Personal Care,North,2584,208.5,0,0.0,538766.24
2024-06-24,PC_SOAP_PREM,Personal Care,North,2251,216.2,0,0.0,486675.2
2024-07-01,PC_SOAP_PREM,Personal Care,North,1967,209.11,0,0.0,411312.16
2024-07-08,PC_SOAP_PREM,Personal Care,North,1822,212.52,0,0.0,387219.57
2024-07-15,PC_SOAP_PREM,Personal Care,North,2014,225.35,0,0.0,453853.3
2024-07-22,PC_SOAP_PREM,Personal Care,North,1701,214.01,0,0.0,364031.14
2024-07-29,PC_SOAP_PREM,Personal Care,North,2268,200.49,0,0.0,454715.47
2024-08-05,PC_SOAP_PREM,Personal Care,North,1680,208.73,0,0.0,350666.64
2024-08-12,PC_SOAP_PREM,Personal Care,North,1952,207.56,0,0.0,405156.1
2024-08-19,PC_SOAP_PREM,Personal Care,North,2013,212.35,0,0.0,427468.24
2024-08-26,PC_SOAP_PREM,Personal Care,North,1812,221.58,0,0.0,401504.3
2024-09-02,PC_SOAP_PREM,Personal Care,North,1752,224.69,0,0.0,393649.13
2024-09-09,PC_SOAP_PREM,Personal Care,North,2110,216.79,0,0.0,457427.53
2024-09-16,PC_SOAP_PREM,Personal Care,North,1977,222.77,0,0.0,440414.47
2024-09-23,PC_SOAP_PREM,Personal Care,North,2314,199.79,0,0.0,462323.29
2024-09-30,PC_SOAP_PREM,Personal Care,North,2307,211.16,0,0.0,487150.2
2024-10-07,PC_SOAP_PREM,Personal Care,North,2778,214.06,0,0.0,594669.52
2024-10-14,PC_SOAP_PREM,Personal Care,North,2544,204.11,0,0.0,519262.92
2024-10-21,PC_SOAP_PREM,Personal Care,North,2919,219.17,0,0.0,639763.3
2024-10-28,PC_SOAP_PREM,Personal Care,North,2433,205.75,0,0.0,500584.45
2024-11-04,PC_SOAP_PREM,Personal Care,North,2590,205.34,0,0.0,531819.18
2024-11-11,PC_SOAP_PREM,Personal Care,North,3138,204.47,0,0.0,641614.35
2024-11-18,PC_SOAP_PREM,Personal Care,North,2210,212.22,0,0.0,469015.88
2024-11-25,PC_SOAP_PREM,Personal Care,North,2689,214.87,0,0.0,577796.83
2024-12-02,PC_SOAP_PREM,Personal Care,North,2155,210.06,0,0.0,452685.13
2024-12-09,PC_SOAP_PREM,Personal Care,North,2169,219.83,0,0.0,476815.86
2024-12-16,PC_SOAP_PREM,Personal Care,North,2226,213.38,0,0.0,474976.8
2024-12-23,PC_SOAP_PREM,Personal Care,North,2041,205.32,0,0.0,419063.05
2023-01-02,PC_SOAP_PREM,Personal Care,South,1589,208.47,0,0.0,331254.77
2023-01-09,PC_SOAP_PREM,Personal Care,South,1043,225.54,0,0.0,235241.41
2023-01-16,PC_SOAP_PREM,Personal Care,South,1475,207.96,0,0.0,306744.65
2023-01-23,PC_SOAP_PREM,Personal Care,South,1605,208.5,0,0.0,334634.68
2023-01-30,PC_SOAP_PREM,Personal Care,South,1420,213.34,0,0.0,302939.59
2023-02-06,PC_SOAP_PREM,Personal Care,South,1452,207.16,0,0.0,300797.29
2023-02-13,PC_SOAP_PREM,Personal Care,South,2349,193.34,0,0.0,454151.34
2023-02-20,PC_SOAP_PREM,Personal Care,South,1399,204.83,0,0.0,286552.04
2023-02-27,PC_SOAP_PREM,Personal Care,South,1580,214.0,0,0.0,338112.62
2023-03-06,PC_SOAP_PREM,Personal Care,South,1724,203.15,0,0.0,350229.53
2023-03-13,PC_SOAP_PREM,Personal Care,South,1732,216.9,0,0.0,375665.12
2023-03-20,PC_SOAP_PREM,Personal Care,South,1911,205.78,0,0.0,393253.57
2023-03-27,PC_SOAP_PREM,Personal Care,South,2013,202.68,0,0.0,407992.31
2023-04-03,PC_SOAP_PREM,Personal Care,South,1904,204.68,0,0.0,389718.75
2023-04-10,PC_SOAP_PREM,Personal Care,South,1563,214.1,0,0.0,334631.49
2023-04-17,PC_SOAP_PREM,Personal Care,South,2535,198.92,0,0.0,504264.63
2023-04-24,PC_SOAP_PREM,Personal Care,South,2383,197.06,0,0.0,469586.08
2023-05-01,PC_SOAP_PREM,Personal Care,South,1853,210.16,0,0.0,389428.12
2023-05-08,PC_SOAP_PREM,Personal Care,South,2361,200.47,0,0.0,473319.14
2023-05-15,PC_SOAP_PREM,Personal Care,South,1887,207.42,0,0.0,391396.37
2023-05-22,PC_SOAP_PREM,Personal Care,South,8604,141.26,1,0.3,1215431.74
2023-05-29,PC_SOAP_PREM,Personal Care,South,7994,146.29,1,0.3,1169428.23
2023-06-05,PC_SOAP_PREM,Personal Care,South,6604,149.61,1,0.3,988043.33
2023-06-12,PC_SOAP_PREM,Personal Care,South,9592,131.58,1,0.3,1262092.51
2023-06-19,PC_SOAP_PREM,Personal Care,South,2125,196.58,0,0.0,417739.43
2023-06-26,PC_SOAP_PREM,Personal Care,South,2015,217.44,0,0.0,438142.09
2023-07-03,PC_SOAP_PREM,Personal Care,South,1453,202.33,0,0.0,293989.93
2023-07-10,PC_SOAP_PREM,Personal Care,South,1856,218.69,0,0.0,405886.78
2023-07-17,PC_SOAP_PREM,Personal Care,South,2170,203.41,0,0.0,441400.33
2023-07-24,PC_SOAP_PREM,Personal Care,South,2021,195.76,0,0.0,395627.07
2023-07-31,PC_SOAP_PREM,Personal Care,South,1859,208.53,0,0.0,387654.93
2023-08-07,PC_SOAP_PREM,Personal Care,South,1658,202.76,0,0.0,336168.1
2023-08-14,PC_SOAP_PREM,Personal Care,South,1975,197.81,0,0.0,390666.45
2023-08-21,PC_SOAP_PREM,Personal Care,South,1834,211.37,0,0.0,387656.37
2023-08-28,PC_SOAP_PREM,Personal Care,South,2064,193.78,0,0.0,399957.2
2023-09-04,PC_SOAP_PREM,Personal Care,South,2290,200.39,0,0.0,458887.23
2023-09-11,PC_SOAP_PREM,Personal Care,South,1910,220.15,0,0.0,420495.57
2023-09-18,PC_SOAP_PREM,Personal Care,South,1967,201.26,0,0.0,395883.34
2023-09-25,PC_SOAP_PREM,Personal Care,South,2176,199.54,0,0.0,434209.87
2023-10-02,PC_SOAP_PREM,Personal Care,South,1918,209.44,0,0.0,401714.45
2023-10-09,PC_SOAP_PREM,Personal Care,South,1909,222.61,0,0.0,424961.85
2023-10-16,PC_SOAP_PREM,Personal Care,South,2228,209.08,0,0.0,465833.82
2023-10-23,PC_SOAP_PREM,Personal Care,South,2152,220.42,0,0.0,474354.03
2023-10-30,PC_SOAP_PREM,Personal Care,South,2611,194.88,0,0.0,508828.66
2023-11-06,PC_SOAP_PREM,Personal Care,South,1700,208.39,0,0.0,354270.74
2023-11-13,PC_SOAP_PREM,Personal Care,South,1908,220.39,0,0.0,420500.68
2023-11-20,PC_SOAP_PREM,Personal Care,South,2488,205.84,0,0.0,512120.51
2023-11-27,PC_SOAP_PREM,Personal Care,South,1901,220.81,0,0.0,419759.34
2023-12-04,PC_SOAP_PREM,Personal Care,South,1839,206.42,0,0.0,379614.89
2023-12-11,PC_SOAP_PREM,Personal Care,South,2035,206.0,0,0.0,419211.82
2023-12-18,PC_SOAP_PREM,Personal Care,South,1636,208.85,0,0.0,341676.29
2023-12-25,PC_SOAP_PREM,Personal Care,South,1889,204.22,0,0.0,385772.24
2024-01-01,PC_SOAP_PREM,Personal Care,South,1459,210.2,0,0.0,306680.86
2024-01-08,PC_SOAP_PREM,Personal Care,South,1864,196.54,0,0.0,366353.47
2024-01-15,PC_SOAP_PREM,Personal Care,South,1556,211.5,0,0.0,329088.73
2024-01-22,PC_SOAP_PREM,Personal Care,South,1681,213.19,0,0.0,358376.21
2024-01-29,PC_SOAP_PREM,Personal Care,South,1369,213.21,0,0.0,291887.46
2024-02-05,PC_SOAP_PREM,Personal Care,South,1943,202.03,0,0.0,392553.53
2024-02-12,PC_SOAP_PREM,Personal Care,South,1638,216.15,0,0.0,354057.7
2024-02-19,PC_SOAP_PREM,Personal Care,South,2130,199.03,0,0.0,423930.42
2024-02-26,PC_SOAP_PREM,Personal Care,South,1956,194.46,0,0.0,380363.03
2024-03-04,PC_SOAP_PREM,Personal Care,South,1645,210.87,0,0.0,346882.5
2024-03-11,PC_SOAP_PREM,Personal Care,South,7499,149.32,1,0.3,1119755.58
2024-03-18,PC_SOAP_PREM,Personal Care,South,6996,142.89,1,0.3,999634.46
2024-03-25,PC_SOAP_PREM,Personal Care,South,6279,146.62,1,0.3,920597.66
2024-04-01,PC_SOAP_PREM,Personal Care,South,7199,147.0,1,0.3,1058225.64
2024-04-08,PC_SOAP_PREM,Personal Care,South,2623,192.53,0,0.0,505018.33
2024-04-15,PC_SOAP_PREM,Personal Care,South,2174,210.9,0,0.0,458492.27
2024-04-22,PC_SOAP_PREM,Personal Care,South,2242,188.36,0,0.0,422314.2
2024-04-29,PC_SOAP_PREM,Personal Care,South,1849,207.56,0,0.0,383778.04
2024-05-06,PC_SOAP_PREM,Personal Care,South,1928,208.84,0,0.0,402641.67
2024-05-13,PC_SOAP_PREM,Personal Care,South,2704,198.04,0,0.0,535499.78
2024-05-20,PC_SOAP_PREM,Personal Care,South,2404,201.9,0,0.0,485360.88
2024-05-27,PC_SOAP_PREM,Personal Care,South,2164,201.52,0,0.0,436099.61
2024-06-03,PC_SOAP_PREM,Personal Care,South,2353,206.33,0,0.0,485487.5
2024-06-10,PC_SOAP_PREM,Personal Care,South,1831,214.37,0,0.0,392514.84
2024-06-17,PC_SOAP_PREM,Personal Care,South,1988,213.83,0,0.0,425100.95
2024-06-24,PC_SOAP_PREM,Personal Care,South,2083,203.17,0,0.0,423199.75
2024-07-01,PC_SOAP_PREM,Personal Care,South,1735,212.61,0,0.0,368872.75
2024-07-08,PC_SOAP_PREM,Personal Care,South,2503,187.91,0,0.0,470346.86
2024-07-15,PC_SOAP_PREM,Personal Care,South,1976,215.31,0,0.0,425459.98
2024-07-22,PC_SOAP_PREM,Personal Care,South,2012,214.32,0,0.0,431209.49
2024-07-29,PC_SOAP_PREM,Personal Care,South,1805,199.01,0,0.0,359221.52
2024-08-05,PC_SOAP_PREM,Personal Care,South,1450,216.0,0,0.0,313201.19
2024-08-12,PC_SOAP_PREM,Personal Care,South,2095,201.78,0,0.0,422730.46
2024-08-19,PC_SOAP_PREM,Personal Care,South,1992,209.02,0,0.0,416371.52
2024-08-26,PC_SOAP_PREM,Personal Care,South,1791,198.21,0,0.0,355000.69
2024-09-02,PC_SOAP_PREM,Personal Care,South,1975,206.18,0,0.0,407214.2
2024-09-09,PC_SOAP_PREM,Personal Care,South,2074,223.7,0,0.0,463949.63
2024-09-16,PC_SOAP_PREM,Personal Care,South,2387,209.02,0,0.0,498918.82
2024-09-23,PC_SOAP_PREM,Personal Care,South,1741,202.27,0,0.0,352151.54
2024-09-30,PC_SOAP_PREM,Personal Care,South,2462,204.17,0,0.0,502665.58
2024-10-07,PC_SOAP_PREM,Personal Care,South,3117,202.93,0,0.0,632540.19
2024-10-14,PC_SOAP_PREM,Personal Care,South,2936,205.27,0,0.0,602675.96
2024-10-21,PC_SOAP_PREM,Personal Care,South,2812,207.6,0,0.0,583769.99
2024-10-28,PC_SOAP_PREM,Personal Care,South,2976,203.44,0,0.0,605450.42
2024-11-04,PC_SOAP_PREM,Personal Care,South,3191,208.17,0,0.0,664264.68
2024-11-11,PC_SOAP_PREM,Personal Care,South,3173,196.76,0,0.0,624318.36
2024-11-18,PC_SOAP_PREM,Personal Care,South,2627,196.41,0,0.0,515974.35
2024-11-25,PC_SOAP_PREM,Personal Care,South,2608,191.81,0,0.0,500234.19
2024-12-02,PC_SOAP_PREM,Personal Care,South,2078,197.32,0,0.0,410024.29
2024-12-09,PC_SOAP_PREM,Personal Care,South,2060,225.0,0,0.0,463491.33
2024-12-16,PC_SOAP_PREM,Personal Care,South,2627,199.19,0,0.0,523278.88
2024-12-23,PC_SOAP_PREM,Personal Care,South,2328,206.3,0,0.0,480272.91
