powerbi/fact_sales.csv
date,sku,category,region,units,price,promo_flag,discount_depth,revenue
2023-01-02,PC_SOAP_PREM,Personal Care,Central,1154,220.9,0,0.0,254918.84
2023-01-09,PC_SOAP_PREM,Personal Care,Central,1395,203.84,0,0.0,284353.58
2023-01-16,PC_SOAP_PREM,Personal Care,Central,1397,216.45,0,0.0,302386.39
2023-01-23,PC_SOAP_PREM,Personal Care,Central,1297,213.84,0,0.0,277348.28
2023-01-30,PC_SOAP_PREM,Personal Care,Central,1286,225.53,0,0.0,290033.93
2023-02-06,PC_SOAP_PREM,Personal Care,Central,1722,196.19,0,0.0,337844.02
2023-02-13,PC_SOAP_PREM,Personal Care,Central,1497,210.71,0,0.0,315425.95
2023-02-20,PC_SOAP_PREM,Personal Care,Central,1671,205.59,0,0.0,343535.25
2023-02-27,PC_SOAP_PREM,Personal Care,Central,1553,214.93,0,0.0,333779.71
2023-03-06,PC_SOAP_PREM,Personal Care,Central,1696,212.53,0,0.0,360458.21
2023-03-13,PC_SOAP_PREM,Personal Care,Central,1913,203.61,0,0.0,389506.12
2023-03-20,PC_SOAP_PREM,Personal Care,Central,1920,203.06,0,0.0,389884.43
2023-03-27,PC_SOAP_PREM,Personal Care,Central,1561,215.77,0,0.0,336809.43
2023-04-03,PC_SOAP_PREM,Personal Care,Central,2066,194.82,0,0.0,402508.07
2023-04-10,PC_SOAP_PREM,Personal Care,Central,1711,210.21,0,0.0,359663.41
2023-04-17,PC_SOAP_PREM,Personal Care,Central,1537,214.51,0,0.0,329696.81
2023-04-24,PC_SOAP_PREM,Personal Care,Central,1490,223.62,0,0.0,333188.55
2023-05-01,PC_SOAP_PREM,Personal Care,Central,2075,209.45,0,0.0,434605.18
2023-05-08,PC_SOAP_PREM,Personal Care,Central,1947,210.52,0,0.0,409887.39
2023-05-15,PC_SOAP_PREM,Personal Care,Central,1416,224.84,0,0.0,318380.03
2023-05-22,PC_SOAP_PREM,Personal Care,Central,6940,142.82,1,0.3,991140.95
2023-05-29,PC_SOAP_PREM,Personal Care,Central,7774,142.21,1,0.3,1105544.87
2023-06-05,PC_SOAP_PREM,Personal Care,Central,8316,136.97,1,0.3,1139045.98
2023-06-12,PC_SOAP_PREM,Personal Care,Central,8179,141.99,1,0.3,1161341.84
2023-06-19,PC_SOAP_PREM,Personal Care,Central,1344,219.16,0,0.0,294548.48
2023-06-26,PC_SOAP_PREM,Personal Care,Central,1466,218.93,0,0.0,320953.76
2023-07-03,PC_SOAP_PREM,Personal Care,Central,1484,210.93,0,0.0,313022.39
2023-07-10,PC_SOAP_PREM,Personal Care,Central,1875,200.19,0,0.0,375357.86
2023-07-17,PC_SOAP_PREM,Personal Care,Central,1794,217.62,0,0.0,390413.27
2023-07-24,PC_SOAP_PREM,Personal Care,Central,1730,209.28,0,0.0,362050.12
2023-07-31,PC_SOAP_PREM,Personal Care,Central,1618,217.91,0,0.0,352573.12
2023-08-07,PC_SOAP_PREM,Personal Care,Central,1450,199.87,0,0.0,289809.95
2023-08-14,PC_SOAP_PREM,Personal Care,Central,1660,200.83,0,0.0,333376.93
2023-08-21,PC_SOAP_PREM,Personal Care,Central,1548,203.66,0,0.0,315261.08
2023-08-28,PC_SOAP_PREM,Personal Care,Central,1352,211.0,0,0.0,285265.4
2023-09-04,PC_SOAP_PREM,Personal Care,Central,1450,211.79,0,0.0,307089.87
2023-09-11,PC_SOAP_PREM,Personal Care,Central,1329,216.48,0,0.0,287704.03
2023-09-18,PC_SOAP_PREM,Personal Care,Central,1398,220.38,0,0.0,308092.49
2023-09-25,PC_SOAP_PREM,Personal Care,Central,2004,193.42,0,0.0,387613.09
2023-10-02,PC_SOAP_PREM,Personal Care,Central,1662,224.04,0,0.0,372346.65
2023-10-09,PC_SOAP_PREM,Personal Care,Central,1914,207.52,0,0.0,397183.73
2023-10-16,PC_SOAP_PREM,Personal Care,Central,2105,219.12,0,0.0,461250.33
2023-10-23,PC_SOAP_PREM,Personal Care,Central,2062,200.2,0,0.0,412811.1
2023-10-30,PC_SOAP_PREM,Personal Care,Central,2159,210.15,0,0.0,453716.48
2023-11-06,PC_SOAP_PREM,Personal Care,Central,1550,223.87,0,0.0,346994.78
2023-11-13,PC_SOAP_PREM,Personal Care,Central,2175,210.4,0,0.0,457625.82
2023-11-20,PC_SOAP_PREM,Personal Care,Central,2779,200.54,0,0.0,557311.2
2023-11-27,PC_SOAP_PREM,Personal Care,Central,2681,199.82,0,0.0,535709.54
2023-12-04,PC_SOAP_PREM,Personal Care,Central,1608,202.32,0,0.0,325327.97
2023-12-11,PC_SOAP_PREM,Personal Care,Central,1608,221.47,0,0.0,356126.85
2023-12-18,PC_SOAP_PREM,Personal Care,Central,1525,213.21,0,0.0,325149.14
2023-12-25,PC_SOAP_PREM,Personal Care,Central,1760,223.25,0,0.0,392911.3
2024-01-01,PC_SOAP_PREM,Personal Care,Central,1135,209.17,0,0.0,237403.83
2024-01-08,PC_SOAP_PREM,Personal Care,Central,1531,215.45,0,0.0,329857.32
2024-01-15,PC_SOAP_PREM,Personal Care,Central,1285,218.16,0,0.0,280332.2
2024-01-22,PC_SOAP_PREM,Personal Care,Central,1166,216.43,0,0.0,252352.19
2024-01-29,PC_SOAP_PREM,Personal Care,Central,1670,212.69,0,0.0,355187.83
2024-02-05,PC_SOAP_PREM,Personal Care,Central,1139,221.58,0,0.0,252383.09
2024-02-12,PC_SOAP_PREM,Personal Care,Central,1721,200.78,0,0.0,345542.58
2024-02-19,PC_SOAP_PREM,Personal Care,Central,1613,220.71,0,0.0,356006.35
2024-02-26,PC_SOAP_PREM,Personal Care,Central,1494,209.3,0,0.0,312696.29
2024-03-04,PC_SOAP_PREM,Personal Care,Central,1490,210.96,0,0.0,314331.59
2024-03-11,PC_SOAP_PREM,Personal Care,Central,6998,145.41,1,0.3,1017547.95
2024-03-18,PC_SOAP_PREM,Personal Care,Central,5697,150.96,1,0.3,860044.57
2024-03-25,PC_SOAP_PREM,Personal Care,Central,5564,138.72,1,0.3,771819.47
2024-04-01,PC_SOAP_PREM,Personal Care,Central,7261,147.92,1,0.3,1074079.23
2024-04-08,PC_SOAP_PREM,Personal Care,Central,1846,207.56,0,0.0,383149.61
2024-04-15,PC_SOAP_PREM,Personal Care,Central,1567,226.48,0,0.0,354894.07
2024-04-22,PC_SOAP_PREM,Personal Care,Central,1470,221.68,0,0.0,325869.48
2024-04-29,PC_SOAP_PREM,Personal Care,Central,1439,224.46,0,0.0,323002.57
2024-05-06,PC_SOAP_PREM,Personal Care,Central,1737,217.3,0,0.0,377457.79
2024-05-13,PC_SOAP_PREM,Personal Care,Central,2102,202.61,0,0.0,425888.03
2024-05-20,PC_SOAP_PREM,Personal Care,Central,1831,216.32,0,0.0,396087.77
2024-05-27,PC_SOAP_PREM,Personal Care,Central,2583,196.57,0,0.0,507741.5
2024-06-03,PC_SOAP_PREM,Personal Care,Central,2227,212.04,0,0.0,472205.87
2024-06-10,PC_SOAP_PREM,Personal Care,Central,2076,201.0,0,0.0,417270.73
2024-06-17,PC_SOAP_PREM,Personal Care,Central,2232,212.68,0,0.0,474711.31
2024-06-24,PC_SOAP_PREM,Personal Care,Central,1977,214.9,0,0.0,424865.91
2024-07-01,PC_SOAP_PREM,Personal Care,Central,2102,198.2,0,0.0,416618.2
2024-07-08,PC_SOAP_PREM,Personal Care,Central,1721,199.34,0,0.0,343065.87
2024-07-15,PC_SOAP_PREM,Personal Care,Central,1900,206.44,0,0.0,392236.12
2024-07-22,PC_SOAP_PREM,Personal Care,Central,1716,211.17,0,0.0,362375.57
2024-07-29,PC_SOAP_PREM,Personal Care,Central,2131,205.05,0,0.0,436954.73
2024-08-05,PC_SOAP_PREM,Personal Care,Central,1374,222.82,0,0.0,306154.37
2024-08-12,PC_SOAP_PREM,Personal Care,Central,1335,218.6,0,0.0,291837.28
2024-08-19,PC_SOAP_PREM,Personal Care,Central,2002,220.91,0,0.0,442261.46
2024-08-26,PC_SOAP_PREM,Personal Care,Central,1880,217.03,0,0.0,408025.1
2024-09-02,PC_SOAP_PREM,Personal Care,Central,1453,221.5,0,0.0,321843.8
2024-09-09,PC_SOAP_PREM,Personal Care,Central,1735,207.22,0,0.0,359531.15
2024-09-16,PC_SOAP_PREM,Personal Care,Central,1671,204.16,0,0.0,341144.18
2024-09-23,PC_SOAP_PREM,Personal Care,Central,1508,209.05,0,0.0,315243.41
2024-09-30,PC_SOAP_PREM,Personal Care,Central,1860,210.87,0,0.0,392227.09
2024-10-07,PC_SOAP_PREM,Personal Care,Central,2116,210.55,0,0.0,445520.65
2024-10-14,PC_SOAP_PREM,Personal Care,Central,2480,203.86,0,0.0,505584.26
2024-10-21,PC_SOAP_PREM,Personal Care,Central,1761,206.2,0,0.0,363126.32
2024-10-28,PC_SOAP_PREM,Personal Care,Central,2439,205.29,0,0.0,500701.26
2024-11-04,PC_SOAP_PREM,Personal Care,Central,2245,211.76,0,0.0,475411.11
2024-11-11,PC_SOAP_PREM,Personal Care,Central,2124,210.82,0,0.0,447775.35
2024-11-18,PC_SOAP_PREM,Personal Care,Central,1677,219.05,0,0.0,367349.99
2024-11-25,PC_SOAP_PREM,Personal Care,Central,2546,225.27,0,0.0,573545.76
2024-12-02,PC_SOAP_PREM,Personal Care,Central,2015,210.77,0,0.0,424706.32
2024-12-09,PC_SOAP_PREM,Personal Care,Central,1581,209.02,0,0.0,330455.59
2024-12-16,PC_SOAP_PREM,Personal Care,Central,2446,202.18,0,0.0,494524.3
2024-12-23,PC_SOAP_PREM,Personal Care,Central,2123,211.17,0,0.0,448320.59
2023-01-02,PC_SHAMP,Personal Care,North,1716,237.7,0,0.0,407894.39
2023-01-09,PC_SHAMP,Personal Care,North,1501,229.08,0,0.0,343852.56
2023-01-16,PC_SHAMP,Personal Care,North,1780,233.98,0,0.0,416485.68
2023-01-23,PC_SHAMP,Personal Care,North,1858,257.47,0,0.0,478380.25
2023-01-30,PC_SHAMP,Personal Care,North,1505,236.33,0,0.0,355673.5
2023-02-06,PC_SHAMP,Personal Care,North,1859,239.45,0,0.0,445133.05
2023-02-13,PC_SHAMP,Personal Care,North,1418,240.89,0,0.0,341575.41
2023-02-20,PC_SHAMP,Personal Care,North,1895,236.03,0,0.0,447272.36
2023-02-27,PC_SHAMP,Personal Care,North,1944,230.45,0,0.0,447992.24
2023-03-06,PC_SHAMP,Personal Care,North,2411,228.84,0,0.0,551739.38
2023-03-13,PC_SHAMP,Personal Care,North,2056,222.83,0,0.0,458144.23
2023-03-20,PC_SHAMP,Personal Care,North,1872,232.43,0,0.0,435112.85
2023-03-27,PC_SHAMP,Personal Care,North,1819,233.35,0,0.0,424459.6
2023-04-03,PC_SHAMP,Personal Care,North,2156,225.3,0,0.0,485742.53
2023-04-10,PC_SHAMP,Personal Care,North,1884,240.29,0,0.0,452698.93
2023-04-17,PC_SHAMP,Personal Care,North,2071,244.71,0,0.0,506796.49
2023-04-24,PC_SHAMP,Personal Care,North,5802,171.04,1,0.2,992394.64
2023-05-01,PC_SHAMP,Personal Care,North,5575,190.34,1,0.2,1061144.44
2023-05-08,PC_SHAMP,Personal Care,North,5800,201.74,1,0.2,1170068.38
2023-05-15,PC_SHAMP,Personal Care,North,2663,224.04,0,0.0,596626.41
2023-05-22,PC_SHAMP,Personal Care,North,2041,240.57,0,0.0,491005.27
2023-05-29,PC_SHAMP,Personal Care,North,1894,247.84,0,0.0,469404.23
2023-06-05,PC_SHAMP,Personal Care,North,1700,234.52,0,0.0,398683.52
2023-06-12,PC_SHAMP,Personal Care,North,2101,233.38,0,0.0,490332.34
2023-06-19,PC_SHAMP,Personal Care,North,2224,233.05,0,0.0,518301.16
2023-06-26,PC_SHAMP,Personal Care,North,2396,237.96,0,0.0,570155.88
2023-07-03,PC_SHAMP,Personal Care,North,1786,236.14,0,0.0,421743.13
2023-07-10,PC_SHAMP,Personal Care,North,2665,209.28,0,0.0,557727.21
2023-07-17,PC_SHAMP,Personal Care,North,2143,229.14,0,0.0,491036.96
2023-07-24,PC_SHAMP,Personal Care,North,1825,241.08,0,0.0,439978.33
2023-07-31,PC_SHAMP,Personal Care,North,1582,231.89,0,0.0,366857.75
2023-08-07,PC_SHAMP,Personal Care,North,2285,237.62,0,0.0,542967.8
2023-08-14,PC_SHAMP,Personal Care,North,2219,238.17,0,0.0,528504.89
2023-08-21,PC_SHAMP,Personal Care,North,2941,229.28,0,0.0,674312.06
2023-08-28,PC_SHAMP,Personal Care,North,2055,246.27,0,0.0,506094.86
2023-09-04,PC_SHAMP,Personal Care,North,1860,237.25,0,0.0,441279.49
2023-09-11,PC_SHAMP,Personal Care,North,2009,235.06,0,0.0,472225.96
2023-09-18,PC_SHAMP,Personal Care,North,2147,242.98,0,0.0,521671.8
2023-09-25,PC_SHAMP,Personal Care,North,2408,219.34,0,0.0,528163.3
2023-10-02,PC_SHAMP,Personal Care,North,2431,230.6,0,0.0,560583.82
2023-10-09,PC_SHAMP,Personal Care,North,2349,219.2,0,0.0,514902.82
2023-10-16,PC_SHAMP,Personal Care,North,2420,248.42,0,0.0,601177.48
2023-10-23,PC_SHAMP,Personal Care,North,2860,226.87,0,0.0,648844.18
2023-10-30,PC_SHAMP,Personal Care,North,2195,245.32,0,0.0,538469.0
2023-11-06,PC_SHAMP,Personal Care,North,2459,230.34,0,0.0,566395.2
2023-11-13,PC_SHAMP,Personal Care,North,2373,253.4,0,0.0,601312.8
2023-11-20,PC_SHAMP,Personal Care,North,2610,228.59,0,0.0,596629.87
2023-11-27,PC_SHAMP,Personal Care,North,2886,235.67,0,0.0,680144.36
2023-12-04,PC_SHAMP,Personal Care,North,1884,252.48,0,0.0,475680.88
2023-12-11,PC_SHAMP,Personal Care,North,2005,244.74,0,0.0,490707.88
2023-12-18,PC_SHAMP,Personal Care,North,2106,244.38,0,0.0,514662.76
2023-12-25,PC_SHAMP,Personal Care,North,2091,250.85,0,0.0,524537.76
2024-01-01,PC_SHAMP,Personal Care,North,2380,223.47,0,0.0,531853.11
2024-01-08,PC_SHAMP,Personal Care,North,1933,233.36,0,0.0,451088.82
2024-01-15,PC_SHAMP,Personal Care,North,5187,189.97,1,0.2,985379.61
2024-01-22,PC_SHAMP,Personal Care,North,4611,200.16,1,0.2,922944.92
2024-01-29,PC_SHAMP,Personal Care,North,6059,181.62,1,0.2,1100422.51
2024-02-05,PC_SHAMP,Personal Care,North,1692,236.43,0,0.0,400041.06
2024-02-12,PC_SHAMP,Personal Care,North,1791,242.25,0,0.0,433874.85
2024-02-19,PC_SHAMP,Personal Care,North,2469,220.39,0,0.0,544148.15
2024-02-26,PC_SHAMP,Personal Care,North,1780,237.35,0,0.0,422480.8
2024-03-04,PC_SHAMP,Personal Care,North,2427,228.31,0,0.0,554100.2
2024-03-11,PC_SHAMP,Personal Care,North,2057,223.46,0,0.0,459661.57
2024-03-18,PC_SHAMP,Personal Care,North,2000,229.96,0,0.0,459916.76
2024-03-25,PC_SHAMP,Personal Care,North,2576,232.97,0,0.0,600132.12
2024-04-01,PC_SHAMP,Personal Care,North,2360,232.84,0,0.0,549500.16
2024-04-08,PC_SHAMP,Personal Care,North,2148,238.46,0,0.0,512218.86
2024-04-15,PC_SHAMP,Personal Care,North,1772,244.61,0,0.0,433452.03
2024-04-22,PC_SHAMP,Personal Care,North,2551,229.18,0,0.0,584640.54
2024-04-29,PC_SHAMP,Personal Care,North,2710,224.99,0,0.0,609718.2
2024-05-06,PC_SHAMP,Personal Care,North,2967,222.64,0,0.0,660587.66
2024-05-13,PC_SHAMP,Personal Care,North,2327,248.95,0,0.0,579308.32
2024-05-20,PC_SHAMP,Personal Care,North,2439,224.96,0,0.0,548673.35
2024-05-27,PC_SHAMP,Personal Care,North,2751,218.33,0,0.0,600626.6
2024-06-03,PC_SHAMP,Personal Care,North,2318,252.44,0,0.0,585155.52
2024-06-10,PC_SHAMP,Personal Care,North,2000,253.47,0,0.0,506940.66
2024-06-17,PC_SHAMP,Personal Care,North,3592,222.98,0,0.0,800937.19
2024-06-24,PC_SHAMP,Personal Care,North,2885,230.75,0,0.0,665705.37
2024-07-01,PC_SHAMP,Personal Care,North,1942,239.32,0,0.0,464756.21
2024-07-08,PC_SHAMP,Personal Care,North,2025,231.89,0,0.0,469570.31
2024-07-15,PC_SHAMP,Personal Care,North,2877,221.72,0,0.0,637901.57
2024-07-22,PC_SHAMP,Personal Care,North,1761,247.74,0,0.0,436264.69
2024-07-29,PC_SHAMP,Personal Care,North,2420,225.61,0,0.0,545976.72
2024-08-05,PC_SHAMP,Personal Care,North,2368,233.03,0,0.0,551803.44
2024-08-12,PC_SHAMP,Personal Care,North,1923,235.09,0,0.0,452085.65
2024-08-19,PC_SHAMP,Personal Care,North,1789,237.61,0,0.0,425082.31
2024-08-26,PC_SHAMP,Personal Care,North,2477,221.34,0,0.0,548269.93
2024-09-02,PC_SHAMP,Personal Care,North,2350,221.04,0,0.0,519454.83
2024-09-09,PC_SHAMP,Personal Care,North,2180,248.67,0,0.0,542094.69
2024-09-16,PC_SHAMP,Personal Care,North,2186,235.88,0,0.0,515633.29
2024-09-23,PC_SHAMP,Personal Care,North,1803,251.79,0,0.0,453975.87
2024-09-30,PC_SHAMP,Personal Care,North,2034,233.69,0,0.0,475324.76
2024-10-07,PC_SHAMP,Personal Care,North,3332,223.8,0,0.0,745701.29
2024-10-14,PC_SHAMP,Personal Care,North,2197,240.81,0,0.0,529050.17
2024-10-21,PC_SHAMP,Personal Care,North,2500,237.08,0,0.0,592694.49
2024-10-28,PC_SHAMP,Personal Care,North,2740,233.89,0,0.0,640864.98
2024-11-04,PC_SHAMP,Personal Care,North,8114,175.77,1,0.2,1426205.21
2024-11-11,PC_SHAMP,Personal Care,North,8258,190.79,1,0.2,1575561.86
2024-11-18,PC_SHAMP,Personal Care,North,2655,229.0,0,0.0,608005.12
2024-11-25,PC_SHAMP,Personal Care,North,2120,235.82,0,0.0,499936.02
2024-12-02,PC_SHAMP,Personal Care,North,2353,229.72,0,0.0,540537.56
2024-12-09,PC_SHAMP,Personal Care,North,2356,232.88,0,0.0,548657.66
2024-12-16,PC_SHAMP,Personal Care,North,2073,245.17,0,0.0,508246.25
2024-12-23,PC_SHAMP,Personal Care,North,2262,223.93,0,0.0,506536.96
