powerbi/fact_sales.csv
date,sku,category,region,units,price,promo_flag,discount_depth,revenue
2023-01-02,PC_SHAMP,Personal Care,South,1573,228.47,0,0.0,359376.72
2023-01-09,PC_SHAMP,Personal Care,South,1821,229.7,0,0.0,418292.72
2023-01-16,PC_SHAMP,Personal Care,South,1696,235.16,0,0.0,398827.78
2023-01-23,PC_SHAMP,Personal Care,South,1947,224.82,0,0.0,437727.36
2023-01-30,PC_SHAMP,Personal Care,South,1868,222.72,0,0.0,416033.28
2023-02-06,PC_SHAMP,Personal Care,South,1886,228.39,0,0.0,430740.96
2023-02-13,PC_SHAMP,Personal Care,South,1784,227.22,0,0.0,405362.51
2023-02-20,PC_SHAMP,Personal Care,South,1834,214.11,0,0.0,392679.65
2023-02-27,PC_SHAMP,Personal Care,South,1560,230.62,0,0.0,359766.38
2023-03-06,PC_SHAMP,Personal Care,South,1659,239.67,0,0.0,397620.34
2023-03-13,PC_SHAMP,Personal Care,South,1741,232.99,0,0.0,405641.9
2023-03-20,PC_SHAMP,Personal Care,South,1734,230.98,0,0.0,400525.68
2023-03-27,PC_SHAMP,Personal Care,South,1473,242.45,0,0.0,357133.63
2023-04-03,PC_SHAMP,Personal Care,South,1980,226.67,0,0.0,448801.11
2023-04-10,PC_SHAMP,Personal Care,South,1815,228.99,0,0.0,415620.75
2023-04-17,PC_SHAMP,Personal Care,South,1991,228.11,0,0.0,454171.52
2023-04-24,PC_SHAMP,Personal Care,South,5569,184.53,1,0.2,1027646.55
2023-05-01,PC_SHAMP,Personal Care,South,5118,178.77,1,0.2,914936.81
2023-05-08,PC_SHAMP,Personal Care,South,4946,178.33,1,0.2,882002.12
2023-05-15,PC_SHAMP,Personal Care,South,2424,234.63,0,0.0,568752.21
2023-05-22,PC_SHAMP,Personal Care,South,2147,217.06,0,0.0,466033.41
2023-05-29,PC_SHAMP,Personal Care,South,2353,223.9,0,0.0,526829.92
2023-06-05,PC_SHAMP,Personal Care,South,1742,237.36,0,0.0,413473.8
2023-06-12,PC_SHAMP,Personal Care,South,2431,213.77,0,0.0,519670.17
2023-06-19,PC_SHAMP,Personal Care,South,2490,208.87,0,0.0,520088.59
2023-06-26,PC_SHAMP,Personal Care,South,2505,206.8,0,0.0,518025.07
2023-07-03,PC_SHAMP,Personal Care,South,1928,232.18,0,0.0,447639.45
2023-07-10,PC_SHAMP,Personal Care,South,1783,222.27,0,0.0,396313.87
2023-07-17,PC_SHAMP,Personal Care,South,2200,210.6,0,0.0,463324.96
2023-07-24,PC_SHAMP,Personal Care,South,2658,215.0,0,0.0,571457.76
2023-07-31,PC_SHAMP,Personal Care,South,1741,229.52,0,0.0,399586.17
2023-08-07,PC_SHAMP,Personal Care,South,2429,209.25,0,0.0,508271.94
2023-08-14,PC_SHAMP,Personal Care,South,2332,215.1,0,0.0,501618.8
2023-08-21,PC_SHAMP,Personal Care,South,2135,228.98,0,0.0,488870.76
2023-08-28,PC_SHAMP,Personal Care,South,1811,235.22,0,0.0,425983.75
2023-09-04,PC_SHAMP,Personal Care,South,1681,228.3,0,0.0,383766.85
2023-09-11,PC_SHAMP,Personal Care,South,1945,218.16,0,0.0,424315.18
2023-09-18,PC_SHAMP,Personal Care,South,2274,225.26,0,0.0,512243.6
2023-09-25,PC_SHAMP,Personal Care,South,1708,228.9,0,0.0,390969.21
2023-10-02,PC_SHAMP,Personal Care,South,2413,228.7,0,0.0,551864.81
2023-10-09,PC_SHAMP,Personal Care,South,2260,233.41,0,0.0,527512.07
2023-10-16,PC_SHAMP,Personal Care,South,2444,242.73,0,0.0,593223.49
2023-10-23,PC_SHAMP,Personal Care,South,2770,225.78,0,0.0,625422.4
2023-10-30,PC_SHAMP,Personal Care,South,2537,218.04,0,0.0,553155.97
2023-11-06,PC_SHAMP,Personal Care,South,1957,238.94,0,0.0,467600.31
2023-11-13,PC_SHAMP,Personal Care,South,2321,239.35,0,0.0,555537.76
2023-11-20,PC_SHAMP,Personal Care,South,2645,228.86,0,0.0,605335.79
2023-11-27,PC_SHAMP,Personal Care,South,2647,235.66,0,0.0,623794.36
2023-12-04,PC_SHAMP,Personal Care,South,2028,225.71,0,0.0,457748.49
2023-12-11,PC_SHAMP,Personal Care,South,2224,222.78,0,0.0,495465.64
2023-12-18,PC_SHAMP,Personal Care,South,2020,228.7,0,0.0,461975.5
2023-12-25,PC_SHAMP,Personal Care,South,1947,231.88,0,0.0,451477.3
2024-01-01,PC_SHAMP,Personal Care,South,1657,223.96,0,0.0,371104.25
2024-01-08,PC_SHAMP,Personal Care,South,1911,230.07,0,0.0,439665.5
2024-01-15,PC_SHAMP,Personal Care,South,5321,175.46,1,0.2,933619.34
2024-01-22,PC_SHAMP,Personal Care,South,5763,164.35,1,0.2,947125.36
2024-01-29,PC_SHAMP,Personal Care,South,4153,179.17,1,0.2,744099.55
2024-02-05,PC_SHAMP,Personal Care,South,1661,216.63,0,0.0,359827.21
2024-02-12,PC_SHAMP,Personal Care,South,2150,223.77,0,0.0,481110.82
2024-02-19,PC_SHAMP,Personal Care,South,1909,221.35,0,0.0,422565.58
2024-02-26,PC_SHAMP,Personal Care,South,1964,227.98,0,0.0,447752.93
2024-03-04,PC_SHAMP,Personal Care,South,2158,229.91,0,0.0,496141.81
2024-03-11,PC_SHAMP,Personal Care,South,2063,223.22,0,0.0,460493.87
2024-03-18,PC_SHAMP,Personal Care,South,2213,221.12,0,0.0,489338.54
2024-03-25,PC_SHAMP,Personal Care,South,2349,205.44,0,0.0,482575.69
2024-04-01,PC_SHAMP,Personal Care,South,2260,220.54,0,0.0,498427.71
2024-04-08,PC_SHAMP,Personal Care,South,2641,213.18,0,0.0,563003.44
2024-04-15,PC_SHAMP,Personal Care,South,2166,230.65,0,0.0,499579.44
2024-04-22,PC_SHAMP,Personal Care,South,2282,215.02,0,0.0,490680.39
2024-04-29,PC_SHAMP,Personal Care,South,2846,221.32,0,0.0,629879.44
2024-05-06,PC_SHAMP,Personal Care,South,2266,225.41,0,0.0,510776.54
2024-05-13,PC_SHAMP,Personal Care,South,2350,219.65,0,0.0,516167.97
2024-05-20,PC_SHAMP,Personal Care,South,2217,229.65,0,0.0,509124.87
2024-05-27,PC_SHAMP,Personal Care,South,2286,216.34,0,0.0,494558.27
2024-06-03,PC_SHAMP,Personal Care,South,2516,234.6,0,0.0,590242.33
2024-06-10,PC_SHAMP,Personal Care,South,2525,220.21,0,0.0,556041.2
2024-06-17,PC_SHAMP,Personal Care,South,1778,252.62,0,0.0,449165.67
2024-06-24,PC_SHAMP,Personal Care,South,2121,242.31,0,0.0,513943.05
2024-07-01,PC_SHAMP,Personal Care,South,2337,217.15,0,0.0,507471.71
2024-07-08,PC_SHAMP,Personal Care,South,2229,221.34,0,0.0,493372.65
2024-07-15,PC_SHAMP,Personal Care,South,2294,216.58,0,0.0,496833.28
2024-07-22,PC_SHAMP,Personal Care,South,2481,221.09,0,0.0,548526.83
2024-07-29,PC_SHAMP,Personal Care,South,2304,216.93,0,0.0,499802.81
2024-08-05,PC_SHAMP,Personal Care,South,1949,222.93,0,0.0,434489.21
2024-08-12,PC_SHAMP,Personal Care,South,2120,225.09,0,0.0,477195.66
2024-08-19,PC_SHAMP,Personal Care,South,1950,223.43,0,0.0,435690.44
2024-08-26,PC_SHAMP,Personal Care,South,2292,224.6,0,0.0,514794.08
2024-09-02,PC_SHAMP,Personal Care,South,2215,225.04,0,0.0,498458.11
2024-09-09,PC_SHAMP,Personal Care,South,1851,223.38,0,0.0,413481.23
2024-09-16,PC_SHAMP,Personal Care,South,2683,219.05,0,0.0,587720.82
2024-09-23,PC_SHAMP,Personal Care,South,1762,241.37,0,0.0,425290.95
2024-09-30,PC_SHAMP,Personal Care,South,2301,225.67,0,0.0,519261.87
2024-10-07,PC_SHAMP,Personal Care,South,2156,244.94,0,0.0,528082.9
2024-10-14,PC_SHAMP,Personal Care,South,2523,228.11,0,0.0,575525.3
2024-10-21,PC_SHAMP,Personal Care,South,2814,208.2,0,0.0,585886.51
2024-10-28,PC_SHAMP,Personal Care,South,2755,225.43,0,0.0,621057.96
2024-11-04,PC_SHAMP,Personal Care,South,5647,185.57,1,0.2,1047930.38
2024-11-11,PC_SHAMP,Personal Care,South,6390,173.46,1,0.2,1108424.39
2024-11-18,PC_SHAMP,Personal Care,South,2395,226.15,0,0.0,541618.09
2024-11-25,PC_SHAMP,Personal Care,South,3064,223.72,0,0.0,685491.75
2024-12-02,PC_SHAMP,Personal Care,South,1924,235.84,0,0.0,453765.68
2024-12-09,PC_SHAMP,Personal Care,South,2447,211.28,0,0.0,516992.41
2024-12-16,PC_SHAMP,Personal Care,South,2417,233.22,0,0.0,563688.22
2024-12-23,PC_SHAMP,Personal Care,South,2011,240.75,0,0.0,484144.19
2023-01-02,PC_SHAMP,Personal Care,West,1643,238.54,0,0.0,391926.49
2023-01-09,PC_SHAMP,Personal Care,West,1413,241.32,0,0.0,340988.25
2023-01-16,PC_SHAMP,Personal Care,West,1640,235.68,0,0.0,386509.37
2023-01-23,PC_SHAMP,Personal Care,West,2404,220.14,0,0.0,529220.93
2023-01-30,PC_SHAMP,Personal Care,West,1678,233.63,0,0.0,392039.52
2023-02-06,PC_SHAMP,Personal Care,West,2049,242.94,0,0.0,497794.03
2023-02-13,PC_SHAMP,Personal Care,West,1455,252.49,0,0.0,367367.73
2023-02-20,PC_SHAMP,Personal Care,West,1824,232.88,0,0.0,424766.9
2023-02-27,PC_SHAMP,Personal Care,West,1627,245.93,0,0.0,400128.83
2023-03-06,PC_SHAMP,Personal Care,West,2202,231.07,0,0.0,508813.48
2023-03-13,PC_SHAMP,Personal Care,West,2059,229.45,0,0.0,472446.83
2023-03-20,PC_SHAMP,Personal Care,West,2056,233.94,0,0.0,480980.46
2023-03-27,PC_SHAMP,Personal Care,West,1884,249.36,0,0.0,469796.99
2023-04-03,PC_SHAMP,Personal Care,West,2517,221.44,0,0.0,557373.77
2023-04-10,PC_SHAMP,Personal Care,West,1933,255.26,0,0.0,493412.33
2023-04-17,PC_SHAMP,Personal Care,West,2261,235.05,0,0.0,531445.99
2023-04-24,PC_SHAMP,Personal Care,West,6757,181.15,1,0.2,1224007.29
2023-05-01,PC_SHAMP,Personal Care,West,5360,190.72,1,0.2,1022237.42
2023-05-08,PC_SHAMP,Personal Care,West,5152,180.58,1,0.2,930352.93
2023-05-15,PC_SHAMP,Personal Care,West,2170,237.57,0,0.0,515518.91
2023-05-22,PC_SHAMP,Personal Care,West,2134,241.68,0,0.0,515754.1
2023-05-29,PC_SHAMP,Personal Care,West,2907,223.76,0,0.0,650481.43
2023-06-05,PC_SHAMP,Personal Care,West,2381,225.53,0,0.0,536981.28
2023-06-12,PC_SHAMP,Personal Care,West,2179,233.38,0,0.0,508529.77
2023-06-19,PC_SHAMP,Personal Care,West,2452,241.01,0,0.0,590946.71
2023-06-26,PC_SHAMP,Personal Care,West,2315,246.14,0,0.0,569811.15
2023-07-03,PC_SHAMP,Personal Care,West,1833,246.09,0,0.0,451081.33
2023-07-10,PC_SHAMP,Personal Care,West,2336,219.26,0,0.0,512186.36
2023-07-17,PC_SHAMP,Personal Care,West,2155,238.61,0,0.0,514197.66
2023-07-24,PC_SHAMP,Personal Care,West,1906,233.37,0,0.0,444795.41
2023-07-31,PC_SHAMP,Personal Care,West,2861,220.37,0,0.0,630473.63
2023-08-07,PC_SHAMP,Personal Care,West,2149,235.47,0,0.0,506024.28
2023-08-14,PC_SHAMP,Personal Care,West,2258,229.04,0,0.0,517171.33
2023-08-21,PC_SHAMP,Personal Care,West,2126,220.97,0,0.0,469778.34
2023-08-28,PC_SHAMP,Personal Care,West,2012,238.89,0,0.0,480643.67
2023-09-04,PC_SHAMP,Personal Care,West,2097,223.32,0,0.0,468301.08
2023-09-11,PC_SHAMP,Personal Care,West,2163,245.0,0,0.0,529945.56
2023-09-18,PC_SHAMP,Personal Care,West,2177,236.99,0,0.0,515916.86
2023-09-25,PC_SHAMP,Personal Care,West,2223,236.97,0,0.0,526789.98
2023-10-02,PC_SHAMP,Personal Care,West,2873,235.63,0,0.0,676958.21
2023-10-09,PC_SHAMP,Personal Care,West,2504,216.13,0,0.0,541184.77
2023-10-16,PC_SHAMP,Personal Care,West,2584,238.8,0,0.0,617066.62
2023-10-23,PC_SHAMP,Personal Care,West,2716,240.05,0,0.0,651967.97
2023-10-30,PC_SHAMP,Personal Care,West,1981,259.61,0,0.0,514284.71
2023-11-06,PC_SHAMP,Personal Care,West,2520,227.55,0,0.0,573431.54
2023-11-13,PC_SHAMP,Personal Care,West,2602,228.13,0,0.0,593597.8
2023-11-20,PC_SHAMP,Personal Care,West,2698,230.98,0,0.0,623182.51
2023-11-27,PC_SHAMP,Personal Care,West,2775,236.43,0,0.0,656101.14
2023-12-04,PC_SHAMP,Personal Care,West,2426,216.85,0,0.0,526083.08
2023-12-11,PC_SHAMP,Personal Care,West,2145,230.26,0,0.0,493915.07
2023-12-18,PC_SHAMP,Personal Care,West,1789,255.74,0,0.0,457520.68
2023-12-25,PC_SHAMP,Personal Care,West,2259,245.77,0,0.0,555187.87
2024-01-01,PC_SHAMP,Personal Care,West,1811,237.6,0,0.0,430285.84
2024-01-08,PC_SHAMP,Personal Care,West,1950,238.91,0,0.0,465872.01
2024-01-15,PC_SHAMP,Personal Care,West,5093,189.22,1,0.2,963674.9
2024-01-22,PC_SHAMP,Personal Care,West,5666,187.95,1,0.2,1064913.99
2024-01-29,PC_SHAMP,Personal Care,West,4588,198.27,1,0.2,909645.54
2024-02-05,PC_SHAMP,Personal Care,West,2071,240.12,0,0.0,497284.24
2024-02-12,PC_SHAMP,Personal Care,West,1728,251.59,0,0.0,434755.91
2024-02-19,PC_SHAMP,Personal Care,West,2431,241.51,0,0.0,587114.97
2024-02-26,PC_SHAMP,Personal Care,West,1438,249.05,0,0.0,358131.32
2024-03-04,PC_SHAMP,Personal Care,West,2113,232.7,0,0.0,491689.68
2024-03-11,PC_SHAMP,Personal Care,West,2347,237.6,0,0.0,557643.81
2024-03-18,PC_SHAMP,Personal Care,West,2323,226.96,0,0.0,527226.27
2024-03-25,PC_SHAMP,Personal Care,West,2045,231.42,0,0.0,473264.12
2024-04-01,PC_SHAMP,Personal Care,West,2517,233.41,0,0.0,587501.18
2024-04-08,PC_SHAMP,Personal Care,West,2442,229.46,0,0.0,560350.86
2024-04-15,PC_SHAMP,Personal Care,West,2155,250.46,0,0.0,539751.58
2024-04-22,PC_SHAMP,Personal Care,West,1821,242.77,0,0.0,442081.13
2024-04-29,PC_SHAMP,Personal Care,West,2345,233.63,0,0.0,547860.8
2024-05-06,PC_SHAMP,Personal Care,West,2379,241.51,0,0.0,574554.45
2024-05-13,PC_SHAMP,Personal Care,West,2526,238.8,0,0.0,603200.99
2024-05-20,PC_SHAMP,Personal Care,West,2675,236.84,0,0.0,633557.98
2024-05-27,PC_SHAMP,Personal Care,West,2194,235.12,0,0.0,515857.45
2024-06-03,PC_SHAMP,Personal Care,West,2652,229.54,0,0.0,608752.04
2024-06-10,PC_SHAMP,Personal Care,West,2811,223.97,0,0.0,629587.47
2024-06-17,PC_SHAMP,Personal Care,West,2989,230.49,0,0.0,688945.57
2024-06-24,PC_SHAMP,Personal Care,West,2426,243.21,0,0.0,590028.29
2024-07-01,PC_SHAMP,Personal Care,West,2133,239.01,0,0.0,509817.11
2024-07-08,PC_SHAMP,Personal Care,West,2620,229.15,0,0.0,600384.59
2024-07-15,PC_SHAMP,Personal Care,West,1667,243.57,0,0.0,406031.87
2024-07-22,PC_SHAMP,Personal Care,West,1748,241.93,0,0.0,422887.97
2024-07-29,PC_SHAMP,Personal Care,West,1792,252.7,0,0.0,452843.42
2024-08-05,PC_SHAMP,Personal Care,West,2063,233.88,0,0.0,482496.74
2024-08-12,PC_SHAMP,Personal Care,West,2142,230.28,0,0.0,493260.24
2024-08-19,PC_SHAMP,Personal Care,West,2263,238.96,0,0.0,540767.84
2024-08-26,PC_SHAMP,Personal Care,West,1664,253.16,0,0.0,421266.31
2024-09-02,PC_SHAMP,Personal Care,West,1783,258.0,0,0.0,460005.6
2024-09-09,PC_SHAMP,Personal Care,West,2330,235.01,0,0.0,547572.57
2024-09-16,PC_SHAMP,Personal Care,West,2380,234.5,0,0.0,558099.6
2024-09-23,PC_SHAMP,Personal Care,West,2388,241.92,0,0.0,577714.96
2024-09-30,PC_SHAMP,Personal Care,West,2379,238.96,0,0.0,568480.78
2024-10-07,PC_SHAMP,Personal Care,West,2793,234.28,0,0.0,654336.65
2024-10-14,PC_SHAMP,Personal Care,West,3415,233.37,0,0.0,796969.58
2024-10-21,PC_SHAMP,Personal Care,West,3844,227.75,0,0.0,875459.76
2024-10-28,PC_SHAMP,Personal Care,West,2709,232.96,0,0.0,631080.74
2024-11-04,PC_SHAMP,Personal Care,West,6561,188.06,1,0.2,1233872.79
2024-11-11,PC_SHAMP,Personal Care,West,6781,186.07,1,0.2,1261712.86
2024-11-18,PC_SHAMP,Personal Care,West,2956,245.59,0,0.0,725977.73
2024-11-25,PC_SHAMP,Personal Care,West,3200,229.98,0,0.0,735938.43
2024-12-02,PC_SHAMP,Personal Care,West,2303,243.12,0,0.0,559915.88
2024-12-09,PC_SHAMP,Personal Care,West,2076,238.42,0,0.0,494962.47
2024-12-16,PC_SHAMP,Personal Care,West,2895,219.93,0,0.0,636687.8
2024-12-23,PC_SHAMP,Personal Care,West,1947,239.88,0,0.0,467037.25
