powerbi/fact_sales.csv
date,sku,category,region,units,price,promo_flag,discount_depth,revenue
2023-01-02,PC_SHAMP,Personal Care,East,1515,234.6,0,0.0,355419.51
2023-01-09,PC_SHAMP,Personal Care,East,1169,224.98,0,0.0,263007.41
2023-01-16,PC_SHAMP,Personal Care,East,1668,223.06,0,0.0,372065.35
2023-01-23,PC_SHAMP,Personal Care,East,1488,230.51,0,0.0,343002.6
2023-01-30,PC_SHAMP,Personal Care,East,1458,224.58,0,0.0,327431.23
2023-02-06,PC_SHAMP,Personal Care,East,1696,224.24,0,0.0,380311.34
2023-02-13,PC_SHAMP,Personal Care,East,1548,230.49,0,0.0,356800.68
2023-02-20,PC_SHAMP,Personal Care,East,1761,208.27,0,0.0,366770.08
2023-02-27,PC_SHAMP,Personal Care,East,1422,218.29,0,0.0,310413.99
2023-03-06,PC_SHAMP,Personal Care,East,1552,231.34,0,0.0,359038.43
2023-03-13,PC_SHAMP,Personal Care,East,2094,226.69,0,0.0,474679.88
2023-03-20,PC_SHAMP,Personal Care,East,1392,228.2,0,0.0,317654.63
2023-03-27,PC_SHAMP,Personal Care,East,1463,215.37,0,0.0,315081.01
2023-04-03,PC_SHAMP,Personal Care,East,1630,229.3,0,0.0,373757.11
2023-04-10,PC_SHAMP,Personal Care,East,1637,227.62,0,0.0,372616.23
2023-04-17,PC_SHAMP,Personal Care,East,1990,223.23,0,0.0,444219.08
2023-04-24,PC_SHAMP,Personal Care,East,4872,167.7,1,0.2,817034.26
2023-05-01,PC_SHAMP,Personal Care,East,4353,185.38,1,0.2,806958.36
2023-05-08,PC_SHAMP,Personal Care,East,5394,166.45,1,0.2,897817.97
2023-05-15,PC_SHAMP,Personal Care,East,1630,222.57,0,0.0,362790.82
2023-05-22,PC_SHAMP,Personal Care,East,2211,216.59,0,0.0,478887.86
2023-05-29,PC_SHAMP,Personal Care,East,1744,224.58,0,0.0,391673.91
2023-06-05,PC_SHAMP,Personal Care,East,2028,232.03,0,0.0,470566.2
2023-06-12,PC_SHAMP,Personal Care,East,1617,226.66,0,0.0,366514.97
2023-06-19,PC_SHAMP,Personal Care,East,2016,243.75,0,0.0,491402.0
2023-06-26,PC_SHAMP,Personal Care,East,2035,230.18,0,0.0,468425.63
2023-07-03,PC_SHAMP,Personal Care,East,1771,228.4,0,0.0,404496.33
2023-07-10,PC_SHAMP,Personal Care,East,1518,226.57,0,0.0,343927.67
2023-07-17,PC_SHAMP,Personal Care,East,1771,224.4,0,0.0,397409.29
2023-07-24,PC_SHAMP,Personal Care,East,1679,221.07,0,0.0,371171.96
2023-07-31,PC_SHAMP,Personal Care,East,1503,220.91,0,0.0,332027.94
2023-08-07,PC_SHAMP,Personal Care,East,1622,224.9,0,0.0,364794.95
2023-08-14,PC_SHAMP,Personal Care,East,1590,225.71,0,0.0,358875.69
2023-08-21,PC_SHAMP,Personal Care,East,1598,227.73,0,0.0,363919.24
2023-08-28,PC_SHAMP,Personal Care,East,1575,221.36,0,0.0,348638.1
2023-09-04,PC_SHAMP,Personal Care,East,1558,223.59,0,0.0,348357.65
2023-09-11,PC_SHAMP,Personal Care,East,1458,235.48,0,0.0,343329.96
2023-09-18,PC_SHAMP,Personal Care,East,1686,224.69,0,0.0,378834.06
2023-09-25,PC_SHAMP,Personal Care,East,1267,217.74,0,0.0,275870.88
2023-10-02,PC_SHAMP,Personal Care,East,2663,206.28,0,0.0,549328.91
2023-10-09,PC_SHAMP,Personal Care,East,2310,213.66,0,0.0,493562.43
2023-10-16,PC_SHAMP,Personal Care,East,1928,229.0,0,0.0,441513.13
2023-10-23,PC_SHAMP,Personal Care,East,2081,221.85,0,0.0,461678.16
2023-10-30,PC_SHAMP,Personal Care,East,2623,214.26,0,0.0,561998.85
2023-11-06,PC_SHAMP,Personal Care,East,2020,224.63,0,0.0,453756.83
2023-11-13,PC_SHAMP,Personal Care,East,2178,221.31,0,0.0,482008.22
2023-11-20,PC_SHAMP,Personal Care,East,2063,237.17,0,0.0,489277.61
2023-11-27,PC_SHAMP,Personal Care,East,1899,226.75,0,0.0,430603.86
2023-12-04,PC_SHAMP,Personal Care,East,1706,218.55,0,0.0,372853.51
2023-12-11,PC_SHAMP,Personal Care,East,1785,228.45,0,0.0,407789.91
2023-12-18,PC_SHAMP,Personal Care,East,1988,215.0,0,0.0,427424.99
2023-12-25,PC_SHAMP,Personal Care,East,1473,224.66,0,0.0,330918.78
2024-01-01,PC_SHAMP,Personal Care,East,1626,222.95,0,0.0,362510.92
2024-01-08,PC_SHAMP,Personal Care,East,1467,229.46,0,0.0,336611.81
2024-01-15,PC_SHAMP,Personal Care,East,3819,179.04,1,0.2,683753.37
2024-01-22,PC_SHAMP,Personal Care,East,3117,187.45,1,0.2,584280.11
2024-01-29,PC_SHAMP,Personal Care,East,3176,188.25,1,0.2,597885.92
2024-02-05,PC_SHAMP,Personal Care,East,1591,244.34,0,0.0,388747.16
2024-02-12,PC_SHAMP,Personal Care,East,1587,231.33,0,0.0,367114.23
2024-02-19,PC_SHAMP,Personal Care,East,1526,212.11,0,0.0,323672.28
2024-02-26,PC_SHAMP,Personal Care,East,1741,222.94,0,0.0,388142.57
2024-03-04,PC_SHAMP,Personal Care,East,2342,208.27,0,0.0,487777.45
2024-03-11,PC_SHAMP,Personal Care,East,1275,236.42,0,0.0,301429.53
2024-03-18,PC_SHAMP,Personal Care,East,1658,223.37,0,0.0,370348.05
2024-03-25,PC_SHAMP,Personal Care,East,1824,209.6,0,0.0,382310.54
2024-04-01,PC_SHAMP,Personal Care,East,1697,219.74,0,0.0,372904.63
2024-04-08,PC_SHAMP,Personal Care,East,1644,220.29,0,0.0,362157.77
2024-04-15,PC_SHAMP,Personal Care,East,2363,207.6,0,0.0,490560.38
2024-04-22,PC_SHAMP,Personal Care,East,1556,228.95,0,0.0,356250.89
2024-04-29,PC_SHAMP,Personal Care,East,2147,225.14,0,0.0,483374.06
2024-05-06,PC_SHAMP,Personal Care,East,1936,233.06,0,0.0,451212.34
2024-05-13,PC_SHAMP,Personal Care,East,2094,215.45,0,0.0,451146.63
2024-05-20,PC_SHAMP,Personal Care,East,1801,213.46,0,0.0,384448.94
2024-05-27,PC_SHAMP,Personal Care,East,2308,224.04,0,0.0,517080.91
2024-06-03,PC_SHAMP,Personal Care,East,2316,215.34,0,0.0,498721.67
2024-06-10,PC_SHAMP,Personal Care,East,1720,222.63,0,0.0,382918.5
2024-06-17,PC_SHAMP,Personal Care,East,2077,223.15,0,0.0,463487.59
2024-06-24,PC_SHAMP,Personal Care,East,2217,226.71,0,0.0,502624.55
2024-07-01,PC_SHAMP,Personal Care,East,1760,217.35,0,0.0,382529.65
2024-07-08,PC_SHAMP,Personal Care,East,1933,225.03,0,0.0,434973.44
2024-07-15,PC_SHAMP,Personal Care,East,1844,210.87,0,0.0,388840.82
2024-07-22,PC_SHAMP,Personal Care,East,1899,213.27,0,0.0,404991.04
2024-07-29,PC_SHAMP,Personal Care,East,1583,222.92,0,0.0,352886.57
2024-08-05,PC_SHAMP,Personal Care,East,1529,221.0,0,0.0,337906.05
2024-08-12,PC_SHAMP,Personal Care,East,1974,206.41,0,0.0,407455.22
2024-08-19,PC_SHAMP,Personal Care,East,2059,216.46,0,0.0,445697.59
2024-08-26,PC_SHAMP,Personal Care,East,1853,219.4,0,0.0,406555.6
2024-09-02,PC_SHAMP,Personal Care,East,2067,216.96,0,0.0,448463.36
2024-09-09,PC_SHAMP,Personal Care,East,1812,217.78,0,0.0,394608.47
2024-09-16,PC_SHAMP,Personal Care,East,1765,231.61,0,0.0,408787.47
2024-09-23,PC_SHAMP,Personal Care,East,1770,217.73,0,0.0,385389.05
2024-09-30,PC_SHAMP,Personal Care,East,1711,227.02,0,0.0,388427.67
2024-10-07,PC_SHAMP,Personal Care,East,2523,211.58,0,0.0,533815.64
2024-10-14,PC_SHAMP,Personal Care,East,2226,223.2,0,0.0,496835.64
2024-10-21,PC_SHAMP,Personal Care,East,2539,226.31,0,0.0,574588.45
2024-10-28,PC_SHAMP,Personal Care,East,1876,224.96,0,0.0,422030.42
2024-11-04,PC_SHAMP,Personal Care,East,6514,165.53,1,0.2,1078290.65
2024-11-11,PC_SHAMP,Personal Care,East,4924,172.63,1,0.2,850054.37
2024-11-18,PC_SHAMP,Personal Care,East,2104,219.29,0,0.0,461389.2
2024-11-25,PC_SHAMP,Personal Care,East,1823,222.61,0,0.0,405818.97
2024-12-02,PC_SHAMP,Personal Care,East,2082,221.58,0,0.0,461339.15
2024-12-09,PC_SHAMP,Personal Care,East,2069,219.59,0,0.0,454334.41
2024-12-16,PC_SHAMP,Personal Care,East,2320,223.03,0,0.0,517421.05
2024-12-23,PC_SHAMP,Personal Care,East,2662,217.78,0,0.0,579731.6
2023-01-02,PC_SHAMP,Personal Care,Central,1510,234.92,0,0.0,354733.3
2023-01-09,PC_SHAMP,Personal Care,Central,1396,218.06,0,0.0,304408.87
2023-01-16,PC_SHAMP,Personal Care,Central,1551,213.49,0,0.0,331121.02
2023-01-23,PC_SHAMP,Personal Care,Central,1443,227.81,0,0.0,328733.76
2023-01-30,PC_SHAMP,Personal Care,Central,1736,207.41,0,0.0,360066.98
2023-02-06,PC_SHAMP,Personal Care,Central,1371,237.43,0,0.0,325517.19
2023-02-13,PC_SHAMP,Personal Care,Central,1528,225.96,0,0.0,345261.2
2023-02-20,PC_SHAMP,Personal Care,Central,1296,243.75,0,0.0,315905.14
2023-02-27,PC_SHAMP,Personal Care,Central,1465,238.95,0,0.0,350066.78
2023-03-06,PC_SHAMP,Personal Care,Central,1816,226.7,0,0.0,411688.97
2023-03-13,PC_SHAMP,Personal Care,Central,2035,224.38,0,0.0,456609.39
2023-03-20,PC_SHAMP,Personal Care,Central,1701,214.01,0,0.0,364035.16
2023-03-27,PC_SHAMP,Personal Care,Central,1637,230.6,0,0.0,377492.36
2023-04-03,PC_SHAMP,Personal Care,Central,1615,236.87,0,0.0,382539.79
2023-04-10,PC_SHAMP,Personal Care,Central,1808,231.23,0,0.0,418056.56
2023-04-17,PC_SHAMP,Personal Care,Central,2191,225.34,0,0.0,493724.41
2023-04-24,PC_SHAMP,Personal Care,Central,4189,183.44,1,0.2,768412.32
2023-05-01,PC_SHAMP,Personal Care,Central,5650,188.59,1,0.2,1065524.77
2023-05-08,PC_SHAMP,Personal Care,Central,4948,188.36,1,0.2,931982.52
2023-05-15,PC_SHAMP,Personal Care,Central,1631,241.9,0,0.0,394539.36
2023-05-22,PC_SHAMP,Personal Care,Central,1775,242.53,0,0.0,430482.53
2023-05-29,PC_SHAMP,Personal Care,Central,1736,221.13,0,0.0,383878.93
2023-06-05,PC_SHAMP,Personal Care,Central,1941,225.23,0,0.0,437176.63
2023-06-12,PC_SHAMP,Personal Care,Central,1928,222.36,0,0.0,428705.57
2023-06-19,PC_SHAMP,Personal Care,Central,2122,231.28,0,0.0,490769.46
2023-06-26,PC_SHAMP,Personal Care,Central,1830,231.73,0,0.0,424061.4
2023-07-03,PC_SHAMP,Personal Care,Central,1877,229.17,0,0.0,430153.41
2023-07-10,PC_SHAMP,Personal Care,Central,1578,226.57,0,0.0,357533.48
2023-07-17,PC_SHAMP,Personal Care,Central,1625,243.48,0,0.0,395661.65
2023-07-24,PC_SHAMP,Personal Care,Central,1540,235.44,0,0.0,362570.6
2023-07-31,PC_SHAMP,Personal Care,Central,1772,231.46,0,0.0,410155.77
2023-08-07,PC_SHAMP,Personal Care,Central,2133,218.98,0,0.0,467088.22
2023-08-14,PC_SHAMP,Personal Care,Central,1743,233.51,0,0.0,407012.25
2023-08-21,PC_SHAMP,Personal Care,Central,1879,230.37,0,0.0,432862.8
2023-08-28,PC_SHAMP,Personal Care,Central,1773,225.79,0,0.0,400324.75
2023-09-04,PC_SHAMP,Personal Care,Central,2168,209.62,0,0.0,454454.74
2023-09-11,PC_SHAMP,Personal Care,Central,2195,217.72,0,0.0,477896.97
2023-09-18,PC_SHAMP,Personal Care,Central,1513,232.47,0,0.0,351724.79
2023-09-25,PC_SHAMP,Personal Care,Central,2114,210.74,0,0.0,445497.62
2023-10-02,PC_SHAMP,Personal Care,Central,2211,220.68,0,0.0,487921.22
2023-10-09,PC_SHAMP,Personal Care,Central,2213,240.43,0,0.0,532082.48
2023-10-16,PC_SHAMP,Personal Care,Central,2360,241.74,0,0.0,570518.13
2023-10-23,PC_SHAMP,Personal Care,Central,1972,238.78,0,0.0,470882.57
2023-10-30,PC_SHAMP,Personal Care,Central,1956,237.8,0,0.0,465130.46
2023-11-06,PC_SHAMP,Personal Care,Central,2075,217.56,0,0.0,451430.34
2023-11-13,PC_SHAMP,Personal Care,Central,2067,239.82,0,0.0,495709.43
2023-11-20,PC_SHAMP,Personal Care,Central,2095,232.78,0,0.0,487668.94
2023-11-27,PC_SHAMP,Personal Care,Central,2738,216.56,0,0.0,592937.06
2023-12-04,PC_SHAMP,Personal Care,Central,1799,228.81,0,0.0,411624.28
2023-12-11,PC_SHAMP,Personal Care,Central,1783,237.11,0,0.0,422770.42
2023-12-18,PC_SHAMP,Personal Care,Central,1873,238.57,0,0.0,446847.06
2023-12-25,PC_SHAMP,Personal Care,Central,1905,238.04,0,0.0,453458.45
2024-01-01,PC_SHAMP,Personal Care,Central,1591,222.58,0,0.0,354119.6
2024-01-08,PC_SHAMP,Personal Care,Central,1577,238.42,0,0.0,375981.79
2024-01-15,PC_SHAMP,Personal Care,Central,3761,184.52,1,0.2,693967.9
2024-01-22,PC_SHAMP,Personal Care,Central,4532,189.35,1,0.2,858149.97
2024-01-29,PC_SHAMP,Personal Care,Central,5089,177.71,1,0.2,904353.23
2024-02-05,PC_SHAMP,Personal Care,Central,1989,220.63,0,0.0,438829.1
2024-02-12,PC_SHAMP,Personal Care,Central,1591,229.53,0,0.0,365183.61
2024-02-19,PC_SHAMP,Personal Care,Central,2137,210.96,0,0.0,450825.57
2024-02-26,PC_SHAMP,Personal Care,Central,2433,209.58,0,0.0,509907.5
2024-03-04,PC_SHAMP,Personal Care,Central,1788,219.67,0,0.0,392765.78
2024-03-11,PC_SHAMP,Personal Care,Central,1808,220.95,0,0.0,399476.57
2024-03-18,PC_SHAMP,Personal Care,Central,1595,244.97,0,0.0,390732.84
2024-03-25,PC_SHAMP,Personal Care,Central,1770,228.74,0,0.0,404869.45
2024-04-01,PC_SHAMP,Personal Care,Central,1911,236.54,0,0.0,452024.65
2024-04-08,PC_SHAMP,Personal Care,Central,2314,232.96,0,0.0,539065.98
2024-04-15,PC_SHAMP,Personal Care,Central,2059,235.44,0,0.0,484768.83
2024-04-22,PC_SHAMP,Personal Care,Central,2138,228.49,0,0.0,488515.42
2024-04-29,PC_SHAMP,Personal Care,Central,1450,233.76,0,0.0,338956.28
2024-05-06,PC_SHAMP,Personal Care,Central,2495,216.94,0,0.0,541266.54
2024-05-13,PC_SHAMP,Personal Care,Central,2150,238.88,0,0.0,513588.17
2024-05-20,PC_SHAMP,Personal Care,Central,1653,241.09,0,0.0,398525.65
2024-05-27,PC_SHAMP,Personal Care,Central,1747,239.46,0,0.0,418332.36
2024-06-03,PC_SHAMP,Personal Care,Central,2208,232.04,0,0.0,512334.09
2024-06-10,PC_SHAMP,Personal Care,Central,2535,229.68,0,0.0,582233.38
2024-06-17,PC_SHAMP,Personal Care,Central,2442,220.84,0,0.0,539291.29
2024-06-24,PC_SHAMP,Personal Care,Central,2115,236.52,0,0.0,500246.3
2024-07-01,PC_SHAMP,Personal Care,Central,1322,247.31,0,0.0,326944.93
2024-07-08,PC_SHAMP,Personal Care,Central,1787,226.81,0,0.0,405308.92
2024-07-15,PC_SHAMP,Personal Care,Central,2069,227.66,0,0.0,471038.29
2024-07-22,PC_SHAMP,Personal Care,Central,1656,235.55,0,0.0,390072.97
2024-07-29,PC_SHAMP,Personal Care,Central,1980,224.29,0,0.0,444098.92
2024-08-05,PC_SHAMP,Personal Care,Central,1554,233.54,0,0.0,362922.07
2024-08-12,PC_SHAMP,Personal Care,Central,2288,214.72,0,0.0,491282.63
2024-08-19,PC_SHAMP,Personal Care,Central,1918,212.86,0,0.0,408260.7
2024-08-26,PC_SHAMP,Personal Care,Central,1374,247.21,0,0.0,339668.18
2024-09-02,PC_SHAMP,Personal Care,Central,1859,231.11,0,0.0,429626.44
2024-09-09,PC_SHAMP,Personal Care,Central,2172,210.37,0,0.0,456933.9
2024-09-16,PC_SHAMP,Personal Care,Central,1709,227.31,0,0.0,388478.25
2024-09-23,PC_SHAMP,Personal Care,Central,1971,219.8,0,0.0,433231.37
2024-09-30,PC_SHAMP,Personal Care,Central,1791,253.0,0,0.0,453121.8
2024-10-07,PC_SHAMP,Personal Care,Central,2940,225.21,0,0.0,662110.24
2024-10-14,PC_SHAMP,Personal Care,Central,2155,236.94,0,0.0,510603.92
2024-10-21,PC_SHAMP,Personal Care,Central,1826,241.34,0,0.0,440695.32
2024-10-28,PC_SHAMP,Personal Care,Central,2293,224.47,0,0.0,514715.83
2024-11-04,PC_SHAMP,Personal Care,Central,4657,191.9,1,0.2,893693.96
2024-11-11,PC_SHAMP,Personal Care,Central,4715,189.51,1,0.2,893537.81
2024-11-18,PC_SHAMP,Personal Care,Central,2195,241.0,0,0.0,528990.07
2024-11-25,PC_SHAMP,Personal Care,Central,2221,235.78,0,0.0,523657.48
2024-12-02,PC_SHAMP,Personal Care,Central,2114,222.79,0,0.0,470983.83
2024-12-09,PC_SHAMP,Personal Care,Central,2328,221.3,0,0.0,515184.35
2024-12-16,PC_SHAMP,Personal Care,Central,1953,237.4,0,0.0,463633.29
2024-12-23,PC_SHAMP,Personal Care,Central,1973,225.07,0,0.0,444061.48
