powerbi/fact_sales.csv
date,sku,category,region,units,price,promo_flag,discount_depth,revenue
2023-01-02,PC_BODYWASH,Personal Care,North,964,204.07,0,0.0,196728.22
2023-01-09,PC_BODYWASH,Personal Care,North,967,201.06,0,0.0,194423.93
2023-01-16,PC_BODYWASH,Personal Care,North,1386,188.62,0,0.0,261426.75
2023-01-23,PC_BODYWASH,Personal Care,North,1338,184.88,0,0.0,247370.16
2023-01-30,PC_BODYWASH,Personal Care,North,996,215.77,0,0.0,214907.65
2023-02-06,PC_BODYWASH,Personal Care,North,934,201.96,0,0.0,188628.69
2023-02-13,PC_BODYWASH,Personal Care,North,1049,207.63,0,0.0,217806.09
2023-02-20,PC_BODYWASH,Personal Care,North,981,196.72,0,0.0,192980.24
2023-02-27,PC_BODYWASH,Personal Care,North,1169,213.22,0,0.0,249253.76
2023-03-06,PC_BODYWASH,Personal Care,North,857,204.66,0,0.0,175393.79
2023-03-13,PC_BODYWASH,Personal Care,North,1112,199.55,0,0.0,221900.89
2023-03-20,PC_BODYWASH,Personal Care,North,988,204.85,0,0.0,202388.3
2023-03-27,PC_BODYWASH,Personal Care,North,920,205.03,0,0.0,188626.01
2023-04-03,PC_BODYWASH,Personal Care,North,1133,197.37,0,0.0,223614.86
2023-04-10,PC_BODYWASH,Personal Care,North,1503,197.29,0,0.0,296521.94
2023-04-17,PC_BODYWASH,Personal Care,North,995,211.33,0,0.0,210270.7
2023-04-24,PC_BODYWASH,Personal Care,North,1356,201.09,0,0.0,272672.57
2023-05-01,PC_BODYWASH,Personal Care,North,1530,187.58,0,0.0,286991.89
2023-05-08,PC_BODYWASH,Personal Care,North,1363,196.9,0,0.0,268370.98
2023-05-15,PC_BODYWASH,Personal Care,North,1783,199.57,0,0.0,355825.71
2023-05-22,PC_BODYWASH,Personal Care,North,1165,204.99,0,0.0,238815.13
2023-05-29,PC_BODYWASH,Personal Care,North,1285,204.85,0,0.0,263227.76
2023-06-05,PC_BODYWASH,Personal Care,North,1004,220.85,0,0.0,221738.02
2023-06-12,PC_BODYWASH,Personal Care,North,1635,187.15,0,0.0,305991.88
2023-06-19,PC_BODYWASH,Personal Care,North,1316,198.46,0,0.0,261177.2
2023-06-26,PC_BODYWASH,Personal Care,North,1582,200.45,0,0.0,317113.86
2023-07-03,PC_BODYWASH,Personal Care,North,1230,212.06,0,0.0,260832.76
2023-07-10,PC_BODYWASH,Personal Care,North,1428,192.63,0,0.0,275075.44
2023-07-17,PC_BODYWASH,Personal Care,North,1273,193.58,0,0.0,246430.42
2023-07-24,PC_BODYWASH,Personal Care,North,1088,201.71,0,0.0,219456.98
2023-07-31,PC_BODYWASH,Personal Care,North,1196,188.27,0,0.0,225168.7
2023-08-07,PC_BODYWASH,Personal Care,North,818,206.92,0,0.0,169264.11
2023-08-14,PC_BODYWASH,Personal Care,North,1062,206.08,0,0.0,218857.03
2023-08-21,PC_BODYWASH,Personal Care,North,1342,198.96,0,0.0,267006.74
2023-08-28,PC_BODYWASH,Personal Care,North,986,212.65,0,0.0,209668.2
2023-09-04,PC_BODYWASH,Personal Care,North,1425,192.58,0,0.0,274431.32
2023-09-11,PC_BODYWASH,Personal Care,North,1558,192.26,0,0.0,299543.48
2023-09-18,PC_BODYWASH,Personal Care,North,1074,190.36,0,0.0,204447.47
2023-09-25,PC_BODYWASH,Personal Care,North,1236,206.57,0,0.0,255323.61
2023-10-02,PC_BODYWASH,Personal Care,North,1583,194.71,0,0.0,308221.86
2023-10-09,PC_BODYWASH,Personal Care,North,1638,196.58,0,0.0,322004.93
2023-10-16,PC_BODYWASH,Personal Care,North,2009,191.77,0,0.0,385273.37
2023-10-23,PC_BODYWASH,Personal Care,North,1101,204.73,0,0.0,225411.91
2023-10-30,PC_BODYWASH,Personal Care,North,1542,198.19,0,0.0,305604.49
2023-11-06,PC_BODYWASH,Personal Care,North,2042,198.07,0,0.0,404450.62
2023-11-13,PC_BODYWASH,Personal Care,North,1376,206.29,0,0.0,283857.38
2023-11-20,PC_BODYWASH,Personal Care,North,1729,204.72,0,0.0,353966.21
2023-11-27,PC_BODYWASH,Personal Care,North,1646,204.6,0,0.0,336778.73
2023-12-04,PC_BODYWASH,Personal Care,North,1330,196.64,0,0.0,261526.23
2023-12-11,PC_BODYWASH,Personal Care,North,1050,197.55,0,0.0,207425.99
2023-12-18,PC_BODYWASH,Personal Care,North,1390,202.89,0,0.0,282012.26
2023-12-25,PC_BODYWASH,Personal Care,North,1241,207.33,0,0.0,257296.21
2024-01-01,PC_BODYWASH,Personal Care,North,1184,210.35,0,0.0,249057.95
2024-01-08,PC_BODYWASH,Personal Care,North,1130,203.54,0,0.0,230000.49
2024-01-15,PC_BODYWASH,Personal Care,North,1180,202.41,0,0.0,238843.62
2024-01-22,PC_BODYWASH,Personal Care,North,1187,199.5,0,0.0,236811.14
2024-01-29,PC_BODYWASH,Personal Care,North,1326,211.78,0,0.0,280813.85
2024-02-05,PC_BODYWASH,Personal Care,North,1033,224.51,0,0.0,231917.4
2024-02-12,PC_BODYWASH,Personal Care,North,1311,194.95,0,0.0,255585.36
2024-02-19,PC_BODYWASH,Personal Care,North,1028,210.85,0,0.0,216753.06
2024-02-26,PC_BODYWASH,Personal Care,North,877,204.58,0,0.0,179415.13
2024-03-04,PC_BODYWASH,Personal Care,North,980,213.85,0,0.0,209576.51
2024-03-11,PC_BODYWASH,Personal Care,North,1182,197.46,0,0.0,233393.11
2024-03-18,PC_BODYWASH,Personal Care,North,1266,215.82,0,0.0,273233.27
2024-03-25,PC_BODYWASH,Personal Care,North,1236,207.49,0,0.0,256458.45
2024-04-01,PC_BODYWASH,Personal Care,North,1493,192.69,0,0.0,287686.98
2024-04-08,PC_BODYWASH,Personal Care,North,1403,206.8,0,0.0,290139.51
2024-04-15,PC_BODYWASH,Personal Care,North,1511,197.02,0,0.0,297702.07
2024-04-22,PC_BODYWASH,Personal Care,North,1193,209.08,0,0.0,249431.86
2024-04-29,PC_BODYWASH,Personal Care,North,1641,199.5,0,0.0,327371.93
2024-05-06,PC_BODYWASH,Personal Care,North,1970,204.89,0,0.0,403631.58
2024-05-13,PC_BODYWASH,Personal Care,North,1638,194.96,0,0.0,319344.14
2024-05-20,PC_BODYWASH,Personal Care,North,1487,205.48,0,0.0,305551.43
2024-05-27,PC_BODYWASH,Personal Care,North,1557,209.54,0,0.0,326254.79
2024-06-03,PC_BODYWASH,Personal Care,North,1791,195.05,0,0.0,349340.88
2024-06-10,PC_BODYWASH,Personal Care,North,1371,216.67,0,0.0,297052.92
2024-06-17,PC_BODYWASH,Personal Care,North,1844,203.93,0,0.0,376053.89
2024-06-24,PC_BODYWASH,Personal Care,North,1559,200.75,0,0.0,312975.3
2024-07-01,PC_BODYWASH,Personal Care,North,1117,206.77,0,0.0,230963.1
2024-07-08,PC_BODYWASH,Personal Care,North,1244,210.32,0,0.0,261639.02
2024-07-15,PC_BODYWASH,Personal Care,North,1200,215.85,0,0.0,259016.78
2024-07-22,PC_BODYWASH,Personal Care,North,1414,206.91,0,0.0,292565.08
2024-07-29,PC_BODYWASH,Personal Care,North,1070,209.2,0,0.0,223839.04
2024-08-05,PC_BODYWASH,Personal Care,North,1507,204.73,0,0.0,308531.23
2024-08-12,PC_BODYWASH,Personal Care,North,1481,197.85,0,0.0,293021.39
2024-08-19,PC_BODYWASH,Personal Care,North,1364,198.74,0,0.0,271080.34
2024-08-26,PC_BODYWASH,Personal Care,North,1107,207.89,0,0.0,230130.67
2024-09-02,PC_BODYWASH,Personal Care,North,1612,198.61,0,0.0,320157.37
2024-09-09,PC_BODYWASH,Personal Care,North,1446,194.89,0,0.0,281810.07
2024-09-16,PC_BODYWASH,Personal Care,North,1663,199.94,0,0.0,332503.13
2024-09-23,PC_BODYWASH,Personal Care,North,1762,183.69,0,0.0,323667.94
2024-09-30,PC_BODYWASH,Personal Care,North,1466,212.69,0,0.0,311810.65
2024-10-07,PC_BODYWASH,Personal Care,North,2040,196.68,0,0.0,401219.87
2024-10-14,PC_BODYWASH,Personal Care,North,2132,192.2,0,0.0,409768.18
2024-10-21,PC_BODYWASH,Personal Care,North,2068,207.06,0,0.0,428203.32
2024-10-28,PC_BODYWASH,Personal Care,North,1803,200.96,0,0.0,362322.98
2024-11-04,PC_BODYWASH,Personal Care,North,1827,211.06,0,0.0,385606.39
2024-11-11,PC_BODYWASH,Personal Care,North,2128,201.55,0,0.0,428888.45
2024-11-18,PC_BODYWASH,Personal Care,North,2073,182.22,0,0.0,377735.98
2024-11-25,PC_BODYWASH,Personal Care,North,1459,212.34,0,0.0,309802.88
2024-12-02,PC_BODYWASH,Personal Care,North,1131,215.98,0,0.0,244275.09
2024-12-09,PC_BODYWASH,Personal Care,North,1856,199.83,0,0.0,370880.65
2024-12-16,PC_BODYWASH,Personal Care,North,1538,191.89,0,0.0,295131.39
2024-12-23,PC_BODYWASH,Personal Care,North,1684,200.77,0,0.0,338103.27
2023-01-02,PC_BODYWASH,Personal Care,South,812,204.89,0,0.0,166368.57
2023-01-09,PC_BODYWASH,Personal Care,South,998,198.87,0,0.0,198476.17
2023-01-16,PC_BODYWASH,Personal Care,South,1097,186.4,0,0.0,204479.09
2023-01-23,PC_BODYWASH,Personal Care,South,923,204.1,0,0.0,188382.96
2023-01-30,PC_BODYWASH,Personal Care,South,806,205.6,0,0.0,165711.16
2023-02-06,PC_BODYWASH,Personal Care,South,898,190.96,0,0.0,171481.65
2023-02-13,PC_BODYWASH,Personal Care,South,969,197.67,0,0.0,191541.17
2023-02-20,PC_BODYWASH,Personal Care,South,1352,175.43,0,0.0,237183.02
2023-02-27,PC_BODYWASH,Personal Care,South,867,209.36,0,0.0,181511.22
2023-03-06,PC_BODYWASH,Personal Care,South,1160,186.38,0,0.0,216195.58
2023-03-13,PC_BODYWASH,Personal Care,South,1310,194.92,0,0.0,255339.07
2023-03-20,PC_BODYWASH,Personal Care,South,1025,208.63,0,0.0,213841.9
2023-03-27,PC_BODYWASH,Personal Care,South,1033,201.15,0,0.0,207792.34
2023-04-03,PC_BODYWASH,Personal Care,South,1472,188.92,0,0.0,278084.47
2023-04-10,PC_BODYWASH,Personal Care,South,1319,194.11,0,0.0,256031.55
2023-04-17,PC_BODYWASH,Personal Care,South,1355,178.6,0,0.0,242000.63
2023-04-24,PC_BODYWASH,Personal Care,South,1405,192.4,0,0.0,270326.25
2023-05-01,PC_BODYWASH,Personal Care,South,1343,195.33,0,0.0,262329.89
2023-05-08,PC_BODYWASH,Personal Care,South,1286,202.09,0,0.0,259892.32
2023-05-15,PC_BODYWASH,Personal Care,South,1442,201.23,0,0.0,290170.52
2023-05-22,PC_BODYWASH,Personal Care,South,1298,188.96,0,0.0,245270.98
2023-05-29,PC_BODYWASH,Personal Care,South,1524,188.53,0,0.0,287312.19
2023-06-05,PC_BODYWASH,Personal Care,South,1735,197.74,0,0.0,343085.64
2023-06-12,PC_BODYWASH,Personal Care,South,1563,200.15,0,0.0,312836.12
2023-06-19,PC_BODYWASH,Personal Care,South,1441,188.72,0,0.0,271944.77
2023-06-26,PC_BODYWASH,Personal Care,South,1363,199.06,0,0.0,271318.74
2023-07-03,PC_BODYWASH,Personal Care,South,1409,178.99,0,0.0,252198.14
2023-07-10,PC_BODYWASH,Personal Care,South,1457,193.85,0,0.0,282439.74
2023-07-17,PC_BODYWASH,Personal Care,South,1275,193.13,0,0.0,246235.83
2023-07-24,PC_BODYWASH,Personal Care,South,1138,198.98,0,0.0,226436.67
2023-07-31,PC_BODYWASH,Personal Care,South,1224,182.71,0,0.0,223633.18
2023-08-07,PC_BODYWASH,Personal Care,South,712,208.0,0,0.0,148096.15
2023-08-14,PC_BODYWASH,Personal Care,South,804,190.41,0,0.0,153087.13
2023-08-21,PC_BODYWASH,Personal Care,South,1608,193.63,0,0.0,311354.79
2023-08-28,PC_BODYWASH,Personal Care,South,939,190.35,0,0.0,178740.1
2023-09-04,PC_BODYWASH,Personal Care,South,891,207.42,0,0.0,184809.91
2023-09-11,PC_BODYWASH,Personal Care,South,1034,193.66,0,0.0,200243.82
2023-09-18,PC_BODYWASH,Personal Care,South,1238,200.4,0,0.0,248097.95
2023-09-25,PC_BODYWASH,Personal Care,South,1264,202.65,0,0.0,256154.53
2023-10-02,PC_BODYWASH,Personal Care,South,1916,193.91,0,0.0,371529.87
2023-10-09,PC_BODYWASH,Personal Care,South,1715,203.4,0,0.0,348823.07
2023-10-16,PC_BODYWASH,Personal Care,South,1847,195.55,0,0.0,361174.89
2023-10-23,PC_BODYWASH,Personal Care,South,1215,199.6,0,0.0,242514.9
2023-10-30,PC_BODYWASH,Personal Care,South,1618,189.39,0,0.0,306436.36
2023-11-06,PC_BODYWASH,Personal Care,South,1334,197.66,0,0.0,263677.21
2023-11-13,PC_BODYWASH,Personal Care,South,1481,185.45,0,0.0,274648.45
2023-11-20,PC_BODYWASH,Personal Care,South,1579,199.55,0,0.0,315094.24
2023-11-27,PC_BODYWASH,Personal Care,South,1561,190.75,0,0.0,297755.22
2023-12-04,PC_BODYWASH,Personal Care,South,1180,195.0,0,0.0,230095.86
2023-12-11,PC_BODYWASH,Personal Care,South,965,190.73,0,0.0,184050.75
2023-12-18,PC_BODYWASH,Personal Care,South,1411,192.31,0,0.0,271349.39
2023-12-25,PC_BODYWASH,Personal Care,South,1284,192.21,0,0.0,246799.5
2024-01-01,PC_BODYWASH,Personal Care,South,1658,184.42,0,0.0,305774.6
2024-01-08,PC_BODYWASH,Personal Care,South,1227,186.37,0,0.0,228679.99
2024-01-15,PC_BODYWASH,Personal Care,South,1213,184.35,0,0.0,223621.68
2024-01-22,PC_BODYWASH,Personal Care,South,1524,188.0,0,0.0,286504.98
2024-01-29,PC_BODYWASH,Personal Care,South,1161,191.16,0,0.0,221932.49
2024-02-05,PC_BODYWASH,Personal Care,South,998,201.53,0,0.0,201128.31
2024-02-12,PC_BODYWASH,Personal Care,South,1051,201.23,0,0.0,211491.55
2024-02-19,PC_BODYWASH,Personal Care,South,1526,187.33,0,0.0,285868.99
2024-02-26,PC_BODYWASH,Personal Care,South,1210,187.48,0,0.0,226853.15
2024-03-04,PC_BODYWASH,Personal Care,South,1513,184.41,0,0.0,279017.78
2024-03-11,PC_BODYWASH,Personal Care,South,1110,201.23,0,0.0,223367.49
2024-03-18,PC_BODYWASH,Personal Care,South,1315,183.49,0,0.0,241287.06
2024-03-25,PC_BODYWASH,Personal Care,South,1436,183.01,0,0.0,262806.94
2024-04-01,PC_BODYWASH,Personal Care,South,1212,201.09,0,0.0,243723.19
2024-04-08,PC_BODYWASH,Personal Care,South,1192,196.93,0,0.0,234744.24
2024-04-15,PC_BODYWASH,Personal Care,South,1597,202.51,0,0.0,323403.78
2024-04-22,PC_BODYWASH,Personal Care,South,1246,196.65,0,0.0,245030.55
2024-04-29,PC_BODYWASH,Personal Care,South,1311,193.19,0,0.0,253278.25
2024-05-06,PC_BODYWASH,Personal Care,South,1360,204.89,0,0.0,278655.06
2024-05-13,PC_BODYWASH,Personal Care,South,1423,200.73,0,0.0,285645.78
2024-05-20,PC_BODYWASH,Personal Care,South,1318,203.4,0,0.0,268082.79
2024-05-27,PC_BODYWASH,Personal Care,South,1323,194.49,0,0.0,257316.68
2024-06-03,PC_BODYWASH,Personal Care,South,1365,200.03,0,0.0,273040.05
2024-06-10,PC_BODYWASH,Personal Care,South,1837,170.99,0,0.0,314116.27
2024-06-17,PC_BODYWASH,Personal Care,South,1230,198.43,0,0.0,244064.88
2024-06-24,PC_BODYWASH,Personal Care,South,1641,194.13,0,0.0,318575.42
2024-07-01,PC_BODYWASH,Personal Care,South,1293,197.89,0,0.0,255869.86
2024-07-08,PC_BODYWASH,Personal Care,South,1019,207.27,0,0.0,211204.25
2024-07-15,PC_BODYWASH,Personal Care,South,1096,200.83,0,0.0,220105.52
2024-07-22,PC_BODYWASH,Personal Care,South,1755,182.54,0,0.0,320365.04
2024-07-29,PC_BODYWASH,Personal Care,South,1257,183.82,0,0.0,231064.17
2024-08-05,PC_BODYWASH,Personal Care,South,1615,185.45,0,0.0,299494.66
2024-08-12,PC_BODYWASH,Personal Care,South,1400,195.25,0,0.0,273353.28
2024-08-19,PC_BODYWASH,Personal Care,South,1324,196.13,0,0.0,259679.16
2024-08-26,PC_BODYWASH,Personal Care,South,1179,199.71,0,0.0,235463.66
2024-09-02,PC_BODYWASH,Personal Care,South,1355,192.08,0,0.0,260264.17
2024-09-09,PC_BODYWASH,Personal Care,South,1428,198.25,0,0.0,283106.15
2024-09-16,PC_BODYWASH,Personal Care,South,1773,187.06,0,0.0,331665.5
2024-09-23,PC_BODYWASH,Personal Care,South,1306,187.64,0,0.0,245055.41
2024-09-30,PC_BODYWASH,Personal Care,South,1207,204.11,0,0.0,246358.91
2024-10-07,PC_BODYWASH,Personal Care,South,1411,206.99,0,0.0,292068.47
2024-10-14,PC_BODYWASH,Personal Care,South,1875,183.49,0,0.0,344049.38
2024-10-21,PC_BODYWASH,Personal Care,South,2151,189.78,0,0.0,408210.64
2024-10-28,PC_BODYWASH,Personal Care,South,1936,191.18,0,0.0,370119.92
2024-11-04,PC_BODYWASH,Personal Care,South,1632,191.33,0,0.0,312242.89
2024-11-11,PC_BODYWASH,Personal Care,South,1714,203.48,0,0.0,348766.53
2024-11-18,PC_BODYWASH,Personal Care,South,1771,198.0,0,0.0,350657.57
2024-11-25,PC_BODYWASH,Personal Care,South,1582,193.38,0,0.0,305926.43
2024-12-02,PC_BODYWASH,Personal Care,South,1249,199.39,0,0.0,249040.49
2024-12-09,PC_BODYWASH,Personal Care,South,1724,198.16,0,0.0,341636.44
2024-12-16,PC_BODYWASH,Personal Care,South,1765,204.99,0,0.0,361806.27
2024-12-23,PC_BODYWASH,Personal Care,South,1420,195.42,0,0.0,277500.22
