powerbi/fact_sales.csv
date,sku,category,region,units,price,promo_flag,discount_depth,revenue
2023-01-02,PC_BODYWASH,Personal Care,West,1206,201.33,0,0.0,242809.19
2023-01-09,PC_BODYWASH,Personal Care,West,1211,204.76,0,0.0,247967.79
2023-01-16,PC_BODYWASH,Personal Care,West,975,204.97,0,0.0,199840.99
2023-01-23,PC_BODYWASH,Personal Care,West,1195,207.53,0,0.0,247996.87
2023-01-30,PC_BODYWASH,Personal Care,West,862,206.42,0,0.0,177934.75
2023-02-06,PC_BODYWASH,Personal Care,West,874,213.34,0,0.0,186459.65
2023-02-13,PC_BODYWASH,Personal Care,West,970,207.87,0,0.0,201638.31
2023-02-20,PC_BODYWASH,Personal Care,West,1014,206.19,0,0.0,209074.41
2023-02-27,PC_BODYWASH,Personal Care,West,1064,205.7,0,0.0,218866.97
2023-03-06,PC_BODYWASH,Personal Care,West,1242,208.25,0,0.0,258641.84
2023-03-13,PC_BODYWASH,Personal Care,West,1025,207.22,0,0.0,212404.6
2023-03-20,PC_BODYWASH,Personal Care,West,1059,203.29,0,0.0,215280.18
2023-03-27,PC_BODYWASH,Personal Care,West,909,208.82,0,0.0,189821.92
2023-04-03,PC_BODYWASH,Personal Care,West,1284,195.89,0,0.0,251524.13
2023-04-10,PC_BODYWASH,Personal Care,West,1046,201.99,0,0.0,211281.4
2023-04-17,PC_BODYWASH,Personal Care,West,1112,204.71,0,0.0,227640.16
2023-04-24,PC_BODYWASH,Personal Care,West,1028,204.09,0,0.0,209803.6
2023-05-01,PC_BODYWASH,Personal Care,West,1537,205.12,0,0.0,315263.05
2023-05-08,PC_BODYWASH,Personal Care,West,1118,211.9,0,0.0,236898.87
2023-05-15,PC_BODYWASH,Personal Care,West,1812,189.55,0,0.0,343457.14
2023-05-22,PC_BODYWASH,Personal Care,West,1083,210.73,0,0.0,228217.55
2023-05-29,PC_BODYWASH,Personal Care,West,1522,205.5,0,0.0,312765.47
2023-06-05,PC_BODYWASH,Personal Care,West,1469,202.97,0,0.0,298158.49
2023-06-12,PC_BODYWASH,Personal Care,West,1669,194.8,0,0.0,325113.15
2023-06-19,PC_BODYWASH,Personal Care,West,1485,205.08,0,0.0,304540.63
2023-06-26,PC_BODYWASH,Personal Care,West,1298,214.51,0,0.0,278438.76
2023-07-03,PC_BODYWASH,Personal Care,West,1079,202.31,0,0.0,218287.65
2023-07-10,PC_BODYWASH,Personal Care,West,1061,203.04,0,0.0,215426.8
2023-07-17,PC_BODYWASH,Personal Care,West,1142,194.77,0,0.0,222421.77
2023-07-24,PC_BODYWASH,Personal Care,West,1063,204.94,0,0.0,217851.38
2023-07-31,PC_BODYWASH,Personal Care,West,1202,200.34,0,0.0,240813.46
2023-08-07,PC_BODYWASH,Personal Care,West,1407,198.29,0,0.0,278994.28
2023-08-14,PC_BODYWASH,Personal Care,West,1208,199.5,0,0.0,241000.57
2023-08-21,PC_BODYWASH,Personal Care,West,1141,206.48,0,0.0,235592.11
2023-08-28,PC_BODYWASH,Personal Care,West,1263,199.59,0,0.0,252080.24
2023-09-04,PC_BODYWASH,Personal Care,West,1346,207.16,0,0.0,278832.15
2023-09-11,PC_BODYWASH,Personal Care,West,1268,202.22,0,0.0,256418.01
2023-09-18,PC_BODYWASH,Personal Care,West,1281,197.67,0,0.0,253212.21
2023-09-25,PC_BODYWASH,Personal Care,West,1264,210.28,0,0.0,265795.96
2023-10-02,PC_BODYWASH,Personal Care,West,1623,199.3,0,0.0,323456.12
2023-10-09,PC_BODYWASH,Personal Care,West,1514,216.0,0,0.0,327021.9
2023-10-16,PC_BODYWASH,Personal Care,West,1595,212.02,0,0.0,338167.23
2023-10-23,PC_BODYWASH,Personal Care,West,1581,203.12,0,0.0,321137.39
2023-10-30,PC_BODYWASH,Personal Care,West,1828,216.84,0,0.0,396379.37
2023-11-06,PC_BODYWASH,Personal Care,West,1502,212.41,0,0.0,319038.78
2023-11-13,PC_BODYWASH,Personal Care,West,1479,207.48,0,0.0,306861.53
2023-11-20,PC_BODYWASH,Personal Care,West,1584,193.97,0,0.0,307251.04
2023-11-27,PC_BODYWASH,Personal Care,West,1989,210.63,0,0.0,418938.58
2023-12-04,PC_BODYWASH,Personal Care,West,1320,197.1,0,0.0,260178.54
2023-12-11,PC_BODYWASH,Personal Care,West,1239,196.82,0,0.0,243853.82
2023-12-18,PC_BODYWASH,Personal Care,West,1115,205.86,0,0.0,229529.29
2023-12-25,PC_BODYWASH,Personal Care,West,1545,207.53,0,0.0,320627.85
2024-01-01,PC_BODYWASH,Personal Care,West,1038,204.23,0,0.0,211987.51
2024-01-08,PC_BODYWASH,Personal Care,West,1354,208.95,0,0.0,282912.88
2024-01-15,PC_BODYWASH,Personal Care,West,1044,199.93,0,0.0,208730.93
2024-01-22,PC_BODYWASH,Personal Care,West,1283,208.82,0,0.0,267913.76
2024-01-29,PC_BODYWASH,Personal Care,West,1115,210.43,0,0.0,234631.0
2024-02-05,PC_BODYWASH,Personal Care,West,1297,197.18,0,0.0,255746.57
2024-02-12,PC_BODYWASH,Personal Care,West,1207,203.08,0,0.0,245119.53
2024-02-19,PC_BODYWASH,Personal Care,West,761,221.86,0,0.0,168834.33
2024-02-26,PC_BODYWASH,Personal Care,West,1190,196.98,0,0.0,234407.7
2024-03-04,PC_BODYWASH,Personal Care,West,1281,209.34,0,0.0,268160.05
2024-03-11,PC_BODYWASH,Personal Care,West,1460,195.87,0,0.0,285975.15
2024-03-18,PC_BODYWASH,Personal Care,West,1082,219.07,0,0.0,237033.71
2024-03-25,PC_BODYWASH,Personal Care,West,1540,191.42,0,0.0,294785.4
2024-04-01,PC_BODYWASH,Personal Care,West,1299,211.31,0,0.0,274495.03
2024-04-08,PC_BODYWASH,Personal Care,West,1589,215.91,0,0.0,343086.75
2024-04-15,PC_BODYWASH,Personal Care,West,1692,214.8,0,0.0,363443.36
2024-04-22,PC_BODYWASH,Personal Care,West,1649,203.4,0,0.0,335406.32
2024-04-29,PC_BODYWASH,Personal Care,West,1892,207.82,0,0.0,393204.88
2024-05-06,PC_BODYWASH,Personal Care,West,1422,212.28,0,0.0,301856.73
2024-05-13,PC_BODYWASH,Personal Care,West,1699,199.07,0,0.0,338222.46
2024-05-20,PC_BODYWASH,Personal Care,West,1392,204.69,0,0.0,284921.92
2024-05-27,PC_BODYWASH,Personal Care,West,1631,194.39,0,0.0,317045.39
2024-06-03,PC_BODYWASH,Personal Care,West,1510,201.97,0,0.0,304972.34
2024-06-10,PC_BODYWASH,Personal Care,West,1785,203.75,0,0.0,363696.81
2024-06-17,PC_BODYWASH,Personal Care,West,1131,209.75,0,0.0,237225.87
2024-06-24,PC_BODYWASH,Personal Care,West,1524,210.48,0,0.0,320764.98
2024-07-01,PC_BODYWASH,Personal Care,West,1475,212.33,0,0.0,313193.59
2024-07-08,PC_BODYWASH,Personal Care,West,1160,211.54,0,0.0,245381.11
2024-07-15,PC_BODYWASH,Personal Care,West,1450,201.47,0,0.0,292136.47
2024-07-22,PC_BODYWASH,Personal Care,West,1640,198.81,0,0.0,326048.76
2024-07-29,PC_BODYWASH,Personal Care,West,1013,214.11,0,0.0,216889.99
2024-08-05,PC_BODYWASH,Personal Care,West,1157,205.76,0,0.0,238067.88
2024-08-12,PC_BODYWASH,Personal Care,West,1508,217.98,0,0.0,328717.5
2024-08-19,PC_BODYWASH,Personal Care,West,1324,202.6,0,0.0,268239.03
2024-08-26,PC_BODYWASH,Personal Care,West,1585,196.75,0,0.0,311846.0
2024-09-02,PC_BODYWASH,Personal Care,West,1302,204.74,0,0.0,266573.15
2024-09-09,PC_BODYWASH,Personal Care,West,1927,195.51,0,0.0,376751.99
2024-09-16,PC_BODYWASH,Personal Care,West,1240,213.65,0,0.0,264927.4
2024-09-23,PC_BODYWASH,Personal Care,West,1772,196.03,0,0.0,347371.86
2024-09-30,PC_BODYWASH,Personal Care,West,1726,202.11,0,0.0,348837.12
2024-10-07,PC_BODYWASH,Personal Care,West,2295,198.11,0,0.0,454658.05
2024-10-14,PC_BODYWASH,Personal Care,West,2016,201.91,0,0.0,407047.6
2024-10-21,PC_BODYWASH,Personal Care,West,1710,204.27,0,0.0,349298.02
2024-10-28,PC_BODYWASH,Personal Care,West,1722,200.78,0,0.0,345751.38
2024-11-04,PC_BODYWASH,Personal Care,West,2020,202.06,0,0.0,408158.17
2024-11-11,PC_BODYWASH,Personal Care,West,1452,208.86,0,0.0,303268.49
2024-11-18,PC_BODYWASH,Personal Care,West,1708,209.38,0,0.0,357628.98
2024-11-25,PC_BODYWASH,Personal Care,West,1437,217.51,0,0.0,312566.06
2024-12-02,PC_BODYWASH,Personal Care,West,1773,198.91,0,0.0,352663.65
2024-12-09,PC_BODYWASH,Personal Care,West,1708,209.73,0,0.0,358215.1
2024-12-16,PC_BODYWASH,Personal Care,West,1739,191.11,0,0.0,332339.58
2024-12-23,PC_BODYWASH,Personal Care,West,1764,204.62,0,0.0,360946.01
2023-01-02,PC_BODYWASH,Personal Care,East,743,192.15,0,0.0,142765.62
2023-01-09,PC_BODYWASH,Personal Care,East,871,196.63,0,0.0,171263.06
2023-01-16,PC_BODYWASH,Personal Care,East,810,196.55,0,0.0,159208.59
2023-01-23,PC_BODYWASH,Personal Care,East,956,187.22,0,0.0,178978.69
2023-01-30,PC_BODYWASH,Personal Care,East,705,196.17,0,0.0,138297.25
2023-02-06,PC_BODYWASH,Personal Care,East,704,204.82,0,0.0,144195.12
2023-02-13,PC_BODYWASH,Personal Care,East,859,192.29,0,0.0,165179.51
2023-02-20,PC_BODYWASH,Personal Care,East,685,202.88,0,0.0,138971.79
2023-02-27,PC_BODYWASH,Personal Care,East,821,187.82,0,0.0,154196.58
2023-03-06,PC_BODYWASH,Personal Care,East,931,198.07,0,0.0,184402.26
2023-03-13,PC_BODYWASH,Personal Care,East,951,175.86,0,0.0,167243.77
2023-03-20,PC_BODYWASH,Personal Care,East,1051,191.47,0,0.0,201230.67
2023-03-27,PC_BODYWASH,Personal Care,East,1013,184.53,0,0.0,186927.56
2023-04-03,PC_BODYWASH,Personal Care,East,1166,184.99,0,0.0,215701.12
2023-04-10,PC_BODYWASH,Personal Care,East,1373,182.26,0,0.0,250245.3
2023-04-17,PC_BODYWASH,Personal Care,East,974,199.08,0,0.0,193907.1
2023-04-24,PC_BODYWASH,Personal Care,East,967,198.44,0,0.0,191896.21
2023-05-01,PC_BODYWASH,Personal Care,East,1304,179.44,0,0.0,233985.86
2023-05-08,PC_BODYWASH,Personal Care,East,1175,198.01,0,0.0,232660.48
2023-05-15,PC_BODYWASH,Personal Care,East,826,198.02,0,0.0,163565.43
2023-05-22,PC_BODYWASH,Personal Care,East,1230,187.51,0,0.0,230631.75
2023-05-29,PC_BODYWASH,Personal Care,East,1478,186.31,0,0.0,275370.13
2023-06-05,PC_BODYWASH,Personal Care,East,1458,182.59,0,0.0,266216.4
2023-06-12,PC_BODYWASH,Personal Care,East,985,193.13,0,0.0,190236.48
2023-06-19,PC_BODYWASH,Personal Care,East,1179,189.2,0,0.0,223065.88
2023-06-26,PC_BODYWASH,Personal Care,East,1231,174.0,0,0.0,214199.88
2023-07-03,PC_BODYWASH,Personal Care,East,1139,185.68,0,0.0,211487.29
2023-07-10,PC_BODYWASH,Personal Care,East,986,196.8,0,0.0,194042.88
2023-07-17,PC_BODYWASH,Personal Care,East,1108,192.53,0,0.0,213317.77
2023-07-24,PC_BODYWASH,Personal Care,East,1069,180.22,0,0.0,192654.75
2023-07-31,PC_BODYWASH,Personal Care,East,922,198.08,0,0.0,182629.45
2023-08-07,PC_BODYWASH,Personal Care,East,1113,182.6,0,0.0,203228.55
2023-08-14,PC_BODYWASH,Personal Care,East,814,198.22,0,0.0,161348.17
2023-08-21,PC_BODYWASH,Personal Care,East,627,206.32,0,0.0,129361.98
2023-08-28,PC_BODYWASH,Personal Care,East,820,203.68,0,0.0,167020.97
2023-09-04,PC_BODYWASH,Personal Care,East,1353,180.13,0,0.0,243719.45
2023-09-11,PC_BODYWASH,Personal Care,East,1249,176.27,0,0.0,220156.27
2023-09-18,PC_BODYWASH,Personal Care,East,1051,182.31,0,0.0,191612.69
2023-09-25,PC_BODYWASH,Personal Care,East,1186,189.86,0,0.0,225168.71
2023-10-02,PC_BODYWASH,Personal Care,East,1167,203.5,0,0.0,237488.87
2023-10-09,PC_BODYWASH,Personal Care,East,1571,176.22,0,0.0,276836.21
2023-10-16,PC_BODYWASH,Personal Care,East,919,205.32,0,0.0,188691.19
2023-10-23,PC_BODYWASH,Personal Care,East,1027,193.23,0,0.0,198445.1
2023-10-30,PC_BODYWASH,Personal Care,East,1383,183.34,0,0.0,253557.64
2023-11-06,PC_BODYWASH,Personal Care,East,1116,201.77,0,0.0,225173.71
2023-11-13,PC_BODYWASH,Personal Care,East,1318,185.64,0,0.0,244678.8
2023-11-20,PC_BODYWASH,Personal Care,East,979,200.55,0,0.0,196342.82
2023-11-27,PC_BODYWASH,Personal Care,East,1593,186.76,0,0.0,297504.28
2023-12-04,PC_BODYWASH,Personal Care,East,1019,198.29,0,0.0,202056.52
2023-12-11,PC_BODYWASH,Personal Care,East,1163,190.04,0,0.0,221016.98
2023-12-18,PC_BODYWASH,Personal Care,East,1078,184.67,0,0.0,199072.26
2023-12-25,PC_BODYWASH,Personal Care,East,1072,191.95,0,0.0,205772.92
2024-01-01,PC_BODYWASH,Personal Care,East,1086,196.43,0,0.0,213326.84
2024-01-08,PC_BODYWASH,Personal Care,East,883,197.08,0,0.0,174023.92
2024-01-15,PC_BODYWASH,Personal Care,East,989,191.82,0,0.0,189706.25
2024-01-22,PC_BODYWASH,Personal Care,East,832,201.39,0,0.0,167555.98
2024-01-29,PC_BODYWASH,Personal Care,East,775,202.21,0,0.0,156716.61
2024-02-05,PC_BODYWASH,Personal Care,East,821,202.22,0,0.0,166020.92
2024-02-12,PC_BODYWASH,Personal Care,East,695,198.66,0,0.0,138067.01
2024-02-19,PC_BODYWASH,Personal Care,East,1361,178.18,0,0.0,242497.46
2024-02-26,PC_BODYWASH,Personal Care,East,967,199.25,0,0.0,192673.15
2024-03-04,PC_BODYWASH,Personal Care,East,1185,186.77,0,0.0,221318.28
2024-03-11,PC_BODYWASH,Personal Care,East,1150,189.9,0,0.0,218384.99
2024-03-18,PC_BODYWASH,Personal Care,East,1030,182.28,0,0.0,187747.16
2024-03-25,PC_BODYWASH,Personal Care,East,1159,200.72,0,0.0,232639.11
2024-04-01,PC_BODYWASH,Personal Care,East,1272,200.0,0,0.0,254397.7
2024-04-08,PC_BODYWASH,Personal Care,East,1137,192.1,0,0.0,218412.07
2024-04-15,PC_BODYWASH,Personal Care,East,1055,194.39,0,0.0,205076.57
2024-04-22,PC_BODYWASH,Personal Care,East,1369,187.74,0,0.0,257009.75
2024-04-29,PC_BODYWASH,Personal Care,East,1068,202.04,0,0.0,215778.45
2024-05-06,PC_BODYWASH,Personal Care,East,1260,187.8,0,0.0,236624.5
2024-05-13,PC_BODYWASH,Personal Care,East,1219,202.33,0,0.0,246640.76
2024-05-20,PC_BODYWASH,Personal Care,East,1234,206.14,0,0.0,254376.55
2024-05-27,PC_BODYWASH,Personal Care,East,1188,188.15,0,0.0,223517.47
2024-06-03,PC_BODYWASH,Personal Care,East,1153,189.34,0,0.0,218312.68
2024-06-10,PC_BODYWASH,Personal Care,East,1336,185.98,0,0.0,248469.21
2024-06-17,PC_BODYWASH,Personal Care,East,1231,201.71,0,0.0,248301.14
2024-06-24,PC_BODYWASH,Personal Care,East,1568,197.58,0,0.0,309811.46
2024-07-01,PC_BODYWASH,Personal Care,East,942,199.07,0,0.0,187522.79
2024-07-08,PC_BODYWASH,Personal Care,East,1207,192.54,0,0.0,232401.54
2024-07-15,PC_BODYWASH,Personal Care,East,1213,188.99,0,0.0,229239.11
2024-07-22,PC_BODYWASH,Personal Care,East,879,198.53,0,0.0,174508.82
2024-07-29,PC_BODYWASH,Personal Care,East,1176,193.49,0,0.0,227545.18
2024-08-05,PC_BODYWASH,Personal Care,East,993,202.87,0,0.0,201447.89
2024-08-12,PC_BODYWASH,Personal Care,East,1316,185.24,0,0.0,243771.83
2024-08-19,PC_BODYWASH,Personal Care,East,975,189.77,0,0.0,185026.81
2024-08-26,PC_BODYWASH,Personal Care,East,1154,190.46,0,0.0,219793.44
2024-09-02,PC_BODYWASH,Personal Care,East,1142,186.73,0,0.0,213250.07
2024-09-09,PC_BODYWASH,Personal Care,East,957,193.3,0,0.0,184990.32
2024-09-16,PC_BODYWASH,Personal Care,East,1216,185.88,0,0.0,226032.14
2024-09-23,PC_BODYWASH,Personal Care,East,893,201.13,0,0.0,179612.69
2024-09-30,PC_BODYWASH,Personal Care,East,1289,202.1,0,0.0,260511.46
2024-10-07,PC_BODYWASH,Personal Care,East,1017,200.02,0,0.0,203418.54
2024-10-14,PC_BODYWASH,Personal Care,East,1363,197.02,0,0.0,268534.44
2024-10-21,PC_BODYWASH,Personal Care,East,1490,187.98,0,0.0,280097.3
2024-10-28,PC_BODYWASH,Personal Care,East,1382,188.52,0,0.0,260531.2
2024-11-04,PC_BODYWASH,Personal Care,East,1310,195.9,0,0.0,256632.18
2024-11-11,PC_BODYWASH,Personal Care,East,1335,186.35,0,0.0,248774.4
2024-11-18,PC_BODYWASH,Personal Care,East,1254,196.97,0,0.0,246997.91
2024-11-25,PC_BODYWASH,Personal Care,East,1455,187.38,0,0.0,272642.77
2024-12-02,PC_BODYWASH,Personal Care,East,1117,200.71,0,0.0,224188.12
2024-12-09,PC_BODYWASH,Personal Care,East,1253,198.09,0,0.0,248201.27
2024-12-16,PC_BODYWASH,Personal Care,East,1461,190.99,0,0.0,279031.89
2024-12-23,PC_BODYWASH,Personal Care,East,984,209.44,0,0.0,206087.24
