powerbi/fact_sales.csv
date,sku,category,region,units,price,promo_flag,discount_depth,revenue
2023-01-02,PC_BODYWASH,Personal Care,Central,891,208.5,0,0.0,185774.03
2023-01-09,PC_BODYWASH,Personal Care,Central,1185,182.28,0,0.0,215995.89
2023-01-16,PC_BODYWASH,Personal Care,Central,786,187.74,0,0.0,147566.77
2023-01-23,PC_BODYWASH,Personal Care,Central,903,209.46,0,0.0,189146.08
2023-01-30,PC_BODYWASH,Personal Care,Central,725,195.79,0,0.0,141944.21
2023-02-06,PC_BODYWASH,Personal Care,Central,1004,190.05,0,0.0,190813.76
2023-02-13,PC_BODYWASH,Personal Care,Central,955,195.62,0,0.0,186815.31
2023-02-20,PC_BODYWASH,Personal Care,Central,926,192.65,0,0.0,178398.15
2023-02-27,PC_BODYWASH,Personal Care,Central,1138,175.1,0,0.0,199267.43
2023-03-06,PC_BODYWASH,Personal Care,Central,800,204.58,0,0.0,163667.09
2023-03-13,PC_BODYWASH,Personal Care,Central,1022,204.3,0,0.0,208797.94
2023-03-20,PC_BODYWASH,Personal Care,Central,969,195.57,0,0.0,189511.94
2023-03-27,PC_BODYWASH,Personal Care,Central,776,214.2,0,0.0,166215.41
2023-04-03,PC_BODYWASH,Personal Care,Central,1255,193.8,0,0.0,243213.78
2023-04-10,PC_BODYWASH,Personal Care,Central,1179,197.75,0,0.0,233151.83
2023-04-17,PC_BODYWASH,Personal Care,Central,1255,189.53,0,0.0,237858.55
2023-04-24,PC_BODYWASH,Personal Care,Central,1172,188.37,0,0.0,220765.27
2023-05-01,PC_BODYWASH,Personal Care,Central,1073,207.54,0,0.0,222687.39
2023-05-08,PC_BODYWASH,Personal Care,Central,1055,207.65,0,0.0,219071.34
2023-05-15,PC_BODYWASH,Personal Care,Central,1217,194.8,0,0.0,237075.56
2023-05-22,PC_BODYWASH,Personal Care,Central,1258,198.73,0,0.0,249996.83
2023-05-29,PC_BODYWASH,Personal Care,Central,1482,195.11,0,0.0,289147.04
2023-06-05,PC_BODYWASH,Personal Care,Central,942,199.49,0,0.0,187922.11
2023-06-12,PC_BODYWASH,Personal Care,Central,1368,188.18,0,0.0,257435.8
2023-06-19,PC_BODYWASH,Personal Care,Central,1042,192.37,0,0.0,200444.35
2023-06-26,PC_BODYWASH,Personal Care,Central,1450,203.07,0,0.0,294458.46
2023-07-03,PC_BODYWASH,Personal Care,Central,1020,203.48,0,0.0,207547.59
2023-07-10,PC_BODYWASH,Personal Care,Central,1017,208.15,0,0.0,211686.0
2023-07-17,PC_BODYWASH,Personal Care,Central,972,210.52,0,0.0,204627.75
2023-07-24,PC_BODYWASH,Personal Care,Central,757,194.35,0,0.0,147122.28
2023-07-31,PC_BODYWASH,Personal Care,Central,922,187.26,0,0.0,172653.67
2023-08-07,PC_BODYWASH,Personal Care,Central,1182,199.95,0,0.0,236341.75
2023-08-14,PC_BODYWASH,Personal Care,Central,1135,185.93,0,0.0,211028.57
2023-08-21,PC_BODYWASH,Personal Care,Central,807,208.3,0,0.0,168098.08
2023-08-28,PC_BODYWASH,Personal Care,Central,856,210.98,0,0.0,180600.27
2023-09-04,PC_BODYWASH,Personal Care,Central,1101,199.73,0,0.0,219906.47
2023-09-11,PC_BODYWASH,Personal Care,Central,1252,202.74,0,0.0,253828.24
2023-09-18,PC_BODYWASH,Personal Care,Central,936,217.11,0,0.0,203214.67
2023-09-25,PC_BODYWASH,Personal Care,Central,1129,205.82,0,0.0,232366.64
2023-10-02,PC_BODYWASH,Personal Care,Central,1517,207.63,0,0.0,314981.25
2023-10-09,PC_BODYWASH,Personal Care,Central,1322,205.9,0,0.0,272196.47
2023-10-16,PC_BODYWASH,Personal Care,Central,1279,201.73,0,0.0,258011.36
2023-10-23,PC_BODYWASH,Personal Care,Central,1008,208.76,0,0.0,210431.16
2023-10-30,PC_BODYWASH,Personal Care,Central,1014,206.38,0,0.0,209271.97
2023-11-06,PC_BODYWASH,Personal Care,Central,1113,213.68,0,0.0,237827.29
2023-11-13,PC_BODYWASH,Personal Care,Central,1065,202.91,0,0.0,216103.03
2023-11-20,PC_BODYWASH,Personal Care,Central,1323,197.26,0,0.0,260981.18
2023-11-27,PC_BODYWASH,Personal Care,Central,1387,201.12,0,0.0,278957.04
2023-12-04,PC_BODYWASH,Personal Care,Central,1242,203.96,0,0.0,253315.59
2023-12-11,PC_BODYWASH,Personal Care,Central,847,199.02,0,0.0,168573.78
2023-12-18,PC_BODYWASH,Personal Care,Central,1109,203.36,0,0.0,225527.25
2023-12-25,PC_BODYWASH,Personal Care,Central,1045,202.17,0,0.0,211265.49
2024-01-01,PC_BODYWASH,Personal Care,Central,1012,196.63,0,0.0,198986.34
2024-01-08,PC_BODYWASH,Personal Care,Central,1145,204.84,0,0.0,234536.52
2024-01-15,PC_BODYWASH,Personal Care,Central,990,191.69,0,0.0,189776.07
2024-01-22,PC_BODYWASH,Personal Care,Central,1317,191.34,0,0.0,251991.43
2024-01-29,PC_BODYWASH,Personal Care,Central,1224,191.31,0,0.0,234159.19
2024-02-05,PC_BODYWASH,Personal Care,Central,1130,192.27,0,0.0,217263.54
2024-02-12,PC_BODYWASH,Personal Care,Central,1001,186.83,0,0.0,187021.36
2024-02-19,PC_BODYWASH,Personal Care,Central,949,202.58,0,0.0,192243.72
2024-02-26,PC_BODYWASH,Personal Care,Central,1257,186.32,0,0.0,234198.31
2024-03-04,PC_BODYWASH,Personal Care,Central,1302,192.53,0,0.0,250672.14
2024-03-11,PC_BODYWASH,Personal Care,Central,1225,190.83,0,0.0,233761.49
2024-03-18,PC_BODYWASH,Personal Care,Central,1026,208.55,0,0.0,213969.93
2024-03-25,PC_BODYWASH,Personal Care,Central,834,217.03,0,0.0,181004.76
2024-04-01,PC_BODYWASH,Personal Care,Central,1262,205.77,0,0.0,259682.01
2024-04-08,PC_BODYWASH,Personal Care,Central,1433,193.11,0,0.0,276725.96
2024-04-15,PC_BODYWASH,Personal Care,Central,1082,217.77,0,0.0,235629.69
2024-04-22,PC_BODYWASH,Personal Care,Central,977,212.56,0,0.0,207668.65
2024-04-29,PC_BODYWASH,Personal Care,Central,951,201.76,0,0.0,191875.76
2024-05-06,PC_BODYWASH,Personal Care,Central,1453,204.21,0,0.0,296713.48
2024-05-13,PC_BODYWASH,Personal Care,Central,1299,177.86,0,0.0,231042.53
2024-05-20,PC_BODYWASH,Personal Care,Central,1613,198.65,0,0.0,320420.18
2024-05-27,PC_BODYWASH,Personal Care,Central,1613,197.57,0,0.0,318675.1
2024-06-03,PC_BODYWASH,Personal Care,Central,1478,201.03,0,0.0,297123.37
2024-06-10,PC_BODYWASH,Personal Care,Central,1182,200.3,0,0.0,236759.98
2024-06-17,PC_BODYWASH,Personal Care,Central,1592,202.6,0,0.0,322542.1
2024-06-24,PC_BODYWASH,Personal Care,Central,1171,206.35,0,0.0,241633.42
2024-07-01,PC_BODYWASH,Personal Care,Central,968,210.87,0,0.0,204118.77
2024-07-08,PC_BODYWASH,Personal Care,Central,1160,204.73,0,0.0,237489.95
2024-07-15,PC_BODYWASH,Personal Care,Central,1050,192.62,0,0.0,202246.26
2024-07-22,PC_BODYWASH,Personal Care,Central,1188,192.38,0,0.0,228542.72
2024-07-29,PC_BODYWASH,Personal Care,Central,1219,204.9,0,0.0,249774.97
2024-08-05,PC_BODYWASH,Personal Care,Central,1192,197.67,0,0.0,235627.28
2024-08-12,PC_BODYWASH,Personal Care,Central,1557,186.88,0,0.0,290977.68
2024-08-19,PC_BODYWASH,Personal Care,Central,1389,194.2,0,0.0,269737.62
2024-08-26,PC_BODYWASH,Personal Care,Central,968,208.7,0,0.0,202020.61
2024-09-02,PC_BODYWASH,Personal Care,Central,1151,200.58,0,0.0,230867.28
2024-09-09,PC_BODYWASH,Personal Care,Central,903,216.76,0,0.0,195732.86
2024-09-16,PC_BODYWASH,Personal Care,Central,1313,202.68,0,0.0,266120.27
2024-09-23,PC_BODYWASH,Personal Care,Central,1255,194.39,0,0.0,243963.73
2024-09-30,PC_BODYWASH,Personal Care,Central,1209,213.32,0,0.0,257901.99
2024-10-07,PC_BODYWASH,Personal Care,Central,1408,198.66,0,0.0,279714.7
2024-10-14,PC_BODYWASH,Personal Care,Central,1243,197.16,0,0.0,245064.87
2024-10-21,PC_BODYWASH,Personal Care,Central,1713,205.95,0,0.0,352796.1
2024-10-28,PC_BODYWASH,Personal Care,Central,1573,202.43,0,0.0,318414.57
2024-11-04,PC_BODYWASH,Personal Care,Central,1558,195.66,0,0.0,304837.55
2024-11-11,PC_BODYWASH,Personal Care,Central,1661,189.44,0,0.0,314654.62
2024-11-18,PC_BODYWASH,Personal Care,Central,1667,213.03,0,0.0,355125.93
2024-11-25,PC_BODYWASH,Personal Care,Central,1640,195.77,0,0.0,321061.17
2024-12-02,PC_BODYWASH,Personal Care,Central,1893,188.1,0,0.0,356070.72
2024-12-09,PC_BODYWASH,Personal Care,Central,1315,205.26,0,0.0,269910.64
2024-12-16,PC_BODYWASH,Personal Care,Central,1496,194.42,0,0.0,290855.56
2024-12-23,PC_BODYWASH,Personal Care,Central,1306,192.82,0,0.0,251822.6
2023-01-02,PC_DEO,Personal Care,North,1133,267.36,0,0.0,302915.01
2023-01-09,PC_DEO,Personal Care,North,1396,273.38,0,0.0,381640.76
2023-01-16,PC_DEO,Personal Care,North,1477,235.3,0,0.0,347530.83
2023-01-23,PC_DEO,Personal Care,North,1190,230.87,0,0.0,274736.82
2023-01-30,PC_DEO,Personal Care,North,1663,232.38,0,0.0,386455.13
2023-02-06,PC_DEO,Personal Care,North,1647,248.41,0,0.0,409132.86
2023-02-13,PC_DEO,Personal Care,North,1335,251.96,0,0.0,336366.23
2023-02-20,PC_DEO,Personal Care,North,1066,286.72,0,0.0,305643.88
2023-02-27,PC_DEO,Personal Care,North,2097,238.88,0,0.0,500935.33
2023-03-06,PC_DEO,Personal Care,North,1463,260.54,0,0.0,381168.03
2023-03-13,PC_DEO,Personal Care,North,1520,241.41,0,0.0,366943.63
2023-03-20,PC_DEO,Personal Care,North,1538,247.37,0,0.0,380456.06
2023-03-27,PC_DEO,Personal Care,North,1394,255.2,0,0.0,355748.89
2023-04-03,PC_DEO,Personal Care,North,1344,256.19,0,0.0,344318.96
2023-04-10,PC_DEO,Personal Care,North,1418,268.72,0,0.0,381041.96
2023-04-17,PC_DEO,Personal Care,North,1808,256.67,0,0.0,464054.27
2023-04-24,PC_DEO,Personal Care,North,2066,246.19,0,0.0,508631.39
2023-05-01,PC_DEO,Personal Care,North,1559,260.38,0,0.0,405932.79
2023-05-08,PC_DEO,Personal Care,North,3492,203.29,1,0.25,709887.94
2023-05-15,PC_DEO,Personal Care,North,5070,191.24,1,0.25,969564.28
2023-05-22,PC_DEO,Personal Care,North,4666,184.5,1,0.25,860876.21
2023-05-29,PC_DEO,Personal Care,North,2021,251.19,0,0.0,507659.88
2023-06-05,PC_DEO,Personal Care,North,1734,250.99,0,0.0,435223.05
2023-06-12,PC_DEO,Personal Care,North,1700,264.31,0,0.0,449333.5
2023-06-19,PC_DEO,Personal Care,North,2004,245.8,0,0.0,492582.12
2023-06-26,PC_DEO,Personal Care,North,1756,251.32,0,0.0,441317.78
2023-07-03,PC_DEO,Personal Care,North,1203,266.99,0,0.0,321187.75
2023-07-10,PC_DEO,Personal Care,North,2235,239.27,0,0.0,534758.47
2023-07-17,PC_DEO,Personal Care,North,1167,281.87,0,0.0,328937.08
2023-07-24,PC_DEO,Personal Care,North,1219,250.01,0,0.0,304763.52
2023-07-31,PC_DEO,Personal Care,North,1456,268.65,0,0.0,391149.44
2023-08-07,PC_DEO,Personal Care,North,1295,248.41,0,0.0,321694.54
2023-08-14,PC_DEO,Personal Care,North,1403,263.92,0,0.0,370281.78
2023-08-21,PC_DEO,Personal Care,North,1565,254.05,0,0.0,397590.06
2023-08-28,PC_DEO,Personal Care,North,1138,264.63,0,0.0,301144.29
2023-09-04,PC_DEO,Personal Care,North,1452,250.89,0,0.0,364295.43
2023-09-11,PC_DEO,Personal Care,North,1618,261.16,0,0.0,422552.04
2023-09-18,PC_DEO,Personal Care,North,1009,275.79,0,0.0,278271.64
2023-09-25,PC_DEO,Personal Care,North,1932,253.79,0,0.0,490322.15
2023-10-02,PC_DEO,Personal Care,North,2047,252.25,0,0.0,516345.92
2023-10-09,PC_DEO,Personal Care,North,1466,277.49,0,0.0,406803.16
2023-10-16,PC_DEO,Personal Care,North,1470,256.91,0,0.0,377652.43
2023-10-23,PC_DEO,Personal Care,North,1917,242.85,0,0.0,465550.62
2023-10-30,PC_DEO,Personal Care,North,1613,264.74,0,0.0,427022.25
2023-11-06,PC_DEO,Personal Care,North,2326,253.04,0,0.0,588574.14
2023-11-13,PC_DEO,Personal Care,North,2211,268.71,0,0.0,594120.91
2023-11-20,PC_DEO,Personal Care,North,2008,249.15,0,0.0,500303.21
2023-11-27,PC_DEO,Personal Care,North,2413,237.32,0,0.0,572663.46
2023-12-04,PC_DEO,Personal Care,North,1896,235.7,0,0.0,446887.7
2023-12-11,PC_DEO,Personal Care,North,1988,241.97,0,0.0,481031.67
2023-12-18,PC_DEO,Personal Care,North,1971,253.12,0,0.0,498890.82
2023-12-25,PC_DEO,Personal Care,North,1670,262.8,0,0.0,438878.53
2024-01-01,PC_DEO,Personal Care,North,1284,257.64,0,0.0,330809.11
2024-01-08,PC_DEO,Personal Care,North,1355,255.89,0,0.0,346728.45
2024-01-15,PC_DEO,Personal Care,North,1585,245.5,0,0.0,389114.69
2024-01-22,PC_DEO,Personal Care,North,1583,258.07,0,0.0,408517.43
2024-01-29,PC_DEO,Personal Care,North,1735,254.58,0,0.0,441701.38
2024-02-05,PC_DEO,Personal Care,North,1340,256.77,0,0.0,344072.34
2024-02-12,PC_DEO,Personal Care,North,1200,253.84,0,0.0,304611.18
2024-02-19,PC_DEO,Personal Care,North,1755,250.21,0,0.0,439119.0
2024-02-26,PC_DEO,Personal Care,North,1446,261.85,0,0.0,378634.35
2024-03-04,PC_DEO,Personal Care,North,1637,232.0,0,0.0,379781.14
2024-03-11,PC_DEO,Personal Care,North,1591,258.95,0,0.0,411988.43
2024-03-18,PC_DEO,Personal Care,North,1960,234.36,0,0.0,459336.62
2024-03-25,PC_DEO,Personal Care,North,1242,267.46,0,0.0,332184.89
2024-04-01,PC_DEO,Personal Care,North,1818,260.59,0,0.0,473744.28
2024-04-08,PC_DEO,Personal Care,North,4788,180.5,1,0.25,864224.49
2024-04-15,PC_DEO,Personal Care,North,3767,197.08,1,0.25,742396.19
2024-04-22,PC_DEO,Personal Care,North,4809,183.98,1,0.25,884744.45
2024-04-29,PC_DEO,Personal Care,North,2036,228.98,0,0.0,466212.31
2024-05-06,PC_DEO,Personal Care,North,2068,248.85,0,0.0,514612.39
2024-05-13,PC_DEO,Personal Care,North,2244,237.74,0,0.0,533481.75
2024-05-20,PC_DEO,Personal Care,North,1968,262.16,0,0.0,515925.99
2024-05-27,PC_DEO,Personal Care,North,1988,254.48,0,0.0,505907.14
2024-06-03,PC_DEO,Personal Care,North,1565,261.4,0,0.0,409096.82
2024-06-10,PC_DEO,Personal Care,North,1940,254.54,0,0.0,493815.04
2024-06-17,PC_DEO,Personal Care,North,1575,247.95,0,0.0,390515.93
2024-06-24,PC_DEO,Personal Care,North,1755,266.28,0,0.0,467312.73
2024-07-01,PC_DEO,Personal Care,North,1313,254.15,0,0.0,333700.62
2024-07-08,PC_DEO,Personal Care,North,2047,232.21,0,0.0,475325.54
2024-07-15,PC_DEO,Personal Care,North,1665,247.2,0,0.0,411584.54
2024-07-22,PC_DEO,Personal Care,North,1666,264.34,0,0.0,440383.51
2024-07-29,PC_DEO,Personal Care,North,1503,265.04,0,0.0,398356.36
2024-08-05,PC_DEO,Personal Care,North,1143,264.86,0,0.0,302735.59
2024-08-12,PC_DEO,Personal Care,North,1606,260.39,0,0.0,418190.51
2024-08-19,PC_DEO,Personal Care,North,1943,247.07,0,0.0,480060.07
2024-08-26,PC_DEO,Personal Care,North,1695,240.23,0,0.0,407192.35
2024-09-02,PC_DEO,Personal Care,North,2116,243.21,0,0.0,514630.47
2024-09-09,PC_DEO,Personal Care,North,1188,268.93,0,0.0,319487.57
2024-09-16,PC_DEO,Personal Care,North,1243,268.26,0,0.0,333452.51
2024-09-23,PC_DEO,Personal Care,North,1634,248.34,0,0.0,405782.32
2024-09-30,PC_DEO,Personal Care,North,1880,254.38,0,0.0,478234.12
2024-10-07,PC_DEO,Personal Care,North,2009,250.76,0,0.0,503781.33
2024-10-14,PC_DEO,Personal Care,North,2201,242.37,0,0.0,533454.42
2024-10-21,PC_DEO,Personal Care,North,1774,259.94,0,0.0,461127.49
2024-10-28,PC_DEO,Personal Care,North,2020,239.08,0,0.0,482942.96
2024-11-04,PC_DEO,Personal Care,North,2319,263.02,0,0.0,609940.27
2024-11-11,PC_DEO,Personal Care,North,2048,261.56,0,0.0,535682.53
2024-11-18,PC_DEO,Personal Care,North,1590,261.92,0,0.0,416460.54
2024-11-25,PC_DEO,Personal Care,North,1998,249.96,0,0.0,499420.35
2024-12-02,PC_DEO,Personal Care,North,2176,236.27,0,0.0,514126.33
2024-12-09,PC_DEO,Personal Care,North,1410,264.45,0,0.0,372872.83
2024-12-16,PC_DEO,Personal Care,North,1689,251.94,0,0.0,425531.9
2024-12-23,PC_DEO,Personal Care,North,1575,252.14,0,0.0,397125.97
