powerbi/fact_sales.csv
date,sku,category,region,units,price,promo_flag,discount_depth,revenue
2023-01-02,PC_DEO,Personal Care,South,1714,233.88,0,0.0,400876.71
2023-01-09,PC_DEO,Personal Care,South,1203,267.87,0,0.0,322246.29
2023-01-16,PC_DEO,Personal Care,South,1022,253.38,0,0.0,258950.6
2023-01-23,PC_DEO,Personal Care,South,1265,249.28,0,0.0,315343.29
2023-01-30,PC_DEO,Personal Care,South,1270,248.67,0,0.0,315807.42
2023-02-06,PC_DEO,Personal Care,South,1145,252.93,0,0.0,289604.23
2023-02-13,PC_DEO,Personal Care,South,1496,246.74,0,0.0,369116.0
2023-02-20,PC_DEO,Personal Care,South,1653,243.05,0,0.0,401754.68
2023-02-27,PC_DEO,Personal Care,South,989,268.6,0,0.0,265645.7
2023-03-06,PC_DEO,Personal Care,South,1131,242.8,0,0.0,274606.37
2023-03-13,PC_DEO,Personal Care,South,1590,244.27,0,0.0,388390.77
2023-03-20,PC_DEO,Personal Care,South,1398,253.33,0,0.0,354157.28
2023-03-27,PC_DEO,Personal Care,South,1661,236.6,0,0.0,392989.0
2023-04-03,PC_DEO,Personal Care,South,1660,246.65,0,0.0,409445.65
2023-04-10,PC_DEO,Personal Care,South,1250,276.18,0,0.0,345230.08
2023-04-17,PC_DEO,Personal Care,South,1807,244.52,0,0.0,441846.29
2023-04-24,PC_DEO,Personal Care,South,1507,242.62,0,0.0,365632.1
2023-05-01,PC_DEO,Personal Care,South,1754,248.68,0,0.0,436191.86
2023-05-08,PC_DEO,Personal Care,South,4584,183.99,1,0.25,843395.7
2023-05-15,PC_DEO,Personal Care,South,5800,175.67,1,0.25,1018858.66
2023-05-22,PC_DEO,Personal Care,South,4213,189.61,1,0.25,798823.13
2023-05-29,PC_DEO,Personal Care,South,1472,246.43,0,0.0,362748.26
2023-06-05,PC_DEO,Personal Care,South,2208,248.82,0,0.0,549402.73
2023-06-12,PC_DEO,Personal Care,South,1540,249.1,0,0.0,383614.94
2023-06-19,PC_DEO,Personal Care,South,1406,248.14,0,0.0,348884.71
2023-06-26,PC_DEO,Personal Care,South,1763,251.51,0,0.0,443419.58
2023-07-03,PC_DEO,Personal Care,South,1390,247.95,0,0.0,344648.97
2023-07-10,PC_DEO,Personal Care,South,1646,246.8,0,0.0,406233.13
2023-07-17,PC_DEO,Personal Care,South,1554,246.21,0,0.0,382611.23
2023-07-24,PC_DEO,Personal Care,South,1268,261.45,0,0.0,331512.46
2023-07-31,PC_DEO,Personal Care,South,1509,222.26,0,0.0,335391.09
2023-08-07,PC_DEO,Personal Care,South,1549,241.6,0,0.0,374242.18
2023-08-14,PC_DEO,Personal Care,South,1352,250.6,0,0.0,338808.01
2023-08-21,PC_DEO,Personal Care,South,1534,258.51,0,0.0,396549.94
2023-08-28,PC_DEO,Personal Care,South,1261,248.46,0,0.0,313306.3
2023-09-04,PC_DEO,Personal Care,South,1387,244.77,0,0.0,339494.06
2023-09-11,PC_DEO,Personal Care,South,1662,235.96,0,0.0,392173.06
2023-09-18,PC_DEO,Personal Care,South,1445,243.13,0,0.0,351323.81
2023-09-25,PC_DEO,Personal Care,South,1464,243.32,0,0.0,356222.26
2023-10-02,PC_DEO,Personal Care,South,1576,253.01,0,0.0,398736.91
2023-10-09,PC_DEO,Personal Care,South,1955,246.99,0,0.0,482859.3
2023-10-16,PC_DEO,Personal Care,South,2592,224.78,0,0.0,582629.53
2023-10-23,PC_DEO,Personal Care,South,2090,260.22,0,0.0,543854.06
2023-10-30,PC_DEO,Personal Care,South,1669,261.77,0,0.0,436889.14
2023-11-06,PC_DEO,Personal Care,South,2251,228.31,0,0.0,513921.53
2023-11-13,PC_DEO,Personal Care,South,1777,246.45,0,0.0,437940.35
2023-11-20,PC_DEO,Personal Care,South,1421,256.63,0,0.0,364667.42
2023-11-27,PC_DEO,Personal Care,South,1865,248.09,0,0.0,462696.19
2023-12-04,PC_DEO,Personal Care,South,1403,257.61,0,0.0,361419.89
2023-12-11,PC_DEO,Personal Care,South,1349,256.42,0,0.0,345912.43
2023-12-18,PC_DEO,Personal Care,South,1619,240.35,0,0.0,389124.7
2023-12-25,PC_DEO,Personal Care,South,1654,248.43,0,0.0,410897.5
2024-01-01,PC_DEO,Personal Care,South,1390,253.98,0,0.0,353028.79
2024-01-08,PC_DEO,Personal Care,South,1613,230.47,0,0.0,371753.17
2024-01-15,PC_DEO,Personal Care,South,1627,230.19,0,0.0,374526.9
2024-01-22,PC_DEO,Personal Care,South,1439,252.72,0,0.0,363661.54
2024-01-29,PC_DEO,Personal Care,South,1461,256.85,0,0.0,375251.26
2024-02-05,PC_DEO,Personal Care,South,1424,238.88,0,0.0,340170.4
2024-02-12,PC_DEO,Personal Care,South,1565,242.33,0,0.0,379244.11
2024-02-19,PC_DEO,Personal Care,South,1458,238.57,0,0.0,347831.67
2024-02-26,PC_DEO,Personal Care,South,1836,249.91,0,0.0,458835.45
2024-03-04,PC_DEO,Personal Care,South,1450,240.57,0,0.0,348827.61
2024-03-11,PC_DEO,Personal Care,South,1666,231.59,0,0.0,385822.63
2024-03-18,PC_DEO,Personal Care,South,1618,233.38,0,0.0,377614.88
2024-03-25,PC_DEO,Personal Care,South,1580,252.99,0,0.0,399731.61
2024-04-01,PC_DEO,Personal Care,South,1593,252.45,0,0.0,402152.79
2024-04-08,PC_DEO,Personal Care,South,5001,178.31,1,0.25,891708.05
2024-04-15,PC_DEO,Personal Care,South,5159,196.68,1,0.25,1014661.73
2024-04-22,PC_DEO,Personal Care,South,3880,181.05,1,0.25,702459.29
2024-04-29,PC_DEO,Personal Care,South,1836,237.58,0,0.0,436190.09
2024-05-06,PC_DEO,Personal Care,South,1564,247.44,0,0.0,386990.54
2024-05-13,PC_DEO,Personal Care,South,1637,244.5,0,0.0,400248.08
2024-05-20,PC_DEO,Personal Care,South,1969,232.47,0,0.0,457732.95
2024-05-27,PC_DEO,Personal Care,South,2135,233.37,0,0.0,498253.46
2024-06-03,PC_DEO,Personal Care,South,2168,218.53,0,0.0,473768.26
2024-06-10,PC_DEO,Personal Care,South,1748,246.59,0,0.0,431047.39
2024-06-17,PC_DEO,Personal Care,South,1714,257.73,0,0.0,441745.61
2024-06-24,PC_DEO,Personal Care,South,1926,238.96,0,0.0,460229.46
2024-07-01,PC_DEO,Personal Care,South,1590,237.19,0,0.0,377132.1
2024-07-08,PC_DEO,Personal Care,South,1398,263.33,0,0.0,368136.44
2024-07-15,PC_DEO,Personal Care,South,1990,234.02,0,0.0,465701.16
2024-07-22,PC_DEO,Personal Care,South,1923,248.84,0,0.0,478525.84
2024-07-29,PC_DEO,Personal Care,South,1624,250.21,0,0.0,406345.07
2024-08-05,PC_DEO,Personal Care,South,1952,228.8,0,0.0,446612.15
2024-08-12,PC_DEO,Personal Care,South,1519,242.35,0,0.0,368126.01
2024-08-19,PC_DEO,Personal Care,South,1122,252.36,0,0.0,283143.24
2024-08-26,PC_DEO,Personal Care,South,1269,238.77,0,0.0,303002.0
2024-09-02,PC_DEO,Personal Care,South,1627,240.94,0,0.0,392004.05
2024-09-09,PC_DEO,Personal Care,South,1921,242.59,0,0.0,466013.0
2024-09-16,PC_DEO,Personal Care,South,1400,243.52,0,0.0,340926.22
2024-09-23,PC_DEO,Personal Care,South,1343,255.99,0,0.0,343792.95
2024-09-30,PC_DEO,Personal Care,South,1354,255.95,0,0.0,346556.89
2024-10-07,PC_DEO,Personal Care,South,2246,248.21,0,0.0,557471.75
2024-10-14,PC_DEO,Personal Care,South,2118,250.98,0,0.0,531583.61
2024-10-21,PC_DEO,Personal Care,South,2139,246.77,0,0.0,527845.03
2024-10-28,PC_DEO,Personal Care,South,1855,256.34,0,0.0,475508.24
2024-11-04,PC_DEO,Personal Care,South,1916,259.09,0,0.0,496417.06
2024-11-11,PC_DEO,Personal Care,South,2527,249.97,0,0.0,631683.64
2024-11-18,PC_DEO,Personal Care,South,1889,256.59,0,0.0,484693.93
2024-11-25,PC_DEO,Personal Care,South,1913,252.5,0,0.0,483029.28
2024-12-02,PC_DEO,Personal Care,South,1643,233.99,0,0.0,384441.37
2024-12-09,PC_DEO,Personal Care,South,1562,247.46,0,0.0,386527.22
2024-12-16,PC_DEO,Personal Care,South,1513,256.81,0,0.0,388547.08
2024-12-23,PC_DEO,Personal Care,South,2123,242.91,0,0.0,515707.45
2023-01-02,PC_DEO,Personal Care,West,1300,267.49,0,0.0,347742.66
2023-01-09,PC_DEO,Personal Care,West,1242,263.5,0,0.0,327265.45
2023-01-16,PC_DEO,Personal Care,West,1181,268.75,0,0.0,317388.64
2023-01-23,PC_DEO,Personal Care,West,1452,256.26,0,0.0,372082.93
2023-01-30,PC_DEO,Personal Care,West,1416,259.08,0,0.0,366855.55
2023-02-06,PC_DEO,Personal Care,West,1362,280.48,0,0.0,382014.16
2023-02-13,PC_DEO,Personal Care,West,1368,260.86,0,0.0,356861.47
2023-02-20,PC_DEO,Personal Care,West,1362,263.94,0,0.0,359479.6
2023-02-27,PC_DEO,Personal Care,West,1250,260.86,0,0.0,326070.34
2023-03-06,PC_DEO,Personal Care,West,1913,252.1,0,0.0,482268.19
2023-03-13,PC_DEO,Personal Care,West,1338,265.11,0,0.0,354717.76
2023-03-20,PC_DEO,Personal Care,West,1291,272.63,0,0.0,351964.22
2023-03-27,PC_DEO,Personal Care,West,1269,257.9,0,0.0,327271.51
2023-04-03,PC_DEO,Personal Care,West,1505,258.38,0,0.0,388857.12
2023-04-10,PC_DEO,Personal Care,West,1652,241.94,0,0.0,399685.55
2023-04-17,PC_DEO,Personal Care,West,1990,251.51,0,0.0,500498.68
2023-04-24,PC_DEO,Personal Care,West,1219,256.54,0,0.0,312716.36
2023-05-01,PC_DEO,Personal Care,West,1828,253.25,0,0.0,462948.84
2023-05-08,PC_DEO,Personal Care,West,4404,190.72,1,0.25,839923.02
2023-05-15,PC_DEO,Personal Care,West,4925,183.67,1,0.25,904572.81
2023-05-22,PC_DEO,Personal Care,West,6006,192.65,1,0.25,1157060.82
2023-05-29,PC_DEO,Personal Care,West,1417,269.72,0,0.0,382186.97
2023-06-05,PC_DEO,Personal Care,West,1690,269.01,0,0.0,454634.73
2023-06-12,PC_DEO,Personal Care,West,2094,254.12,0,0.0,532122.26
2023-06-19,PC_DEO,Personal Care,West,1433,265.38,0,0.0,380294.54
2023-06-26,PC_DEO,Personal Care,West,1779,238.83,0,0.0,424879.81
2023-07-03,PC_DEO,Personal Care,West,1338,255.66,0,0.0,342076.1
2023-07-10,PC_DEO,Personal Care,West,1156,265.1,0,0.0,306459.66
2023-07-17,PC_DEO,Personal Care,West,1456,260.31,0,0.0,379012.65
2023-07-24,PC_DEO,Personal Care,West,1831,249.06,0,0.0,456027.31
2023-07-31,PC_DEO,Personal Care,West,1293,269.28,0,0.0,348175.45
2023-08-07,PC_DEO,Personal Care,West,1375,261.49,0,0.0,359555.33
2023-08-14,PC_DEO,Personal Care,West,1456,262.48,0,0.0,382175.39
2023-08-21,PC_DEO,Personal Care,West,1523,250.59,0,0.0,381650.91
2023-08-28,PC_DEO,Personal Care,West,1736,263.0,0,0.0,456561.95
2023-09-04,PC_DEO,Personal Care,West,1711,248.91,0,0.0,425879.06
2023-09-11,PC_DEO,Personal Care,West,1676,258.66,0,0.0,433514.69
2023-09-18,PC_DEO,Personal Care,West,1548,249.44,0,0.0,386131.29
2023-09-25,PC_DEO,Personal Care,West,2030,243.58,0,0.0,494474.7
2023-10-02,PC_DEO,Personal Care,West,1408,257.68,0,0.0,362811.31
2023-10-09,PC_DEO,Personal Care,West,1649,286.08,0,0.0,471752.53
2023-10-16,PC_DEO,Personal Care,West,1676,282.25,0,0.0,473057.85
2023-10-23,PC_DEO,Personal Care,West,2307,261.75,0,0.0,603862.86
2023-10-30,PC_DEO,Personal Care,West,2294,242.07,0,0.0,555311.49
2023-11-06,PC_DEO,Personal Care,West,2516,242.86,0,0.0,611043.56
2023-11-13,PC_DEO,Personal Care,West,1875,262.24,0,0.0,491704.84
2023-11-20,PC_DEO,Personal Care,West,2582,242.81,0,0.0,626936.54
2023-11-27,PC_DEO,Personal Care,West,1766,262.87,0,0.0,464224.77
2023-12-04,PC_DEO,Personal Care,West,1598,273.7,0,0.0,437379.12
2023-12-11,PC_DEO,Personal Care,West,1756,262.28,0,0.0,460555.86
2023-12-18,PC_DEO,Personal Care,West,1997,243.44,0,0.0,486148.07
2023-12-25,PC_DEO,Personal Care,West,1783,250.09,0,0.0,445905.37
2024-01-01,PC_DEO,Personal Care,West,1333,256.31,0,0.0,341664.47
2024-01-08,PC_DEO,Personal Care,West,1536,247.51,0,0.0,380183.01
2024-01-15,PC_DEO,Personal Care,West,1371,246.73,0,0.0,338261.88
2024-01-22,PC_DEO,Personal Care,West,1715,251.46,0,0.0,431254.53
2024-01-29,PC_DEO,Personal Care,West,1517,255.79,0,0.0,388037.12
2024-02-05,PC_DEO,Personal Care,West,1174,276.19,0,0.0,324248.6
2024-02-12,PC_DEO,Personal Care,West,1765,245.67,0,0.0,433609.84
2024-02-19,PC_DEO,Personal Care,West,1567,253.32,0,0.0,396949.47
2024-02-26,PC_DEO,Personal Care,West,1349,252.15,0,0.0,340146.87
2024-03-04,PC_DEO,Personal Care,West,1726,254.52,0,0.0,439296.0
2024-03-11,PC_DEO,Personal Care,West,1706,258.78,0,0.0,441475.29
2024-03-18,PC_DEO,Personal Care,West,1670,258.5,0,0.0,431689.78
2024-03-25,PC_DEO,Personal Care,West,1469,258.27,0,0.0,379395.33
2024-04-01,PC_DEO,Personal Care,West,1872,256.78,0,0.0,480682.84
2024-04-08,PC_DEO,Personal Care,West,4266,189.49,1,0.25,808379.93
2024-04-15,PC_DEO,Personal Care,West,4945,189.59,1,0.25,937532.07
2024-04-22,PC_DEO,Personal Care,West,5541,182.21,1,0.25,1009611.95
2024-04-29,PC_DEO,Personal Care,West,1573,258.47,0,0.0,406567.09
2024-05-06,PC_DEO,Personal Care,West,1550,251.48,0,0.0,389800.91
2024-05-13,PC_DEO,Personal Care,West,2169,250.19,0,0.0,542665.5
2024-05-20,PC_DEO,Personal Care,West,1326,261.02,0,0.0,346105.96
2024-05-27,PC_DEO,Personal Care,West,2066,246.9,0,0.0,510091.01
2024-06-03,PC_DEO,Personal Care,West,1970,249.5,0,0.0,491510.46
2024-06-10,PC_DEO,Personal Care,West,1441,267.12,0,0.0,384918.01
2024-06-17,PC_DEO,Personal Care,West,1865,246.27,0,0.0,459289.63
2024-06-24,PC_DEO,Personal Care,West,1534,268.18,0,0.0,411383.18
2024-07-01,PC_DEO,Personal Care,West,1437,272.36,0,0.0,391378.22
2024-07-08,PC_DEO,Personal Care,West,1174,266.15,0,0.0,312463.57
2024-07-15,PC_DEO,Personal Care,West,1497,266.66,0,0.0,399190.52
2024-07-22,PC_DEO,Personal Care,West,1814,261.7,0,0.0,474722.58
2024-07-29,PC_DEO,Personal Care,West,1530,270.71,0,0.0,414180.19
2024-08-05,PC_DEO,Personal Care,West,1498,248.77,0,0.0,372661.07
2024-08-12,PC_DEO,Personal Care,West,1568,259.86,0,0.0,407465.37
2024-08-19,PC_DEO,Personal Care,West,1375,261.45,0,0.0,359492.36
2024-08-26,PC_DEO,Personal Care,West,1672,247.47,0,0.0,413765.19
2024-09-02,PC_DEO,Personal Care,West,1683,253.51,0,0.0,426659.38
2024-09-09,PC_DEO,Personal Care,West,1799,241.11,0,0.0,433763.59
2024-09-16,PC_DEO,Personal Care,West,1591,249.22,0,0.0,396508.19
2024-09-23,PC_DEO,Personal Care,West,1755,249.35,0,0.0,437615.14
2024-09-30,PC_DEO,Personal Care,West,1967,255.65,0,0.0,502869.78
2024-10-07,PC_DEO,Personal Care,West,2043,268.04,0,0.0,547605.28
2024-10-14,PC_DEO,Personal Care,West,2021,255.86,0,0.0,517096.71
2024-10-21,PC_DEO,Personal Care,West,1816,257.57,0,0.0,467745.02
2024-10-28,PC_DEO,Personal Care,West,2073,264.16,0,0.0,547613.3
2024-11-04,PC_DEO,Personal Care,West,2140,249.2,0,0.0,533283.35
2024-11-11,PC_DEO,Personal Care,West,1704,267.59,0,0.0,455967.26
2024-11-18,PC_DEO,Personal Care,West,2256,269.08,0,0.0,607052.93
2024-11-25,PC_DEO,Personal Care,West,1976,271.86,0,0.0,537202.17
2024-12-02,PC_DEO,Personal Care,West,1634,258.68,0,0.0,422687.1
2024-12-09,PC_DEO,Personal Care,West,2344,242.34,0,0.0,568046.39
2024-12-16,PC_DEO,Personal Care,West,1750,260.25,0,0.0,455440.5
2024-12-23,PC_DEO,Personal Care,West,1791,257.8,0,0.0,461714.59
