powerbi/fact_sales.csv
date,sku,category,region,units,price,promo_flag,discount_depth,revenue
2023-01-02,PC_DEO,Personal Care,East,1380,226.77,0,0.0,312940.13
2023-01-09,PC_DEO,Personal Care,East,1201,230.59,0,0.0,276940.64
2023-01-16,PC_DEO,Personal Care,East,1060,246.66,0,0.0,261463.96
2023-01-23,PC_DEO,Personal Care,East,1142,235.96,0,0.0,269464.53
2023-01-30,PC_DEO,Personal Care,East,1069,245.07,0,0.0,261974.9
2023-02-06,PC_DEO,Personal Care,East,992,252.3,0,0.0,250279.07
2023-02-13,PC_DEO,Personal Care,East,899,247.66,0,0.0,222643.21
2023-02-20,PC_DEO,Personal Care,East,1146,244.34,0,0.0,280014.05
2023-02-27,PC_DEO,Personal Care,East,1274,244.99,0,0.0,312120.14
2023-03-06,PC_DEO,Personal Care,East,1052,244.85,0,0.0,257581.84
2023-03-13,PC_DEO,Personal Care,East,1064,241.5,0,0.0,256957.8
2023-03-20,PC_DEO,Personal Care,East,1041,244.74,0,0.0,254769.46
2023-03-27,PC_DEO,Personal Care,East,1383,233.64,0,0.0,323120.59
2023-04-03,PC_DEO,Personal Care,East,1442,242.54,0,0.0,349742.82
2023-04-10,PC_DEO,Personal Care,East,1342,239.86,0,0.0,321896.55
2023-04-17,PC_DEO,Personal Care,East,1423,237.03,0,0.0,337286.78
2023-04-24,PC_DEO,Personal Care,East,1417,251.6,0,0.0,356515.77
2023-05-01,PC_DEO,Personal Care,East,1534,238.21,0,0.0,365412.94
2023-05-08,PC_DEO,Personal Care,East,2916,192.95,1,0.25,562644.94
2023-05-15,PC_DEO,Personal Care,East,4585,175.29,1,0.25,803708.45
2023-05-22,PC_DEO,Personal Care,East,3990,174.61,1,0.25,696681.46
2023-05-29,PC_DEO,Personal Care,East,1498,250.78,0,0.0,375664.87
2023-06-05,PC_DEO,Personal Care,East,1155,243.73,0,0.0,281503.04
2023-06-12,PC_DEO,Personal Care,East,1207,244.04,0,0.0,294556.42
2023-06-19,PC_DEO,Personal Care,East,1378,246.72,0,0.0,339980.47
2023-06-26,PC_DEO,Personal Care,East,1477,245.39,0,0.0,362437.06
2023-07-03,PC_DEO,Personal Care,East,1272,253.43,0,0.0,322361.82
2023-07-10,PC_DEO,Personal Care,East,1169,246.82,0,0.0,288537.35
2023-07-17,PC_DEO,Personal Care,East,1079,245.88,0,0.0,265307.56
2023-07-24,PC_DEO,Personal Care,East,1318,225.61,0,0.0,297356.56
2023-07-31,PC_DEO,Personal Care,East,932,232.65,0,0.0,216832.74
2023-08-07,PC_DEO,Personal Care,East,1258,254.38,0,0.0,320014.02
2023-08-14,PC_DEO,Personal Care,East,1199,236.57,0,0.0,283652.96
2023-08-21,PC_DEO,Personal Care,East,1251,237.61,0,0.0,297252.54
2023-08-28,PC_DEO,Personal Care,East,1249,252.77,0,0.0,315708.8
2023-09-04,PC_DEO,Personal Care,East,1067,251.89,0,0.0,268765.05
2023-09-11,PC_DEO,Personal Care,East,1066,235.13,0,0.0,250647.87
2023-09-18,PC_DEO,Personal Care,East,1758,240.19,0,0.0,422258.7
2023-09-25,PC_DEO,Personal Care,East,1584,235.74,0,0.0,373406.12
2023-10-02,PC_DEO,Personal Care,East,1601,257.58,0,0.0,412382.12
2023-10-09,PC_DEO,Personal Care,East,1851,228.86,0,0.0,423625.64
2023-10-16,PC_DEO,Personal Care,East,1161,258.14,0,0.0,299701.14
2023-10-23,PC_DEO,Personal Care,East,1417,236.3,0,0.0,334838.99
2023-10-30,PC_DEO,Personal Care,East,1811,234.04,0,0.0,423849.46
2023-11-06,PC_DEO,Personal Care,East,1358,240.1,0,0.0,326058.26
2023-11-13,PC_DEO,Personal Care,East,2198,240.76,0,0.0,529198.75
2023-11-20,PC_DEO,Personal Care,East,1582,236.58,0,0.0,374276.54
2023-11-27,PC_DEO,Personal Care,East,1873,237.36,0,0.0,444578.37
2023-12-04,PC_DEO,Personal Care,East,1153,251.61,0,0.0,290104.88
2023-12-11,PC_DEO,Personal Care,East,1288,231.52,0,0.0,298197.74
2023-12-18,PC_DEO,Personal Care,East,1492,242.81,0,0.0,362278.88
2023-12-25,PC_DEO,Personal Care,East,1516,224.72,0,0.0,340668.89
2024-01-01,PC_DEO,Personal Care,East,1016,254.3,0,0.0,258368.42
2024-01-08,PC_DEO,Personal Care,East,1166,256.66,0,0.0,299270.47
2024-01-15,PC_DEO,Personal Care,East,1119,254.93,0,0.0,285271.06
2024-01-22,PC_DEO,Personal Care,East,1211,261.04,0,0.0,316117.73
2024-01-29,PC_DEO,Personal Care,East,1223,252.46,0,0.0,308754.52
2024-02-05,PC_DEO,Personal Care,East,1043,267.21,0,0.0,278698.02
2024-02-12,PC_DEO,Personal Care,East,1399,236.61,0,0.0,331011.32
2024-02-19,PC_DEO,Personal Care,East,1181,239.51,0,0.0,282859.43
2024-02-26,PC_DEO,Personal Care,East,1039,237.6,0,0.0,246865.1
2024-03-04,PC_DEO,Personal Care,East,1417,242.04,0,0.0,342971.15
2024-03-11,PC_DEO,Personal Care,East,1517,243.34,0,0.0,369147.38
2024-03-18,PC_DEO,Personal Care,East,1559,223.84,0,0.0,348961.55
2024-03-25,PC_DEO,Personal Care,East,1384,237.26,0,0.0,328372.44
2024-04-01,PC_DEO,Personal Care,East,1255,257.74,0,0.0,323464.06
2024-04-08,PC_DEO,Personal Care,East,3184,185.84,1,0.25,591709.5
2024-04-15,PC_DEO,Personal Care,East,4415,169.8,1,0.25,749670.15
2024-04-22,PC_DEO,Personal Care,East,2254,196.25,1,0.25,442348.15
2024-04-29,PC_DEO,Personal Care,East,1212,245.18,0,0.0,297157.8
2024-05-06,PC_DEO,Personal Care,East,1508,245.98,0,0.0,370936.5
2024-05-13,PC_DEO,Personal Care,East,1048,252.11,0,0.0,264214.83
2024-05-20,PC_DEO,Personal Care,East,1586,238.86,0,0.0,378837.08
2024-05-27,PC_DEO,Personal Care,East,1427,245.47,0,0.0,350283.96
2024-06-03,PC_DEO,Personal Care,East,1417,229.32,0,0.0,324951.42
2024-06-10,PC_DEO,Personal Care,East,1444,252.94,0,0.0,365248.64
2024-06-17,PC_DEO,Personal Care,East,1471,238.41,0,0.0,350699.47
2024-06-24,PC_DEO,Personal Care,East,1446,260.42,0,0.0,376569.8
2024-07-01,PC_DEO,Personal Care,East,1598,240.35,0,0.0,384075.49
2024-07-08,PC_DEO,Personal Care,East,1443,249.88,0,0.0,360570.82
2024-07-15,PC_DEO,Personal Care,East,1372,257.43,0,0.0,353192.88
2024-07-22,PC_DEO,Personal Care,East,1508,243.65,0,0.0,367424.26
2024-07-29,PC_DEO,Personal Care,East,1288,232.66,0,0.0,299662.44
2024-08-05,PC_DEO,Personal Care,East,840,254.14,0,0.0,213475.48
2024-08-12,PC_DEO,Personal Care,East,1501,236.59,0,0.0,355114.88
2024-08-19,PC_DEO,Personal Care,East,1226,243.8,0,0.0,298904.2
2024-08-26,PC_DEO,Personal Care,East,1085,258.35,0,0.0,280304.73
2024-09-02,PC_DEO,Personal Care,East,1534,236.3,0,0.0,362484.87
2024-09-09,PC_DEO,Personal Care,East,1461,238.3,0,0.0,348151.93
2024-09-16,PC_DEO,Personal Care,East,1241,254.48,0,0.0,315814.77
2024-09-23,PC_DEO,Personal Care,East,1216,253.31,0,0.0,308030.8
2024-09-30,PC_DEO,Personal Care,East,1643,245.85,0,0.0,403937.93
2024-10-07,PC_DEO,Personal Care,East,1630,241.36,0,0.0,393410.73
2024-10-14,PC_DEO,Personal Care,East,1727,242.82,0,0.0,419354.97
2024-10-21,PC_DEO,Personal Care,East,1749,235.79,0,0.0,412388.52
2024-10-28,PC_DEO,Personal Care,East,1791,246.22,0,0.0,440978.09
2024-11-04,PC_DEO,Personal Care,East,1809,241.68,0,0.0,437205.58
2024-11-11,PC_DEO,Personal Care,East,1609,260.09,0,0.0,418477.38
2024-11-18,PC_DEO,Personal Care,East,1705,233.45,0,0.0,398036.41
2024-11-25,PC_DEO,Personal Care,East,1650,249.03,0,0.0,410907.55
2024-12-02,PC_DEO,Personal Care,East,1578,235.65,0,0.0,371858.16
2024-12-09,PC_DEO,Personal Care,East,1286,240.5,0,0.0,309279.47
2024-12-16,PC_DEO,Personal Care,East,1835,214.01,0,0.0,392716.51
2024-12-23,PC_DEO,Personal Care,East,1852,220.52,0,0.0,408411.48
2023-01-02,PC_DEO,Personal Care,Central,1089,253.43,0,0.0,275982.37
2023-01-09,PC_DEO,Personal Care,Central,1158,265.33,0,0.0,307254.85
2023-01-16,PC_DEO,Personal Care,Central,1296,252.92,0,0.0,327788.8
2023-01-23,PC_DEO,Personal Care,Central,947,253.69,0,0.0,240241.65
2023-01-30,PC_DEO,Personal Care,Central,950,270.33,0,0.0,256809.53
2023-02-06,PC_DEO,Personal Care,Central,1374,240.29,0,0.0,330158.31
2023-02-13,PC_DEO,Personal Care,Central,1071,244.72,0,0.0,262094.56
2023-02-20,PC_DEO,Personal Care,Central,1037,273.53,0,0.0,283646.52
2023-02-27,PC_DEO,Personal Care,Central,1303,249.9,0,0.0,325620.68
2023-03-06,PC_DEO,Personal Care,Central,1010,254.33,0,0.0,256872.79
2023-03-13,PC_DEO,Personal Care,Central,1229,238.65,0,0.0,293306.57
2023-03-20,PC_DEO,Personal Care,Central,1163,253.06,0,0.0,294314.51
2023-03-27,PC_DEO,Personal Care,Central,1064,250.9,0,0.0,266961.02
2023-04-03,PC_DEO,Personal Care,Central,1273,258.23,0,0.0,328722.32
2023-04-10,PC_DEO,Personal Care,Central,1509,249.56,0,0.0,376586.56
2023-04-17,PC_DEO,Personal Care,Central,1582,239.1,0,0.0,378256.65
2023-04-24,PC_DEO,Personal Care,Central,1588,251.9,0,0.0,400023.91
2023-05-01,PC_DEO,Personal Care,Central,1338,253.15,0,0.0,338711.62
2023-05-08,PC_DEO,Personal Care,Central,3042,202.36,1,0.25,615567.95
2023-05-15,PC_DEO,Personal Care,Central,4092,183.81,1,0.25,752135.71
2023-05-22,PC_DEO,Personal Care,Central,3199,201.07,1,0.25,643221.35
2023-05-29,PC_DEO,Personal Care,Central,1471,251.9,0,0.0,370544.01
2023-06-05,PC_DEO,Personal Care,Central,1264,244.69,0,0.0,309290.26
2023-06-12,PC_DEO,Personal Care,Central,1463,257.93,0,0.0,377349.73
2023-06-19,PC_DEO,Personal Care,Central,1293,257.76,0,0.0,333289.46
2023-06-26,PC_DEO,Personal Care,Central,1193,257.22,0,0.0,306867.39
2023-07-03,PC_DEO,Personal Care,Central,1296,240.81,0,0.0,312095.07
2023-07-10,PC_DEO,Personal Care,Central,1168,255.58,0,0.0,298517.55
2023-07-17,PC_DEO,Personal Care,Central,1168,253.54,0,0.0,296133.71
2023-07-24,PC_DEO,Personal Care,Central,1440,249.34,0,0.0,359049.84
2023-07-31,PC_DEO,Personal Care,Central,985,270.49,0,0.0,266434.79
2023-08-07,PC_DEO,Personal Care,Central,1496,245.11,0,0.0,366688.89
2023-08-14,PC_DEO,Personal Care,Central,1206,265.13,0,0.0,319745.27
2023-08-21,PC_DEO,Personal Care,Central,1184,240.95,0,0.0,285290.22
2023-08-28,PC_DEO,Personal Care,Central,1204,258.16,0,0.0,310823.52
2023-09-04,PC_DEO,Personal Care,Central,1647,239.17,0,0.0,393917.87
2023-09-11,PC_DEO,Personal Care,Central,1545,240.83,0,0.0,372082.09
2023-09-18,PC_DEO,Personal Care,Central,1008,255.66,0,0.0,257705.7
2023-09-25,PC_DEO,Personal Care,Central,1201,251.47,0,0.0,302017.86
2023-10-02,PC_DEO,Personal Care,Central,1823,250.87,0,0.0,457340.47
2023-10-09,PC_DEO,Personal Care,Central,1988,241.56,0,0.0,480219.47
2023-10-16,PC_DEO,Personal Care,Central,1955,250.22,0,0.0,489173.75
2023-10-23,PC_DEO,Personal Care,Central,1446,266.58,0,0.0,385475.6
2023-10-30,PC_DEO,Personal Care,Central,1892,252.0,0,0.0,476789.68
2023-11-06,PC_DEO,Personal Care,Central,1959,235.23,0,0.0,460807.02
2023-11-13,PC_DEO,Personal Care,Central,1818,241.58,0,0.0,439197.98
2023-11-20,PC_DEO,Personal Care,Central,1822,237.55,0,0.0,432810.96
2023-11-27,PC_DEO,Personal Care,Central,1581,248.2,0,0.0,392406.35
2023-12-04,PC_DEO,Personal Care,Central,1430,258.85,0,0.0,370153.55
2023-12-11,PC_DEO,Personal Care,Central,1763,236.02,0,0.0,416101.25
2023-12-18,PC_DEO,Personal Care,Central,1835,242.29,0,0.0,444597.54
2023-12-25,PC_DEO,Personal Care,Central,1594,251.1,0,0.0,400259.62
2024-01-01,PC_DEO,Personal Care,Central,1358,236.74,0,0.0,321486.83
2024-01-08,PC_DEO,Personal Care,Central,1257,249.26,0,0.0,313321.94
2024-01-15,PC_DEO,Personal Care,Central,1304,249.06,0,0.0,324771.37
2024-01-22,PC_DEO,Personal Care,Central,1556,236.8,0,0.0,368455.17
2024-01-29,PC_DEO,Personal Care,Central,1009,258.81,0,0.0,261136.08
2024-02-05,PC_DEO,Personal Care,Central,1633,258.72,0,0.0,422482.29
2024-02-12,PC_DEO,Personal Care,Central,1122,258.46,0,0.0,289994.16
2024-02-19,PC_DEO,Personal Care,Central,1288,247.99,0,0.0,319417.33
2024-02-26,PC_DEO,Personal Care,Central,1373,251.41,0,0.0,345189.97
2024-03-04,PC_DEO,Personal Care,Central,1219,256.59,0,0.0,312778.96
2024-03-11,PC_DEO,Personal Care,Central,1202,256.53,0,0.0,308346.0
2024-03-18,PC_DEO,Personal Care,Central,1134,268.64,0,0.0,304635.63
2024-03-25,PC_DEO,Personal Care,Central,1407,255.34,0,0.0,359263.06
2024-04-01,PC_DEO,Personal Care,Central,1378,269.12,0,0.0,370851.94
2024-04-08,PC_DEO,Personal Care,Central,4388,191.53,1,0.25,840454.89
2024-04-15,PC_DEO,Personal Care,Central,3826,182.04,1,0.25,696495.3
2024-04-22,PC_DEO,Personal Care,Central,4768,178.65,1,0.25,851807.44
2024-04-29,PC_DEO,Personal Care,Central,1372,254.61,0,0.0,349318.07
2024-05-06,PC_DEO,Personal Care,Central,1713,238.74,0,0.0,408957.91
2024-05-13,PC_DEO,Personal Care,Central,1539,241.5,0,0.0,371664.71
2024-05-20,PC_DEO,Personal Care,Central,2227,244.47,0,0.0,544440.44
2024-05-27,PC_DEO,Personal Care,Central,1685,239.87,0,0.0,404182.26
2024-06-03,PC_DEO,Personal Care,Central,1814,236.97,0,0.0,429861.3
2024-06-10,PC_DEO,Personal Care,Central,1530,258.85,0,0.0,396046.83
2024-06-17,PC_DEO,Personal Care,Central,1828,236.04,0,0.0,431481.78
2024-06-24,PC_DEO,Personal Care,Central,1638,240.86,0,0.0,394527.43
2024-07-01,PC_DEO,Personal Care,Central,1304,264.6,0,0.0,345035.25
2024-07-08,PC_DEO,Personal Care,Central,1158,261.16,0,0.0,302422.09
2024-07-15,PC_DEO,Personal Care,Central,1515,252.83,0,0.0,383036.23
2024-07-22,PC_DEO,Personal Care,Central,1139,253.3,0,0.0,288513.17
2024-07-29,PC_DEO,Personal Care,Central,1377,244.78,0,0.0,337057.12
2024-08-05,PC_DEO,Personal Care,Central,1392,257.47,0,0.0,358392.28
2024-08-12,PC_DEO,Personal Care,Central,1161,246.29,0,0.0,285946.03
2024-08-19,PC_DEO,Personal Care,Central,1628,232.86,0,0.0,379101.42
2024-08-26,PC_DEO,Personal Care,Central,1323,243.06,0,0.0,321571.64
2024-09-02,PC_DEO,Personal Care,Central,1444,242.69,0,0.0,350448.71
2024-09-09,PC_DEO,Personal Care,Central,1216,250.36,0,0.0,304434.53
2024-09-16,PC_DEO,Personal Care,Central,1293,258.35,0,0.0,334042.92
2024-09-23,PC_DEO,Personal Care,Central,1502,264.45,0,0.0,397206.56
2024-09-30,PC_DEO,Personal Care,Central,1375,252.1,0,0.0,346640.48
2024-10-07,PC_DEO,Personal Care,Central,1747,250.02,0,0.0,436782.52
2024-10-14,PC_DEO,Personal Care,Central,1816,247.64,0,0.0,449709.21
2024-10-21,PC_DEO,Personal Care,Central,1737,247.07,0,0.0,429164.45
2024-10-28,PC_DEO,Personal Care,Central,1262,261.78,0,0.0,330360.63
2024-11-04,PC_DEO,Personal Care,Central,2119,235.57,0,0.0,499176.47
2024-11-11,PC_DEO,Personal Care,Central,1744,264.01,0,0.0,460424.88
2024-11-18,PC_DEO,Personal Care,Central,2336,249.25,0,0.0,582243.62
2024-11-25,PC_DEO,Personal Care,Central,1726,252.32,0,0.0,435502.14
2024-12-02,PC_DEO,Personal Care,Central,1555,250.36,0,0.0,389302.87
2024-12-09,PC_DEO,Personal Care,Central,1514,254.69,0,0.0,385599.72
2024-12-16,PC_DEO,Personal Care,Central,1334,256.0,0,0.0,341498.89
2024-12-23,PC_DEO,Personal Care,Central,1613,243.24,0,0.0,392353.28
