powerbi/fact_sales.csv
date,sku,category,region,units,price,promo_flag,discount_depth,revenue
2023-01-02,PC_LOTION,Personal Care,North,1070,181.0,0,0.0,193670.21
2023-01-09,PC_LOTION,Personal Care,North,919,199.41,0,0.0,183258.56
2023-01-16,PC_LOTION,Personal Care,North,1109,170.51,0,0.0,189096.93
2023-01-23,PC_LOTION,Personal Care,North,1252,183.43,0,0.0,229659.17
2023-01-30,PC_LOTION,Personal Care,North,1142,180.02,0,0.0,205581.61
2023-02-06,PC_LOTION,Personal Care,North,1056,184.26,0,0.0,194575.81
2023-02-13,PC_LOTION,Personal Care,North,1214,183.43,0,0.0,222688.2
2023-02-20,PC_LOTION,Personal Care,North,1009,178.04,0,0.0,179637.65
2023-02-27,PC_LOTION,Personal Care,North,969,173.87,0,0.0,168476.39
2023-03-06,PC_LOTION,Personal Care,North,1328,176.0,0,0.0,233727.72
2023-03-13,PC_LOTION,Personal Care,North,1531,179.29,0,0.0,274498.94
2023-03-20,PC_LOTION,Personal Care,North,1026,181.58,0,0.0,186304.93
2023-03-27,PC_LOTION,Personal Care,North,1098,179.79,0,0.0,197405.85
2023-04-03,PC_LOTION,Personal Care,North,1561,181.42,0,0.0,283200.02
2023-04-10,PC_LOTION,Personal Care,North,1412,184.89,0,0.0,261069.83
2023-04-17,PC_LOTION,Personal Care,North,1091,183.73,0,0.0,200453.99
2023-04-24,PC_LOTION,Personal Care,North,1251,188.42,0,0.0,235714.16
2023-05-01,PC_LOTION,Personal Care,North,1462,186.36,0,0.0,272464.55
2023-05-08,PC_LOTION,Personal Care,North,1234,193.89,0,0.0,239262.21
2023-05-15,PC_LOTION,Personal Care,North,1406,190.34,0,0.0,267622.97
2023-05-22,PC_LOTION,Personal Care,North,1208,189.36,0,0.0,228741.57
2023-05-29,PC_LOTION,Personal Care,North,1120,178.83,0,0.0,200285.1
2023-06-05,PC_LOTION,Personal Care,North,1603,176.52,0,0.0,282963.38
2023-06-12,PC_LOTION,Personal Care,North,1385,185.31,0,0.0,256654.48
2023-06-19,PC_LOTION,Personal Care,North,1518,178.4,0,0.0,270805.95
2023-06-26,PC_LOTION,Personal Care,North,1422,179.66,0,0.0,255483.48
2023-07-03,PC_LOTION,Personal Care,North,1252,179.37,0,0.0,224571.14
2023-07-10,PC_LOTION,Personal Care,North,1362,192.16,0,0.0,261726.1
2023-07-17,PC_LOTION,Personal Care,North,1413,187.37,0,0.0,264758.52
2023-07-24,PC_LOTION,Personal Care,North,1163,184.1,0,0.0,214105.24
2023-07-31,PC_LOTION,Personal Care,North,1216,179.03,0,0.0,217695.77
2023-08-07,PC_LOTION,Personal Care,North,1203,186.69,0,0.0,224593.27
2023-08-14,PC_LOTION,Personal Care,North,1393,175.11,0,0.0,243923.1
2023-08-21,PC_LOTION,Personal Care,North,1214,181.47,0,0.0,220307.19
2023-08-28,PC_LOTION,Personal Care,North,1248,186.39,0,0.0,232611.35
2023-09-04,PC_LOTION,Personal Care,North,1307,181.96,0,0.0,237821.91
2023-09-11,PC_LOTION,Personal Care,North,1385,178.06,0,0.0,246617.99
2023-09-18,PC_LOTION,Personal Care,North,1461,181.18,0,0.0,264704.19
2023-09-25,PC_LOTION,Personal Care,North,1285,178.94,0,0.0,229942.02
2023-10-02,PC_LOTION,Personal Care,North,1699,192.2,0,0.0,326554.94
2023-10-09,PC_LOTION,Personal Care,North,1506,195.02,0,0.0,293702.46
2023-10-16,PC_LOTION,Personal Care,North,1989,180.65,0,0.0,359306.05
2023-10-23,PC_LOTION,Personal Care,North,1644,178.79,0,0.0,293934.96
2023-10-30,PC_LOTION,Personal Care,North,1520,182.65,0,0.0,277623.74
2023-11-06,PC_LOTION,Personal Care,North,1402,192.12,0,0.0,269347.18
2023-11-13,PC_LOTION,Personal Care,North,1540,190.66,0,0.0,293621.1
2023-11-20,PC_LOTION,Personal Care,North,1316,193.0,0,0.0,253991.73
2023-11-27,PC_LOTION,Personal Care,North,1411,187.85,0,0.0,265050.78
2023-12-04,PC_LOTION,Personal Care,North,1394,184.56,0,0.0,257271.55
2023-12-11,PC_LOTION,Personal Care,North,1291,183.57,0,0.0,236989.02
2023-12-18,PC_LOTION,Personal Care,North,1177,190.29,0,0.0,223974.79
2023-12-25,PC_LOTION,Personal Care,North,1456,178.54,0,0.0,259956.83
2024-01-01,PC_LOTION,Personal Care,North,1080,186.77,0,0.0,201707.15
2024-01-08,PC_LOTION,Personal Care,North,1322,181.03,0,0.0,239316.04
2024-01-15,PC_LOTION,Personal Care,North,1161,192.83,0,0.0,223878.57
2024-01-22,PC_LOTION,Personal Care,North,1190,178.72,0,0.0,212678.85
2024-01-29,PC_LOTION,Personal Care,North,1385,185.32,0,0.0,256665.8
2024-02-05,PC_LOTION,Personal Care,North,1358,187.36,0,0.0,254437.85
2024-02-12,PC_LOTION,Personal Care,North,1586,173.44,0,0.0,275075.89
2024-02-19,PC_LOTION,Personal Care,North,1366,177.64,0,0.0,242656.57
2024-02-26,PC_LOTION,Personal Care,North,1311,177.54,0,0.0,232758.57
2024-03-04,PC_LOTION,Personal Care,North,1476,181.95,0,0.0,268552.82
2024-03-11,PC_LOTION,Personal Care,North,1400,184.35,0,0.0,258088.37
2024-03-18,PC_LOTION,Personal Care,North,1254,185.88,0,0.0,233091.37
2024-03-25,PC_LOTION,Personal Care,North,1328,186.31,0,0.0,247413.04
2024-04-01,PC_LOTION,Personal Care,North,1483,184.13,0,0.0,273069.58
2024-04-08,PC_LOTION,Personal Care,North,1948,163.38,0,0.0,318264.3
2024-04-15,PC_LOTION,Personal Care,North,1303,190.51,0,0.0,248239.68
2024-04-22,PC_LOTION,Personal Care,North,1508,186.24,0,0.0,280844.13
2024-04-29,PC_LOTION,Personal Care,North,1545,179.83,0,0.0,277831.68
2024-05-06,PC_LOTION,Personal Care,North,1455,179.14,0,0.0,260647.66
2024-05-13,PC_LOTION,Personal Care,North,1613,185.37,0,0.0,299004.31
2024-05-20,PC_LOTION,Personal Care,North,1512,188.85,0,0.0,285536.82
2024-05-27,PC_LOTION,Personal Care,North,1675,173.45,0,0.0,290531.8
2024-06-03,PC_LOTION,Personal Care,North,1679,180.89,0,0.0,303713.14
2024-06-10,PC_LOTION,Personal Care,North,1836,170.75,0,0.0,313503.89
2024-06-17,PC_LOTION,Personal Care,North,1690,185.94,0,0.0,314237.12
2024-06-24,PC_LOTION,Personal Care,North,1862,184.57,0,0.0,343675.49
2024-07-01,PC_LOTION,Personal Care,North,1230,183.24,0,0.0,225385.63
2024-07-08,PC_LOTION,Personal Care,North,1191,175.99,0,0.0,209601.24
2024-07-15,PC_LOTION,Personal Care,North,1362,187.81,0,0.0,255791.8
2024-07-22,PC_LOTION,Personal Care,North,1537,185.81,0,0.0,285597.3
2024-07-29,PC_LOTION,Personal Care,North,1216,188.86,0,0.0,229652.8
2024-08-05,PC_LOTION,Personal Care,North,1090,192.7,0,0.0,210037.96
2024-08-12,PC_LOTION,Personal Care,North,1095,194.21,0,0.0,212658.15
2024-08-19,PC_LOTION,Personal Care,North,1468,177.78,0,0.0,260982.35
2024-08-26,PC_LOTION,Personal Care,North,1217,188.64,0,0.0,229575.07
2024-09-02,PC_LOTION,Personal Care,North,1362,182.77,0,0.0,248930.61
2024-09-09,PC_LOTION,Personal Care,North,1466,184.29,0,0.0,270171.21
2024-09-16,PC_LOTION,Personal Care,North,1724,177.78,0,0.0,306492.14
2024-09-23,PC_LOTION,Personal Care,North,1104,177.33,0,0.0,195767.72
2024-09-30,PC_LOTION,Personal Care,North,1623,180.01,0,0.0,292158.58
2024-10-07,PC_LOTION,Personal Care,North,1942,176.02,0,0.0,341823.97
2024-10-14,PC_LOTION,Personal Care,North,1794,183.62,0,0.0,329412.57
2024-10-21,PC_LOTION,Personal Care,North,1935,176.19,0,0.0,340931.48
2024-10-28,PC_LOTION,Personal Care,North,1843,177.1,0,0.0,326398.65
2024-11-04,PC_LOTION,Personal Care,North,2020,170.09,0,0.0,343580.03
2024-11-11,PC_LOTION,Personal Care,North,1929,179.8,0,0.0,346828.28
2024-11-18,PC_LOTION,Personal Care,North,1739,191.41,0,0.0,332857.46
2024-11-25,PC_LOTION,Personal Care,North,1706,169.93,0,0.0,289904.48
2024-12-02,PC_LOTION,Personal Care,North,1790,191.45,0,0.0,342696.04
2024-12-09,PC_LOTION,Personal Care,North,1339,180.53,0,0.0,241732.86
2024-12-16,PC_LOTION,Personal Care,North,1244,185.75,0,0.0,231070.89
2024-12-23,PC_LOTION,Personal Care,North,1242,181.34,0,0.0,225220.48
2023-01-02,PC_LOTION,Personal Care,South,1089,188.17,0,0.0,204920.23
2023-01-09,PC_LOTION,Personal Care,South,845,188.92,0,0.0,159633.35
2023-01-16,PC_LOTION,Personal Care,South,1096,173.46,0,0.0,190112.74
2023-01-23,PC_LOTION,Personal Care,South,1305,179.28,0,0.0,233956.47
2023-01-30,PC_LOTION,Personal Care,South,1150,178.2,0,0.0,204931.49
2023-02-06,PC_LOTION,Personal Care,South,972,179.35,0,0.0,174327.43
2023-02-13,PC_LOTION,Personal Care,South,1337,172.71,0,0.0,230908.76
2023-02-20,PC_LOTION,Personal Care,South,1301,169.77,0,0.0,220867.4
2023-02-27,PC_LOTION,Personal Care,South,1393,170.82,0,0.0,237946.37
2023-03-06,PC_LOTION,Personal Care,South,1242,178.52,0,0.0,221722.48
2023-03-13,PC_LOTION,Personal Care,South,1309,180.6,0,0.0,236401.95
2023-03-20,PC_LOTION,Personal Care,South,1233,173.07,0,0.0,213397.53
2023-03-27,PC_LOTION,Personal Care,South,1136,180.17,0,0.0,204677.53
2023-04-03,PC_LOTION,Personal Care,South,997,184.23,0,0.0,183677.26
2023-04-10,PC_LOTION,Personal Care,South,1410,186.12,0,0.0,262427.5
2023-04-17,PC_LOTION,Personal Care,South,1605,167.44,0,0.0,268748.35
2023-04-24,PC_LOTION,Personal Care,South,1450,169.81,0,0.0,246225.42
2023-05-01,PC_LOTION,Personal Care,South,1520,174.26,0,0.0,264873.85
2023-05-08,PC_LOTION,Personal Care,South,1624,173.15,0,0.0,281189.47
2023-05-15,PC_LOTION,Personal Care,South,1245,181.63,0,0.0,226130.04
2023-05-22,PC_LOTION,Personal Care,South,1493,170.82,0,0.0,255040.51
2023-05-29,PC_LOTION,Personal Care,South,1441,179.04,0,0.0,257993.37
2023-06-05,PC_LOTION,Personal Care,South,1347,182.27,0,0.0,245511.82
2023-06-12,PC_LOTION,Personal Care,South,1371,169.88,0,0.0,232907.04
2023-06-19,PC_LOTION,Personal Care,South,1335,173.42,0,0.0,231512.4
2023-06-26,PC_LOTION,Personal Care,South,1571,170.7,0,0.0,268177.07
2023-07-03,PC_LOTION,Personal Care,South,1222,177.82,0,0.0,217298.54
2023-07-10,PC_LOTION,Personal Care,South,1372,173.79,0,0.0,238446.26
2023-07-17,PC_LOTION,Personal Care,South,1318,170.51,0,0.0,224735.76
2023-07-24,PC_LOTION,Personal Care,South,1328,168.21,0,0.0,223385.38
2023-07-31,PC_LOTION,Personal Care,South,1155,179.52,0,0.0,207342.98
2023-08-07,PC_LOTION,Personal Care,South,1108,190.51,0,0.0,211089.92
2023-08-14,PC_LOTION,Personal Care,South,1128,180.05,0,0.0,203094.82
2023-08-21,PC_LOTION,Personal Care,South,1151,171.31,0,0.0,197174.29
2023-08-28,PC_LOTION,Personal Care,South,1141,183.1,0,0.0,208912.57
2023-09-04,PC_LOTION,Personal Care,South,1194,168.72,0,0.0,201456.08
2023-09-11,PC_LOTION,Personal Care,South,1263,169.19,0,0.0,213684.14
2023-09-18,PC_LOTION,Personal Care,South,1130,182.88,0,0.0,206653.72
2023-09-25,PC_LOTION,Personal Care,South,956,193.14,0,0.0,184646.19
2023-10-02,PC_LOTION,Personal Care,South,1625,164.81,0,0.0,267820.92
2023-10-09,PC_LOTION,Personal Care,South,1593,176.84,0,0.0,281713.66
2023-10-16,PC_LOTION,Personal Care,South,1611,172.39,0,0.0,277726.02
2023-10-23,PC_LOTION,Personal Care,South,1429,180.24,0,0.0,257565.51
2023-10-30,PC_LOTION,Personal Care,South,1261,178.86,0,0.0,225542.41
2023-11-06,PC_LOTION,Personal Care,South,1451,176.21,0,0.0,255673.86
2023-11-13,PC_LOTION,Personal Care,South,1766,177.0,0,0.0,312588.1
2023-11-20,PC_LOTION,Personal Care,South,1521,177.81,0,0.0,270447.48
2023-11-27,PC_LOTION,Personal Care,South,1405,183.24,0,0.0,257449.55
2023-12-04,PC_LOTION,Personal Care,South,1378,171.09,0,0.0,235767.35
2023-12-11,PC_LOTION,Personal Care,South,1192,179.08,0,0.0,213468.58
2023-12-18,PC_LOTION,Personal Care,South,1384,174.89,0,0.0,242049.84
2023-12-25,PC_LOTION,Personal Care,South,1286,186.71,0,0.0,240108.69
2024-01-01,PC_LOTION,Personal Care,South,979,172.09,0,0.0,168479.68
2024-01-08,PC_LOTION,Personal Care,South,1243,175.56,0,0.0,218216.83
2024-01-15,PC_LOTION,Personal Care,South,1079,173.69,0,0.0,187414.88
2024-01-22,PC_LOTION,Personal Care,South,1225,186.15,0,0.0,228033.05
2024-01-29,PC_LOTION,Personal Care,South,806,195.21,0,0.0,157339.46
2024-02-05,PC_LOTION,Personal Care,South,1217,172.03,0,0.0,209360.75
2024-02-12,PC_LOTION,Personal Care,South,1212,181.7,0,0.0,220222.86
2024-02-19,PC_LOTION,Personal Care,South,1101,178.12,0,0.0,196108.99
2024-02-26,PC_LOTION,Personal Care,South,1312,174.06,0,0.0,228371.84
2024-03-04,PC_LOTION,Personal Care,South,1250,171.43,0,0.0,214287.25
2024-03-11,PC_LOTION,Personal Care,South,1202,159.12,0,0.0,191261.88
2024-03-18,PC_LOTION,Personal Care,South,1242,173.24,0,0.0,215166.07
2024-03-25,PC_LOTION,Personal Care,South,1124,177.5,0,0.0,199511.84
2024-04-01,PC_LOTION,Personal Care,South,1109,182.28,0,0.0,202146.09
2024-04-08,PC_LOTION,Personal Care,South,1713,168.87,0,0.0,289276.16
2024-04-15,PC_LOTION,Personal Care,South,1305,176.41,0,0.0,230212.12
2024-04-22,PC_LOTION,Personal Care,South,1467,174.11,0,0.0,255423.06
2024-04-29,PC_LOTION,Personal Care,South,1586,180.87,0,0.0,286857.58
2024-05-06,PC_LOTION,Personal Care,South,1594,177.84,0,0.0,283476.2
2024-05-13,PC_LOTION,Personal Care,South,1240,178.58,0,0.0,221439.16
2024-05-20,PC_LOTION,Personal Care,South,1953,158.7,0,0.0,309936.72
2024-05-27,PC_LOTION,Personal Care,South,1765,188.06,0,0.0,331923.9
2024-06-03,PC_LOTION,Personal Care,South,1677,173.47,0,0.0,290904.98
2024-06-10,PC_LOTION,Personal Care,South,1652,170.31,0,0.0,281355.84
2024-06-17,PC_LOTION,Personal Care,South,1274,181.4,0,0.0,231105.08
2024-06-24,PC_LOTION,Personal Care,South,1093,187.06,0,0.0,204457.57
2024-07-01,PC_LOTION,Personal Care,South,1195,176.55,0,0.0,210979.29
2024-07-08,PC_LOTION,Personal Care,South,1220,167.47,0,0.0,204314.46
2024-07-15,PC_LOTION,Personal Care,South,1267,167.17,0,0.0,211809.32
2024-07-22,PC_LOTION,Personal Care,South,1425,163.94,0,0.0,233617.06
2024-07-29,PC_LOTION,Personal Care,South,1097,182.05,0,0.0,199704.03
2024-08-05,PC_LOTION,Personal Care,South,1251,177.97,0,0.0,222640.56
2024-08-12,PC_LOTION,Personal Care,South,1596,172.26,0,0.0,274921.64
2024-08-19,PC_LOTION,Personal Care,South,1234,192.34,0,0.0,237352.84
2024-08-26,PC_LOTION,Personal Care,South,1537,161.7,0,0.0,248525.43
2024-09-02,PC_LOTION,Personal Care,South,1516,171.98,0,0.0,260728.37
2024-09-09,PC_LOTION,Personal Care,South,1200,176.21,0,0.0,211448.62
2024-09-16,PC_LOTION,Personal Care,South,1500,174.68,0,0.0,262022.16
2024-09-23,PC_LOTION,Personal Care,South,1609,164.9,0,0.0,265328.09
2024-09-30,PC_LOTION,Personal Care,South,1668,164.87,0,0.0,275002.92
2024-10-07,PC_LOTION,Personal Care,South,1398,173.12,0,0.0,242027.67
2024-10-14,PC_LOTION,Personal Care,South,1577,182.64,0,0.0,288028.44
2024-10-21,PC_LOTION,Personal Care,South,1622,172.92,0,0.0,280476.87
2024-10-28,PC_LOTION,Personal Care,South,2198,166.08,0,0.0,365048.47
2024-11-04,PC_LOTION,Personal Care,South,1094,193.49,0,0.0,211679.59
2024-11-11,PC_LOTION,Personal Care,South,1870,162.46,0,0.0,303796.21
2024-11-18,PC_LOTION,Personal Care,South,1718,178.71,0,0.0,307024.59
2024-11-25,PC_LOTION,Personal Care,South,1747,176.08,0,0.0,307616.95
2024-12-02,PC_LOTION,Personal Care,South,1766,170.24,0,0.0,300638.4
2024-12-09,PC_LOTION,Personal Care,South,1897,170.9,0,0.0,324192.07
2024-12-16,PC_LOTION,Personal Care,South,1290,183.98,0,0.0,237337.08
2024-12-23,PC_LOTION,Personal Care,South,1026,186.48,0,0.0,191330.69
