powerbi/fact_sales.csv
date,sku,category,region,units,price,promo_flag,discount_depth,revenue
2023-01-02,PC_LOTION,Personal Care,West,1185,186.74,0,0.0,221289.64
2023-01-09,PC_LOTION,Personal Care,West,1090,193.06,0,0.0,210430.33
2023-01-16,PC_LOTION,Personal Care,West,1325,177.28,0,0.0,234899.89
2023-01-23,PC_LOTION,Personal Care,West,1053,177.65,0,0.0,187068.53
2023-01-30,PC_LOTION,Personal Care,West,776,205.0,0,0.0,159078.4
2023-02-06,PC_LOTION,Personal Care,West,1048,176.99,0,0.0,185486.61
2023-02-13,PC_LOTION,Personal Care,West,1101,183.4,0,0.0,201925.42
2023-02-20,PC_LOTION,Personal Care,West,1353,175.04,0,0.0,236826.92
2023-02-27,PC_LOTION,Personal Care,West,1215,191.27,0,0.0,232389.46
2023-03-06,PC_LOTION,Personal Care,West,1317,175.74,0,0.0,231444.41
2023-03-13,PC_LOTION,Personal Care,West,1088,187.72,0,0.0,204238.09
2023-03-20,PC_LOTION,Personal Care,West,1148,195.56,0,0.0,224501.01
2023-03-27,PC_LOTION,Personal Care,West,1430,182.78,0,0.0,261381.03
2023-04-03,PC_LOTION,Personal Care,West,1385,183.68,0,0.0,254397.81
2023-04-10,PC_LOTION,Personal Care,West,1154,193.31,0,0.0,223079.68
2023-04-17,PC_LOTION,Personal Care,West,1271,178.0,0,0.0,226232.58
2023-04-24,PC_LOTION,Personal Care,West,1313,169.23,0,0.0,222201.02
2023-05-01,PC_LOTION,Personal Care,West,1495,191.51,0,0.0,286305.16
2023-05-08,PC_LOTION,Personal Care,West,1609,176.5,0,0.0,283995.82
2023-05-15,PC_LOTION,Personal Care,West,1300,191.09,0,0.0,248411.99
2023-05-22,PC_LOTION,Personal Care,West,1473,180.69,0,0.0,266155.41
2023-05-29,PC_LOTION,Personal Care,West,1990,170.75,0,0.0,339796.75
2023-06-05,PC_LOTION,Personal Care,West,1099,205.91,0,0.0,226298.61
2023-06-12,PC_LOTION,Personal Care,West,1064,185.31,0,0.0,197174.88
2023-06-19,PC_LOTION,Personal Care,West,1518,189.45,0,0.0,287583.9
2023-06-26,PC_LOTION,Personal Care,West,1559,182.33,0,0.0,284250.49
2023-07-03,PC_LOTION,Personal Care,West,1113,191.89,0,0.0,213568.11
2023-07-10,PC_LOTION,Personal Care,West,1456,183.01,0,0.0,266465.93
2023-07-17,PC_LOTION,Personal Care,West,1186,186.34,0,0.0,220997.09
2023-07-24,PC_LOTION,Personal Care,West,1217,188.24,0,0.0,229093.69
2023-07-31,PC_LOTION,Personal Care,West,1542,168.25,0,0.0,259436.01
2023-08-07,PC_LOTION,Personal Care,West,1395,178.63,0,0.0,249195.65
2023-08-14,PC_LOTION,Personal Care,West,1286,176.7,0,0.0,227238.72
2023-08-21,PC_LOTION,Personal Care,West,1160,191.3,0,0.0,221908.78
2023-08-28,PC_LOTION,Personal Care,West,1176,198.31,0,0.0,233213.63
2023-09-04,PC_LOTION,Personal Care,West,1416,185.31,0,0.0,262404.29
2023-09-11,PC_LOTION,Personal Care,West,1432,192.69,0,0.0,275925.63
2023-09-18,PC_LOTION,Personal Care,West,1575,189.08,0,0.0,297800.14
2023-09-25,PC_LOTION,Personal Care,West,1471,179.95,0,0.0,264709.13
2023-10-02,PC_LOTION,Personal Care,West,1520,178.28,0,0.0,270981.5
2023-10-09,PC_LOTION,Personal Care,West,1866,181.69,0,0.0,339040.47
2023-10-16,PC_LOTION,Personal Care,West,1608,190.51,0,0.0,306346.8
2023-10-23,PC_LOTION,Personal Care,West,2016,184.24,0,0.0,371428.89
2023-10-30,PC_LOTION,Personal Care,West,1354,193.04,0,0.0,261378.54
2023-11-06,PC_LOTION,Personal Care,West,1541,187.06,0,0.0,288265.36
2023-11-13,PC_LOTION,Personal Care,West,1864,189.34,0,0.0,352921.26
2023-11-20,PC_LOTION,Personal Care,West,1736,190.32,0,0.0,330387.96
2023-11-27,PC_LOTION,Personal Care,West,1822,187.97,0,0.0,342482.62
2023-12-04,PC_LOTION,Personal Care,West,1652,179.14,0,0.0,295947.47
2023-12-11,PC_LOTION,Personal Care,West,1362,182.95,0,0.0,249180.32
2023-12-18,PC_LOTION,Personal Care,West,1298,176.83,0,0.0,229521.83
2023-12-25,PC_LOTION,Personal Care,West,1574,178.63,0,0.0,281160.76
2024-01-01,PC_LOTION,Personal Care,West,1188,183.64,0,0.0,218170.19
2024-01-08,PC_LOTION,Personal Care,West,1164,188.61,0,0.0,219538.36
2024-01-15,PC_LOTION,Personal Care,West,1263,190.41,0,0.0,240492.38
2024-01-22,PC_LOTION,Personal Care,West,1067,180.56,0,0.0,192654.97
2024-01-29,PC_LOTION,Personal Care,West,1303,179.61,0,0.0,234026.44
2024-02-05,PC_LOTION,Personal Care,West,1307,185.09,0,0.0,241917.18
2024-02-12,PC_LOTION,Personal Care,West,1185,191.28,0,0.0,226666.1
2024-02-19,PC_LOTION,Personal Care,West,1335,178.7,0,0.0,238570.86
2024-02-26,PC_LOTION,Personal Care,West,1247,185.11,0,0.0,230834.5
2024-03-04,PC_LOTION,Personal Care,West,1352,173.63,0,0.0,234748.5
2024-03-11,PC_LOTION,Personal Care,West,1141,193.13,0,0.0,220357.01
2024-03-18,PC_LOTION,Personal Care,West,1229,187.5,0,0.0,230441.9
2024-03-25,PC_LOTION,Personal Care,West,1064,187.63,0,0.0,199633.48
2024-04-01,PC_LOTION,Personal Care,West,1150,182.43,0,0.0,209789.66
2024-04-08,PC_LOTION,Personal Care,West,1389,196.02,0,0.0,272272.6
2024-04-15,PC_LOTION,Personal Care,West,1369,194.15,0,0.0,265792.76
2024-04-22,PC_LOTION,Personal Care,West,1207,194.48,0,0.0,234739.54
2024-04-29,PC_LOTION,Personal Care,West,1731,180.55,0,0.0,312535.99
2024-05-06,PC_LOTION,Personal Care,West,1567,188.13,0,0.0,294798.47
2024-05-13,PC_LOTION,Personal Care,West,1533,186.02,0,0.0,285175.5
2024-05-20,PC_LOTION,Personal Care,West,1828,185.48,0,0.0,339063.1
2024-05-27,PC_LOTION,Personal Care,West,1407,194.05,0,0.0,273031.15
2024-06-03,PC_LOTION,Personal Care,West,1576,191.12,0,0.0,301211.22
2024-06-10,PC_LOTION,Personal Care,West,1609,177.39,0,0.0,285425.46
2024-06-17,PC_LOTION,Personal Care,West,1874,180.65,0,0.0,338545.99
2024-06-24,PC_LOTION,Personal Care,West,1557,191.78,0,0.0,298594.15
2024-07-01,PC_LOTION,Personal Care,West,1296,189.74,0,0.0,245900.78
2024-07-08,PC_LOTION,Personal Care,West,1603,182.09,0,0.0,291883.1
2024-07-15,PC_LOTION,Personal Care,West,1317,185.97,0,0.0,244920.33
2024-07-22,PC_LOTION,Personal Care,West,1459,180.95,0,0.0,263999.31
2024-07-29,PC_LOTION,Personal Care,West,1842,177.68,0,0.0,327284.18
2024-08-05,PC_LOTION,Personal Care,West,1516,187.14,0,0.0,283697.58
2024-08-12,PC_LOTION,Personal Care,West,1558,179.69,0,0.0,279962.76
2024-08-19,PC_LOTION,Personal Care,West,1442,182.11,0,0.0,262600.83
2024-08-26,PC_LOTION,Personal Care,West,1762,180.77,0,0.0,318524.72
2024-09-02,PC_LOTION,Personal Care,West,972,216.57,0,0.0,210506.64
2024-09-09,PC_LOTION,Personal Care,West,1545,182.97,0,0.0,282687.31
2024-09-16,PC_LOTION,Personal Care,West,1252,194.86,0,0.0,243967.57
2024-09-23,PC_LOTION,Personal Care,West,1464,182.18,0,0.0,266714.45
2024-09-30,PC_LOTION,Personal Care,West,1395,196.86,0,0.0,274625.07
2024-10-07,PC_LOTION,Personal Care,West,1301,205.58,0,0.0,267465.63
2024-10-14,PC_LOTION,Personal Care,West,1491,194.73,0,0.0,290335.42
2024-10-21,PC_LOTION,Personal Care,West,1763,179.7,0,0.0,316819.6
2024-10-28,PC_LOTION,Personal Care,West,1266,195.47,0,0.0,247465.02
2024-11-04,PC_LOTION,Personal Care,West,1613,184.51,0,0.0,297621.47
2024-11-11,PC_LOTION,Personal Care,West,1784,176.93,0,0.0,315637.86
2024-11-18,PC_LOTION,Personal Care,West,1601,192.5,0,0.0,308192.11
2024-11-25,PC_LOTION,Personal Care,West,1742,190.03,0,0.0,331034.64
2024-12-02,PC_LOTION,Personal Care,West,1755,175.32,0,0.0,307686.67
2024-12-09,PC_LOTION,Personal Care,West,1344,179.98,0,0.0,241896.44
2024-12-16,PC_LOTION,Personal Care,West,1487,189.33,0,0.0,281540.39
2024-12-23,PC_LOTION,Personal Care,West,1419,193.32,0,0.0,274324.78
2023-01-02,PC_LOTION,Personal Care,East,784,172.95,0,0.0,135590.92
2023-01-09,PC_LOTION,Personal Care,East,820,177.35,0,0.0,145429.59
2023-01-16,PC_LOTION,Personal Care,East,703,179.77,0,0.0,126376.76
2023-01-23,PC_LOTION,Personal Care,East,1228,162.18,0,0.0,199152.29
2023-01-30,PC_LOTION,Personal Care,East,1063,170.17,0,0.0,180895.43
2023-02-06,PC_LOTION,Personal Care,East,759,170.43,0,0.0,129358.84
2023-02-13,PC_LOTION,Personal Care,East,888,169.4,0,0.0,150424.44
2023-02-20,PC_LOTION,Personal Care,East,732,192.78,0,0.0,141112.8
2023-02-27,PC_LOTION,Personal Care,East,900,179.98,0,0.0,161984.45
2023-03-06,PC_LOTION,Personal Care,East,1110,176.82,0,0.0,196264.84
2023-03-13,PC_LOTION,Personal Care,East,861,181.34,0,0.0,156131.12
2023-03-20,PC_LOTION,Personal Care,East,946,184.15,0,0.0,174204.63
2023-03-27,PC_LOTION,Personal Care,East,958,177.61,0,0.0,170153.61
2023-04-03,PC_LOTION,Personal Care,East,947,185.31,0,0.0,175483.96
2023-04-10,PC_LOTION,Personal Care,East,1074,188.62,0,0.0,202574.41
2023-04-17,PC_LOTION,Personal Care,East,1119,170.59,0,0.0,190890.93
2023-04-24,PC_LOTION,Personal Care,East,1139,170.06,0,0.0,193700.9
2023-05-01,PC_LOTION,Personal Care,East,1128,171.5,0,0.0,193457.28
2023-05-08,PC_LOTION,Personal Care,East,1136,176.97,0,0.0,201036.59
2023-05-15,PC_LOTION,Personal Care,East,1158,178.82,0,0.0,207070.58
2023-05-22,PC_LOTION,Personal Care,East,1312,175.92,0,0.0,230805.38
2023-05-29,PC_LOTION,Personal Care,East,1054,173.81,0,0.0,183199.48
2023-06-05,PC_LOTION,Personal Care,East,1275,173.01,0,0.0,220584.81
2023-06-12,PC_LOTION,Personal Care,East,1341,164.5,0,0.0,220597.05
2023-06-19,PC_LOTION,Personal Care,East,1357,172.78,0,0.0,234468.14
2023-06-26,PC_LOTION,Personal Care,East,1204,172.08,0,0.0,207187.63
2023-07-03,PC_LOTION,Personal Care,East,1083,182.57,0,0.0,197719.71
2023-07-10,PC_LOTION,Personal Care,East,1020,173.66,0,0.0,177129.61
2023-07-17,PC_LOTION,Personal Care,East,1128,174.99,0,0.0,197388.17
2023-07-24,PC_LOTION,Personal Care,East,932,177.1,0,0.0,165058.05
2023-07-31,PC_LOTION,Personal Care,East,1078,176.11,0,0.0,189842.11
2023-08-07,PC_LOTION,Personal Care,East,1071,171.52,0,0.0,183701.17
2023-08-14,PC_LOTION,Personal Care,East,1040,171.66,0,0.0,178525.79
2023-08-21,PC_LOTION,Personal Care,East,811,175.02,0,0.0,141937.56
2023-08-28,PC_LOTION,Personal Care,East,903,177.58,0,0.0,160355.68
2023-09-04,PC_LOTION,Personal Care,East,1069,170.65,0,0.0,182429.91
2023-09-11,PC_LOTION,Personal Care,East,1111,166.72,0,0.0,185223.09
2023-09-18,PC_LOTION,Personal Care,East,933,180.99,0,0.0,168868.28
2023-09-25,PC_LOTION,Personal Care,East,942,179.25,0,0.0,168857.44
2023-10-02,PC_LOTION,Personal Care,East,1366,171.43,0,0.0,234176.81
2023-10-09,PC_LOTION,Personal Care,East,1702,173.58,0,0.0,295425.08
2023-10-16,PC_LOTION,Personal Care,East,1402,169.42,0,0.0,237529.44
2023-10-23,PC_LOTION,Personal Care,East,1327,174.12,0,0.0,231054.03
2023-10-30,PC_LOTION,Personal Care,East,1319,178.77,0,0.0,235792.68
2023-11-06,PC_LOTION,Personal Care,East,1626,170.78,0,0.0,277695.25
2023-11-13,PC_LOTION,Personal Care,East,1387,163.29,0,0.0,226478.66
2023-11-20,PC_LOTION,Personal Care,East,987,195.61,0,0.0,193069.34
2023-11-27,PC_LOTION,Personal Care,East,1588,171.36,0,0.0,272126.8
2023-12-04,PC_LOTION,Personal Care,East,1190,175.62,0,0.0,208991.74
2023-12-11,PC_LOTION,Personal Care,East,1116,181.01,0,0.0,202004.72
2023-12-18,PC_LOTION,Personal Care,East,977,182.53,0,0.0,178334.02
2023-12-25,PC_LOTION,Personal Care,East,1160,177.75,0,0.0,206189.71
2024-01-01,PC_LOTION,Personal Care,East,1000,171.15,0,0.0,171151.74
2024-01-08,PC_LOTION,Personal Care,East,906,179.17,0,0.0,162331.61
2024-01-15,PC_LOTION,Personal Care,East,873,173.96,0,0.0,151869.69
2024-01-22,PC_LOTION,Personal Care,East,879,175.42,0,0.0,154191.37
2024-01-29,PC_LOTION,Personal Care,East,832,178.7,0,0.0,148677.09
2024-02-05,PC_LOTION,Personal Care,East,1043,175.91,0,0.0,183476.19
2024-02-12,PC_LOTION,Personal Care,East,855,170.79,0,0.0,146024.51
2024-02-19,PC_LOTION,Personal Care,East,951,168.71,0,0.0,160442.69
2024-02-26,PC_LOTION,Personal Care,East,1264,169.68,0,0.0,214479.18
2024-03-04,PC_LOTION,Personal Care,East,931,167.21,0,0.0,155670.97
2024-03-11,PC_LOTION,Personal Care,East,980,176.11,0,0.0,172592.52
2024-03-18,PC_LOTION,Personal Care,East,790,182.22,0,0.0,143956.95
2024-03-25,PC_LOTION,Personal Care,East,1085,175.92,0,0.0,190870.21
2024-04-01,PC_LOTION,Personal Care,East,1593,161.4,0,0.0,257112.8
2024-04-08,PC_LOTION,Personal Care,East,1086,176.62,0,0.0,191806.89
2024-04-15,PC_LOTION,Personal Care,East,1325,162.66,0,0.0,215526.48
2024-04-22,PC_LOTION,Personal Care,East,1574,171.35,0,0.0,269703.93
2024-04-29,PC_LOTION,Personal Care,East,945,176.87,0,0.0,167138.63
2024-05-06,PC_LOTION,Personal Care,East,1505,173.73,0,0.0,261465.83
2024-05-13,PC_LOTION,Personal Care,East,1604,163.7,0,0.0,262579.66
2024-05-20,PC_LOTION,Personal Care,East,1333,173.07,0,0.0,230699.19
2024-05-27,PC_LOTION,Personal Care,East,1184,181.1,0,0.0,214426.34
2024-06-03,PC_LOTION,Personal Care,East,1139,174.13,0,0.0,198329.72
2024-06-10,PC_LOTION,Personal Care,East,1051,187.1,0,0.0,196637.46
2024-06-17,PC_LOTION,Personal Care,East,1553,168.14,0,0.0,261116.16
2024-06-24,PC_LOTION,Personal Care,East,1425,172.26,0,0.0,245470.81
2024-07-01,PC_LOTION,Personal Care,East,989,174.48,0,0.0,172556.74
2024-07-08,PC_LOTION,Personal Care,East,1197,170.5,0,0.0,204087.55
2024-07-15,PC_LOTION,Personal Care,East,1164,176.55,0,0.0,205505.78
2024-07-22,PC_LOTION,Personal Care,East,877,177.01,0,0.0,155240.34
2024-07-29,PC_LOTION,Personal Care,East,909,178.58,0,0.0,162332.69
2024-08-05,PC_LOTION,Personal Care,East,1041,181.22,0,0.0,188652.27
2024-08-12,PC_LOTION,Personal Care,East,1135,189.61,0,0.0,215208.62
2024-08-19,PC_LOTION,Personal Care,East,865,180.94,0,0.0,156515.53
2024-08-26,PC_LOTION,Personal Care,East,1044,172.14,0,0.0,179710.46
2024-09-02,PC_LOTION,Personal Care,East,1320,172.25,0,0.0,227376.57
2024-09-09,PC_LOTION,Personal Care,East,1380,163.72,0,0.0,225933.72
2024-09-16,PC_LOTION,Personal Care,East,1296,168.15,0,0.0,217922.3
2024-09-23,PC_LOTION,Personal Care,East,1054,182.48,0,0.0,192336.22
2024-09-30,PC_LOTION,Personal Care,East,1079,176.43,0,0.0,190369.59
2024-10-07,PC_LOTION,Personal Care,East,1225,176.78,0,0.0,216557.04
2024-10-14,PC_LOTION,Personal Care,East,1353,171.28,0,0.0,231747.85
2024-10-21,PC_LOTION,Personal Care,East,945,194.12,0,0.0,183440.13
2024-10-28,PC_LOTION,Personal Care,East,1249,185.84,0,0.0,232115.38
2024-11-04,PC_LOTION,Personal Care,East,1748,165.32,0,0.0,288985.14
2024-11-11,PC_LOTION,Personal Care,East,1615,168.52,0,0.0,272158.23
2024-11-18,PC_LOTION,Personal Care,East,1583,177.83,0,0.0,281499.2
2024-11-25,PC_LOTION,Personal Care,East,1182,176.59,0,0.0,208725.08
2024-12-02,PC_LOTION,Personal Care,East,1432,172.86,0,0.0,247533.41
2024-12-09,PC_LOTION,Personal Care,East,1555,166.52,0,0.0,258941.32
2024-12-16,PC_LOTION,Personal Care,East,1099,177.69,0,0.0,195281.84
2024-12-23,PC_LOTION,Personal Care,East,1169,175.69,0,0.0,205382.49
