powerbi/fact_sales.csv
date,sku,category,region,units,price,promo_flag,discount_depth,revenue
2023-01-02,PC_LOTION,Personal Care,Central,981,186.76,0,0.0,183207.02
2023-01-09,PC_LOTION,Personal Care,Central,981,176.88,0,0.0,173520.78
2023-01-16,PC_LOTION,Personal Care,Central,958,180.81,0,0.0,173217.84
2023-01-23,PC_LOTION,Personal Care,Central,910,172.59,0,0.0,157060.15
2023-01-30,PC_LOTION,Personal Care,Central,897,179.54,0,0.0,161047.64
2023-02-06,PC_LOTION,Personal Care,Central,978,169.34,0,0.0,165617.85
2023-02-13,PC_LOTION,Personal Care,Central,890,179.86,0,0.0,160078.5
2023-02-20,PC_LOTION,Personal Care,Central,811,182.85,0,0.0,148289.52
2023-02-27,PC_LOTION,Personal Care,Central,948,187.9,0,0.0,178131.51
2023-03-06,PC_LOTION,Personal Care,Central,848,190.67,0,0.0,161687.3
2023-03-13,PC_LOTION,Personal Care,Central,1087,167.52,0,0.0,182094.51
2023-03-20,PC_LOTION,Personal Care,Central,989,178.87,0,0.0,176902.39
2023-03-27,PC_LOTION,Personal Care,Central,972,177.31,0,0.0,172343.64
2023-04-03,PC_LOTION,Personal Care,Central,1297,171.09,0,0.0,221907.95
2023-04-10,PC_LOTION,Personal Care,Central,1157,183.91,0,0.0,212787.83
2023-04-17,PC_LOTION,Personal Care,Central,1065,180.09,0,0.0,191794.69
2023-04-24,PC_LOTION,Personal Care,Central,1004,175.91,0,0.0,176615.15
2023-05-01,PC_LOTION,Personal Care,Central,1393,173.04,0,0.0,241045.14
2023-05-08,PC_LOTION,Personal Care,Central,1343,170.13,0,0.0,228484.87
2023-05-15,PC_LOTION,Personal Care,Central,1413,171.36,0,0.0,242125.53
2023-05-22,PC_LOTION,Personal Care,Central,1179,181.84,0,0.0,214393.67
2023-05-29,PC_LOTION,Personal Care,Central,1400,180.51,0,0.0,252719.11
2023-06-05,PC_LOTION,Personal Care,Central,1175,168.33,0,0.0,197782.42
2023-06-12,PC_LOTION,Personal Care,Central,1280,173.84,0,0.0,222513.75
2023-06-19,PC_LOTION,Personal Care,Central,1293,181.32,0,0.0,234450.52
2023-06-26,PC_LOTION,Personal Care,Central,1352,184.77,0,0.0,249813.1
2023-07-03,PC_LOTION,Personal Care,Central,1219,175.77,0,0.0,214262.61
2023-07-10,PC_LOTION,Personal Care,Central,979,188.12,0,0.0,184169.38
2023-07-17,PC_LOTION,Personal Care,Central,1256,166.98,0,0.0,209720.79
2023-07-24,PC_LOTION,Personal Care,Central,1167,171.65,0,0.0,200320.2
2023-07-31,PC_LOTION,Personal Care,Central,1109,179.98,0,0.0,199601.88
2023-08-07,PC_LOTION,Personal Care,Central,958,183.65,0,0.0,175937.72
2023-08-14,PC_LOTION,Personal Care,Central,1039,193.84,0,0.0,201396.4
2023-08-21,PC_LOTION,Personal Care,Central,1145,182.34,0,0.0,208783.4
2023-08-28,PC_LOTION,Personal Care,Central,1247,172.99,0,0.0,215717.68
2023-09-04,PC_LOTION,Personal Care,Central,1247,168.84,0,0.0,210541.99
2023-09-11,PC_LOTION,Personal Care,Central,1100,177.81,0,0.0,195593.13
2023-09-18,PC_LOTION,Personal Care,Central,1075,183.53,0,0.0,197294.84
2023-09-25,PC_LOTION,Personal Care,Central,871,185.91,0,0.0,161925.08
2023-10-02,PC_LOTION,Personal Care,Central,1707,162.53,0,0.0,277442.46
2023-10-09,PC_LOTION,Personal Care,Central,1209,187.94,0,0.0,227225.19
2023-10-16,PC_LOTION,Personal Care,Central,1378,175.18,0,0.0,241395.0
2023-10-23,PC_LOTION,Personal Care,Central,1440,178.9,0,0.0,257618.67
2023-10-30,PC_LOTION,Personal Care,Central,1635,173.71,0,0.0,284012.61
2023-11-06,PC_LOTION,Personal Care,Central,1584,171.39,0,0.0,271488.1
2023-11-13,PC_LOTION,Personal Care,Central,1126,191.68,0,0.0,215826.42
2023-11-20,PC_LOTION,Personal Care,Central,1226,194.0,0,0.0,237843.93
2023-11-27,PC_LOTION,Personal Care,Central,1258,173.95,0,0.0,218833.85
2023-12-04,PC_LOTION,Personal Care,Central,1167,185.15,0,0.0,216071.0
2023-12-11,PC_LOTION,Personal Care,Central,1042,181.97,0,0.0,189612.93
2023-12-18,PC_LOTION,Personal Care,Central,1091,188.87,0,0.0,206058.23
2023-12-25,PC_LOTION,Personal Care,Central,1190,180.43,0,0.0,214710.44
2024-01-01,PC_LOTION,Personal Care,Central,904,188.35,0,0.0,170269.61
2024-01-08,PC_LOTION,Personal Care,Central,872,177.35,0,0.0,154646.38
2024-01-15,PC_LOTION,Personal Care,Central,1026,187.51,0,0.0,192380.6
2024-01-22,PC_LOTION,Personal Care,Central,1023,181.96,0,0.0,186140.1
2024-01-29,PC_LOTION,Personal Care,Central,863,203.69,0,0.0,175784.41
2024-02-05,PC_LOTION,Personal Care,Central,1047,173.35,0,0.0,181492.91
2024-02-12,PC_LOTION,Personal Care,Central,993,181.57,0,0.0,180302.97
2024-02-19,PC_LOTION,Personal Care,Central,1215,174.65,0,0.0,212205.67
2024-02-26,PC_LOTION,Personal Care,Central,842,191.74,0,0.0,161444.86
2024-03-04,PC_LOTION,Personal Care,Central,1168,183.89,0,0.0,214784.84
2024-03-11,PC_LOTION,Personal Care,Central,971,189.02,0,0.0,183543.15
2024-03-18,PC_LOTION,Personal Care,Central,1262,179.33,0,0.0,226319.67
2024-03-25,PC_LOTION,Personal Care,Central,1047,175.07,0,0.0,183302.25
2024-04-01,PC_LOTION,Personal Care,Central,1093,181.93,0,0.0,198850.68
2024-04-08,PC_LOTION,Personal Care,Central,1128,184.34,0,0.0,207939.53
2024-04-15,PC_LOTION,Personal Care,Central,1237,178.38,0,0.0,220661.8
2024-04-22,PC_LOTION,Personal Care,Central,1127,173.55,0,0.0,195588.02
2024-04-29,PC_LOTION,Personal Care,Central,1285,175.41,0,0.0,225403.96
2024-05-06,PC_LOTION,Personal Care,Central,1170,185.22,0,0.0,216703.04
2024-05-13,PC_LOTION,Personal Care,Central,1576,177.82,0,0.0,280238.33
2024-05-20,PC_LOTION,Personal Care,Central,1333,181.13,0,0.0,241448.62
2024-05-27,PC_LOTION,Personal Care,Central,1167,182.62,0,0.0,213121.13
2024-06-03,PC_LOTION,Personal Care,Central,1464,173.31,0,0.0,253725.84
2024-06-10,PC_LOTION,Personal Care,Central,1483,175.07,0,0.0,259631.18
2024-06-17,PC_LOTION,Personal Care,Central,1167,178.48,0,0.0,208286.32
2024-06-24,PC_LOTION,Personal Care,Central,1672,182.29,0,0.0,304796.75
2024-07-01,PC_LOTION,Personal Care,Central,1091,185.67,0,0.0,202563.78
2024-07-08,PC_LOTION,Personal Care,Central,1128,187.68,0,0.0,211703.86
2024-07-15,PC_LOTION,Personal Care,Central,1434,170.5,0,0.0,244503.75
2024-07-22,PC_LOTION,Personal Care,Central,869,184.05,0,0.0,159935.52
2024-07-29,PC_LOTION,Personal Care,Central,1189,174.29,0,0.0,207234.11
2024-08-05,PC_LOTION,Personal Care,Central,1146,177.21,0,0.0,203085.37
2024-08-12,PC_LOTION,Personal Care,Central,1106,180.29,0,0.0,199402.05
2024-08-19,PC_LOTION,Personal Care,Central,1114,180.24,0,0.0,200784.27
2024-08-26,PC_LOTION,Personal Care,Central,1138,178.89,0,0.0,203579.89
2024-09-02,PC_LOTION,Personal Care,Central,1085,185.92,0,0.0,201718.71
2024-09-09,PC_LOTION,Personal Care,Central,1102,179.46,0,0.0,197766.29
2024-09-16,PC_LOTION,Personal Care,Central,1410,170.56,0,0.0,240484.95
2024-09-23,PC_LOTION,Personal Care,Central,952,193.34,0,0.0,184059.72
2024-09-30,PC_LOTION,Personal Care,Central,1412,175.79,0,0.0,248211.43
2024-10-07,PC_LOTION,Personal Care,Central,1472,190.97,0,0.0,281113.74
2024-10-14,PC_LOTION,Personal Care,Central,1735,173.9,0,0.0,301724.78
2024-10-21,PC_LOTION,Personal Care,Central,1455,184.97,0,0.0,269127.04
2024-10-28,PC_LOTION,Personal Care,Central,1370,182.0,0,0.0,249334.28
2024-11-04,PC_LOTION,Personal Care,Central,1549,184.81,0,0.0,286277.58
2024-11-11,PC_LOTION,Personal Care,Central,1654,185.9,0,0.0,307482.21
2024-11-18,PC_LOTION,Personal Care,Central,1551,179.69,0,0.0,278700.95
2024-11-25,PC_LOTION,Personal Care,Central,1477,179.64,0,0.0,265334.12
2024-12-02,PC_LOTION,Personal Care,Central,1208,177.72,0,0.0,214689.2
2024-12-09,PC_LOTION,Personal Care,Central,1319,185.07,0,0.0,244103.67
2024-12-16,PC_LOTION,Personal Care,Central,1278,180.94,0,0.0,231247.61
2024-12-23,PC_LOTION,Personal Care,Central,1447,181.79,0,0.0,263053.43
2023-01-02,HC_DISH,Home Care,North,2410,141.79,0,0.0,341715.6
2023-01-09,HC_DISH,Home Care,North,2508,150.37,0,0.0,377130.13
2023-01-16,HC_DISH,Home Care,North,2841,133.73,0,0.0,379929.12
2023-01-23,HC_DISH,Home Care,North,2440,138.98,0,0.0,339116.31
2023-01-30,HC_DISH,Home Care,North,2081,151.88,0,0.0,316056.97
2023-02-06,HC_DISH,Home Care,North,2860,151.63,0,0.0,433665.7
2023-02-13,HC_DISH,Home Care,North,2799,141.23,0,0.0,395310.64
2023-02-20,HC_DISH,Home Care,North,2770,143.29,0,0.0,396925.51
2023-02-27,HC_DISH,Home Care,North,2015,157.58,0,0.0,317523.85
2023-03-06,HC_DISH,Home Care,North,2932,152.61,0,0.0,447441.28
2023-03-13,HC_DISH,Home Care,North,3162,149.51,0,0.0,472740.73
2023-03-20,HC_DISH,Home Care,North,2607,147.74,0,0.0,385164.94
2023-03-27,HC_DISH,Home Care,North,2781,150.3,0,0.0,417994.5
2023-04-03,HC_DISH,Home Care,North,3120,140.04,0,0.0,436926.75
2023-04-10,HC_DISH,Home Care,North,2974,142.65,0,0.0,424237.39
2023-04-17,HC_DISH,Home Care,North,2716,151.06,0,0.0,410275.53
2023-04-24,HC_DISH,Home Care,North,2988,146.32,0,0.0,437201.07
2023-05-01,HC_DISH,Home Care,North,2959,156.89,0,0.0,464230.01
2023-05-08,HC_DISH,Home Care,North,3165,152.11,0,0.0,481415.7
2023-05-15,HC_DISH,Home Care,North,3362,141.36,0,0.0,475265.13
2023-05-22,HC_DISH,Home Care,North,3189,148.76,0,0.0,474410.3
2023-05-29,HC_DISH,Home Care,North,3912,139.66,0,0.0,546360.2
2023-06-05,HC_DISH,Home Care,North,2794,154.36,0,0.0,431282.71
2023-06-12,HC_DISH,Home Care,North,3646,143.03,0,0.0,521478.29
2023-06-19,HC_DISH,Home Care,North,3387,145.44,0,0.0,492616.54
2023-06-26,HC_DISH,Home Care,North,2434,155.22,0,0.0,377815.53
2023-07-03,HC_DISH,Home Care,North,2823,144.21,0,0.0,407100.26
2023-07-10,HC_DISH,Home Care,North,2891,147.51,0,0.0,426457.63
2023-07-17,HC_DISH,Home Care,North,3072,140.24,0,0.0,430813.91
2023-07-24,HC_DISH,Home Care,North,3045,144.71,0,0.0,440642.32
2023-07-31,HC_DISH,Home Care,North,2598,149.24,0,0.0,387728.77
2023-08-07,HC_DISH,Home Care,North,3269,146.32,0,0.0,478306.96
2023-08-14,HC_DISH,Home Care,North,3120,145.62,0,0.0,454333.58
2023-08-21,HC_DISH,Home Care,North,2841,143.47,0,0.0,407604.94
2023-08-28,HC_DISH,Home Care,North,3190,141.43,0,0.0,451160.88
2023-09-04,HC_DISH,Home Care,North,3509,149.32,0,0.0,523963.52
2023-09-11,HC_DISH,Home Care,North,3259,144.58,0,0.0,471200.22
2023-09-18,HC_DISH,Home Care,North,3849,151.08,0,0.0,581503.32
2023-09-25,HC_DISH,Home Care,North,3097,162.55,0,0.0,503417.43
2023-10-02,HC_DISH,Home Care,North,3405,147.34,0,0.0,501693.96
2023-10-09,HC_DISH,Home Care,North,6970,123.66,1,0.18,861900.5
2023-10-16,HC_DISH,Home Care,North,8421,115.5,1,0.18,972600.41
2023-10-23,HC_DISH,Home Care,North,6721,124.3,1,0.18,835391.52
2023-10-30,HC_DISH,Home Care,North,3563,152.38,0,0.0,542932.46
2023-11-06,HC_DISH,Home Care,North,2981,154.79,0,0.0,461417.55
2023-11-13,HC_DISH,Home Care,North,2945,149.13,0,0.0,439180.08
2023-11-20,HC_DISH,Home Care,North,3042,143.45,0,0.0,436371.11
2023-11-27,HC_DISH,Home Care,North,3493,141.27,0,0.0,493468.59
2023-12-04,HC_DISH,Home Care,North,2575,146.55,0,0.0,377372.5
2023-12-11,HC_DISH,Home Care,North,3100,147.86,0,0.0,458356.01
2023-12-18,HC_DISH,Home Care,North,2814,146.47,0,0.0,412175.49
2023-12-25,HC_DISH,Home Care,North,2428,144.1,0,0.0,349886.31
2024-01-01,HC_DISH,Home Care,North,2529,152.12,0,0.0,384706.01
2024-01-08,HC_DISH,Home Care,North,2845,150.84,0,0.0,429153.8
2024-01-15,HC_DISH,Home Care,North,2710,154.37,0,0.0,418349.64
2024-01-22,HC_DISH,Home Care,North,2792,156.02,0,0.0,435620.82
2024-01-29,HC_DISH,Home Care,North,3251,144.15,0,0.0,468618.47
2024-02-05,HC_DISH,Home Care,North,2794,145.2,0,0.0,405677.62
2024-02-12,HC_DISH,Home Care,North,2820,145.1,0,0.0,409168.33
2024-02-19,HC_DISH,Home Care,North,2739,149.78,0,0.0,410242.39
2024-02-26,HC_DISH,Home Care,North,2333,142.79,0,0.0,333135.9
2024-03-04,HC_DISH,Home Care,North,2704,153.2,0,0.0,414241.74
2024-03-11,HC_DISH,Home Care,North,2768,143.67,0,0.0,397684.89
2024-03-18,HC_DISH,Home Care,North,3110,153.39,0,0.0,477032.84
2024-03-25,HC_DISH,Home Care,North,2703,153.83,0,0.0,415808.5
2024-04-01,HC_DISH,Home Care,North,3867,145.51,0,0.0,562675.49
2024-04-08,HC_DISH,Home Care,North,3700,149.35,0,0.0,552608.34
2024-04-15,HC_DISH,Home Care,North,3220,147.47,0,0.0,474853.57
2024-04-22,HC_DISH,Home Care,North,3366,145.67,0,0.0,490310.66
2024-04-29,HC_DISH,Home Care,North,3004,149.76,0,0.0,449888.98
2024-05-06,HC_DISH,Home Care,North,3055,152.44,0,0.0,465696.58
2024-05-13,HC_DISH,Home Care,North,2752,143.44,0,0.0,394741.49
2024-05-20,HC_DISH,Home Care,North,3235,147.98,0,0.0,478721.31
2024-05-27,HC_DISH,Home Care,North,3162,157.56,0,0.0,498209.53
2024-06-03,HC_DISH,Home Care,North,3179,142.63,0,0.0,453409.61
2024-06-10,HC_DISH,Home Care,North,3370,145.87,0,0.0,491577.57
2024-06-17,HC_DISH,Home Care,North,2942,154.17,0,0.0,453574.42
2024-06-24,HC_DISH,Home Care,North,3409,142.88,0,0.0,487080.77
2024-07-01,HC_DISH,Home Care,North,3295,149.0,0,0.0,490940.36
2024-07-08,HC_DISH,Home Care,North,3758,140.17,0,0.0,526742.38
2024-07-15,HC_DISH,Home Care,North,2505,147.8,0,0.0,370230.37
2024-07-22,HC_DISH,Home Care,North,3504,143.22,0,0.0,501848.6
2024-07-29,HC_DISH,Home Care,North,2814,155.53,0,0.0,437654.01
2024-08-05,HC_DISH,Home Care,North,2774,158.54,0,0.0,439784.66
2024-08-12,HC_DISH,Home Care,North,7198,117.1,1,0.18,842876.79
2024-08-19,HC_DISH,Home Care,North,6684,121.85,1,0.18,814476.34
2024-08-26,HC_DISH,Home Care,North,6159,118.74,1,0.18,731307.21
2024-09-02,HC_DISH,Home Care,North,3132,158.75,0,0.0,497210.33
2024-09-09,HC_DISH,Home Care,North,3608,140.91,0,0.0,508403.46
2024-09-16,HC_DISH,Home Care,North,4151,143.95,0,0.0,597534.52
2024-09-23,HC_DISH,Home Care,North,3490,138.16,0,0.0,482164.43
2024-09-30,HC_DISH,Home Care,North,4393,140.85,0,0.0,618752.9
2024-10-07,HC_DISH,Home Care,North,3569,149.18,0,0.0,532424.98
2024-10-14,HC_DISH,Home Care,North,3418,149.86,0,0.0,512213.75
2024-10-21,HC_DISH,Home Care,North,3599,151.7,0,0.0,545971.64
2024-10-28,HC_DISH,Home Care,North,3835,148.2,0,0.0,568352.34
2024-11-04,HC_DISH,Home Care,North,2857,146.49,0,0.0,418512.1
2024-11-11,HC_DISH,Home Care,North,3736,137.53,0,0.0,513819.68
2024-11-18,HC_DISH,Home Care,North,3378,140.83,0,0.0,475734.03
2024-11-25,HC_DISH,Home Care,North,2521,151.86,0,0.0,382827.82
2024-12-02,HC_DISH,Home Care,North,2837,146.45,0,0.0,415478.73
2024-12-09,HC_DISH,Home Care,North,3107,146.46,0,0.0,455059.48
2024-12-16,HC_DISH,Home Care,North,2571,145.44,0,0.0,373931.23
2024-12-23,HC_DISH,Home Care,North,3027,142.13,0,0.0,430232.45
