powerbi/fact_sales.csv
date,sku,category,region,units,price,promo_flag,discount_depth,revenue
2023-01-02,HC_DISH,Home Care,South,2910,139.54,0,0.0,406065.81
2023-01-09,HC_DISH,Home Care,South,2683,140.18,0,0.0,376098.2
2023-01-16,HC_DISH,Home Care,South,2296,151.26,0,0.0,347293.69
2023-01-23,HC_DISH,Home Care,South,2630,135.75,0,0.0,357027.34
2023-01-30,HC_DISH,Home Care,South,2686,139.75,0,0.0,375365.59
2023-02-06,HC_DISH,Home Care,South,2854,141.74,0,0.0,404516.74
2023-02-13,HC_DISH,Home Care,South,2601,143.71,0,0.0,373788.9
2023-02-20,HC_DISH,Home Care,South,2784,143.87,0,0.0,400522.45
2023-02-27,HC_DISH,Home Care,South,2798,141.49,0,0.0,395882.71
2023-03-06,HC_DISH,Home Care,South,3033,137.25,0,0.0,416283.95
2023-03-13,HC_DISH,Home Care,South,2968,139.72,0,0.0,414691.84
2023-03-20,HC_DISH,Home Care,South,2696,137.72,0,0.0,371300.06
2023-03-27,HC_DISH,Home Care,South,3213,133.27,0,0.0,428203.98
2023-04-03,HC_DISH,Home Care,South,2398,140.2,0,0.0,336211.27
2023-04-10,HC_DISH,Home Care,South,1981,150.74,0,0.0,298606.61
2023-04-17,HC_DISH,Home Care,South,2290,150.99,0,0.0,345765.56
2023-04-24,HC_DISH,Home Care,South,3200,142.57,0,0.0,456208.09
2023-05-01,HC_DISH,Home Care,South,3424,131.42,0,0.0,449983.48
2023-05-08,HC_DISH,Home Care,South,2979,151.05,0,0.0,449963.45
2023-05-15,HC_DISH,Home Care,South,3070,142.75,0,0.0,438230.24
2023-05-22,HC_DISH,Home Care,South,2756,141.54,0,0.0,390083.14
2023-05-29,HC_DISH,Home Care,South,3345,142.23,0,0.0,475745.91
2023-06-05,HC_DISH,Home Care,South,3157,143.07,0,0.0,451673.4
2023-06-12,HC_DISH,Home Care,South,2587,151.19,0,0.0,391129.24
2023-06-19,HC_DISH,Home Care,South,2447,137.14,0,0.0,335580.3
2023-06-26,HC_DISH,Home Care,South,2501,143.09,0,0.0,357878.26
2023-07-03,HC_DISH,Home Care,South,2474,142.95,0,0.0,353651.53
2023-07-10,HC_DISH,Home Care,South,2978,148.06,0,0.0,440919.5
2023-07-17,HC_DISH,Home Care,South,2911,138.83,0,0.0,404126.02
2023-07-24,HC_DISH,Home Care,South,2497,143.15,0,0.0,357457.37
2023-07-31,HC_DISH,Home Care,South,2655,138.87,0,0.0,368695.85
2023-08-07,HC_DISH,Home Care,South,2823,143.23,0,0.0,404347.69
2023-08-14,HC_DISH,Home Care,South,2367,144.21,0,0.0,341345.9
2023-08-21,HC_DISH,Home Care,South,2945,131.49,0,0.0,387250.92
2023-08-28,HC_DISH,Home Care,South,2303,152.1,0,0.0,350285.88
2023-09-04,HC_DISH,Home Care,South,4112,135.45,0,0.0,556973.84
2023-09-11,HC_DISH,Home Care,South,3007,147.25,0,0.0,442770.96
2023-09-18,HC_DISH,Home Care,South,3773,134.65,0,0.0,508039.16
2023-09-25,HC_DISH,Home Care,South,3392,139.84,0,0.0,474351.0
2023-10-02,HC_DISH,Home Care,South,3271,137.46,0,0.0,449627.38
2023-10-09,HC_DISH,Home Care,South,6584,108.55,1,0.18,714669.65
2023-10-16,HC_DISH,Home Care,South,6209,113.66,1,0.18,705714.51
2023-10-23,HC_DISH,Home Care,South,6116,120.47,1,0.18,736806.12
2023-10-30,HC_DISH,Home Care,South,2844,143.07,0,0.0,406901.03
2023-11-06,HC_DISH,Home Care,South,2984,147.75,0,0.0,440899.68
2023-11-13,HC_DISH,Home Care,South,3567,139.1,0,0.0,496158.49
2023-11-20,HC_DISH,Home Care,South,2782,139.34,0,0.0,387635.21
2023-11-27,HC_DISH,Home Care,South,2984,135.96,0,0.0,405702.06
2023-12-04,HC_DISH,Home Care,South,2867,138.29,0,0.0,396482.88
2023-12-11,HC_DISH,Home Care,South,3007,141.86,0,0.0,426583.48
2023-12-18,HC_DISH,Home Care,South,2999,138.49,0,0.0,415344.75
2023-12-25,HC_DISH,Home Care,South,2763,143.36,0,0.0,396092.28
2024-01-01,HC_DISH,Home Care,South,2634,139.95,0,0.0,368638.69
2024-01-08,HC_DISH,Home Care,South,2292,142.54,0,0.0,326707.96
2024-01-15,HC_DISH,Home Care,South,2406,139.49,0,0.0,335619.86
2024-01-22,HC_DISH,Home Care,South,2727,145.84,0,0.0,397708.08
2024-01-29,HC_DISH,Home Care,South,2442,135.59,0,0.0,331103.16
2024-02-05,HC_DISH,Home Care,South,3323,136.09,0,0.0,452243.18
2024-02-12,HC_DISH,Home Care,South,2733,136.09,0,0.0,371941.99
2024-02-19,HC_DISH,Home Care,South,3119,140.78,0,0.0,439091.91
2024-02-26,HC_DISH,Home Care,South,2505,146.16,0,0.0,366120.4
2024-03-04,HC_DISH,Home Care,South,2200,154.1,0,0.0,339016.06
2024-03-11,HC_DISH,Home Care,South,3126,139.05,0,0.0,434663.73
2024-03-18,HC_DISH,Home Care,South,3137,141.81,0,0.0,444858.77
2024-03-25,HC_DISH,Home Care,South,3081,145.93,0,0.0,449601.61
2024-04-01,HC_DISH,Home Care,South,2610,152.46,0,0.0,397920.04
2024-04-08,HC_DISH,Home Care,South,3371,136.0,0,0.0,458462.58
2024-04-15,HC_DISH,Home Care,South,2900,149.21,0,0.0,432699.2
2024-04-22,HC_DISH,Home Care,South,2509,146.9,0,0.0,368582.25
2024-04-29,HC_DISH,Home Care,South,3399,142.39,0,0.0,483967.61
2024-05-06,HC_DISH,Home Care,South,3686,140.22,0,0.0,516851.11
2024-05-13,HC_DISH,Home Care,South,3238,143.88,0,0.0,465896.66
2024-05-20,HC_DISH,Home Care,South,2748,148.43,0,0.0,407898.66
